../Core/Src/nRF24/nRF24.c:52:13:nRF24_SendSpi	0	static
../Core/Src/nRF24/nRF24.c:91:13:nRF24_WriteRegister	16	static
../Core/Src/nRF24/nRF24.c:105:13:nRF24_WriteRegisters	24	static
../Core/Src/nRF24/nRF24.c:65:16:nRF24_ReadRegister	24	static
../Core/Src/nRF24/nRF24.c:79:13:nRF24_ReadRegisters	24	static
../Core/Src/nRF24/nRF24.c:158:9:nRF24_ReadConfig	0	static
../Core/Src/nRF24/nRF24.c:163:6:nRF24_WriteConfig	0	static
../Core/Src/nRF24/nRF24.c:168:6:nRF24_SetPALevel	8	static
../Core/Src/nRF24/nRF24.c:176:6:nRF24_SetDataRate	8	static
../Core/Src/nRF24/nRF24.c:187:9:nRF24_ReadStatus	0	static
../Core/Src/nRF24/nRF24.c:192:6:nRF24_WriteStatus	0	static
../Core/Src/nRF24/nRF24.c:201:9:nRF24_ReadFifoStatus	0	static
../Core/Src/nRF24/nRF24.c:206:6:nRF24_WriteFifoStatus	0	static
../Core/Src/nRF24/nRF24.c:211:9:nRF24_IsBitSetInFifoStatus	8	static
../Core/Src/nRF24/nRF24.c:225:9:nRF24_IsTxReuse	0	static
../Core/Src/nRF24/nRF24.c:230:9:nRF24_IsTxFull	0	static
../Core/Src/nRF24/nRF24.c:235:9:nRF24_IsTxEmpty	0	static
../Core/Src/nRF24/nRF24.c:240:9:nRF24_IsRxFull	0	static
../Core/Src/nRF24/nRF24.c:245:9:nRF24_IsRxEmpty	0	static
../Core/Src/nRF24/nRF24.c:250:6:nRF24_FlushRX	16	static
../Core/Src/nRF24/nRF24.c:259:6:nRF24_FlushTX	16	static
../Core/Src/nRF24/nRF24.c:138:6:nRF24_TX_Mode	8	static
../Core/Src/nRF24/nRF24.c:268:6:nRF24_EnableCRC	8	static
../Core/Src/nRF24/nRF24.c:279:6:nRF24_SetCRCLength	8	static
../Core/Src/nRF24/nRF24.c:289:6:nRF24_SetRetries	0	static
../Core/Src/nRF24/nRF24.c:295:6:nRF24_SetRFChannel	0	static
../Core/Src/nRF24/nRF24.c:300:6:nRF24_SetPayloadSize	0	static
../Core/Src/nRF24/nRF24.c:307:6:nRF24_EnablePipe	16	static
../Core/Src/nRF24/nRF24.c:319:6:nRF24_AutoACK	16	static
../Core/Src/nRF24/nRF24.c:331:6:nRF24_SetAddressWidth	0	static
../Core/Src/nRF24/nRF24.c:340:6:nRF24_SetRXAddress	16	static
../Core/Src/nRF24/nRF24.c:117:6:nRF24_RX_Mode	8	static
../Core/Src/nRF24/nRF24.c:357:6:nRF24_SetTXAddress	16	static
../Core/Src/nRF24/nRF24.c:375:6:nRF24_ClearInterrupts	8	static
../Core/Src/nRF24/nRF24.c:382:9:nRF24_GetDynamicPayloadSize	8	static
../Core/Src/nRF24/nRF24.c:397:6:nRF24_EnableRXDataReadyIRQ	8	static
../Core/Src/nRF24/nRF24.c:409:6:nRF24_EnableTXDataSentIRQ	8	static
../Core/Src/nRF24/nRF24.c:421:6:nRF24_EnableMaxRetransmitIRQ	8	static
../Core/Src/nRF24/nRF24.c:433:6:nRF24_WriteTXPayload	0	static
../Core/Src/nRF24/nRF24.c:442:6:nRF24_WaitTX	8	static
../Core/Src/nRF24/nRF24.c:455:6:nRF24_ReadRXPaylaod	16	static
../Core/Src/nRF24/nRF24.c:470:17:nRF24_SendPacket	8	static
../Core/Src/nRF24/nRF24.c:484:9:nRF24_IsSomtehingToRead	8	static
../Core/Src/nRF24/nRF24.c:489:9:nRF24_IsSomtehingToSend	8	static
../Core/Src/nRF24/nRF24.c:495:9:nRF24_RXAvailable	0	static
../Core/Src/nRF24/nRF24.c:521:17:nRF24_ReceivePacket	8	static
../Core/Src/nRF24/nRF24.c:536:17:nRF24_SendData	16	static
../Core/Src/nRF24/nRF24.c:559:6:nRF24_CheckTXAndSend	48	static
../Core/Src/nRF24/nRF24.c:589:6:nRF24_ReceiveData	56	static
../Core/Src/nRF24/nRF24.c:611:17:nRF24_ReadData	24	static
../Core/Src/nRF24/nRF24.c:655:6:nRF24_IRQ_Handler	0	static
../Core/Src/nRF24/nRF24.c:661:6:nRF24_IRQ_Read	16	static
../Core/Src/nRF24/nRF24.c:697:13:nRF24_EventRxCallback	0	static
../Core/Src/nRF24/nRF24.c:702:13:nRF24_EventTxCallback	0	static
../Core/Src/nRF24/nRF24.c:708:13:nRF24_EventMrCallback	0	static
../Core/Src/nRF24/nRF24.c:713:6:nRF24_Event	8	static
../Core/Src/nRF24/nRF24.c:753:6:nRF24_Init	8	static
