Archive member included to satisfy reference by file (symbol)

c:/st/stm32cubeide_1.6.1/stm32cubeide/plugins/com.st.stm32cube.ide.mcu.externaltools.gnu-tools-for-stm32.10.3-2021.10.win32_1.0.0.202111181127/tools/bin/../lib/gcc/arm-none-eabi/10.3.1/../../../../arm-none-eabi/lib/thumb/v7e-m+fp/hard\libc_nano.a(lib_a-atoi.o)
                              ./Core/Src/main.o (atoi)
c:/st/stm32cubeide_1.6.1/stm32cubeide/plugins/com.st.stm32cube.ide.mcu.externaltools.gnu-tools-for-stm32.10.3-2021.10.win32_1.0.0.202111181127/tools/bin/../lib/gcc/arm-none-eabi/10.3.1/../../../../arm-none-eabi/lib/thumb/v7e-m+fp/hard\libc_nano.a(lib_a-errno.o)
                              ./Core/Src/syscalls.o (__errno)
c:/st/stm32cubeide_1.6.1/stm32cubeide/plugins/com.st.stm32cube.ide.mcu.externaltools.gnu-tools-for-stm32.10.3-2021.10.win32_1.0.0.202111181127/tools/bin/../lib/gcc/arm-none-eabi/10.3.1/../../../../arm-none-eabi/lib/thumb/v7e-m+fp/hard\libc_nano.a(lib_a-exit.o)
                              c:/st/stm32cubeide_1.6.1/stm32cubeide/plugins/com.st.stm32cube.ide.mcu.externaltools.gnu-tools-for-stm32.10.3-2021.10.win32_1.0.0.202111181127/tools/bin/../lib/gcc/arm-none-eabi/10.3.1/../../../../arm-none-eabi/lib/thumb/v7e-m+fp/hard/crt0.o (exit)
c:/st/stm32cubeide_1.6.1/stm32cubeide/plugins/com.st.stm32cube.ide.mcu.externaltools.gnu-tools-for-stm32.10.3-2021.10.win32_1.0.0.202111181127/tools/bin/../lib/gcc/arm-none-eabi/10.3.1/../../../../arm-none-eabi/lib/thumb/v7e-m+fp/hard\libc_nano.a(lib_a-fclose.o)
                              ./hagl/src/hagl.o (fclose)
c:/st/stm32cubeide_1.6.1/stm32cubeide/plugins/com.st.stm32cube.ide.mcu.externaltools.gnu-tools-for-stm32.10.3-2021.10.win32_1.0.0.202111181127/tools/bin/../lib/gcc/arm-none-eabi/10.3.1/../../../../arm-none-eabi/lib/thumb/v7e-m+fp/hard\libc_nano.a(lib_a-fflush.o)
                              c:/st/stm32cubeide_1.6.1/stm32cubeide/plugins/com.st.stm32cube.ide.mcu.externaltools.gnu-tools-for-stm32.10.3-2021.10.win32_1.0.0.202111181127/tools/bin/../lib/gcc/arm-none-eabi/10.3.1/../../../../arm-none-eabi/lib/thumb/v7e-m+fp/hard\libc_nano.a(lib_a-fclose.o) (__sflush_r)
c:/st/stm32cubeide_1.6.1/stm32cubeide/plugins/com.st.stm32cube.ide.mcu.externaltools.gnu-tools-for-stm32.10.3-2021.10.win32_1.0.0.202111181127/tools/bin/../lib/gcc/arm-none-eabi/10.3.1/../../../../arm-none-eabi/lib/thumb/v7e-m+fp/hard\libc_nano.a(lib_a-findfp.o)
                              c:/st/stm32cubeide_1.6.1/stm32cubeide/plugins/com.st.stm32cube.ide.mcu.externaltools.gnu-tools-for-stm32.10.3-2021.10.win32_1.0.0.202111181127/tools/bin/../lib/gcc/arm-none-eabi/10.3.1/../../../../arm-none-eabi/lib/thumb/v7e-m+fp/hard\libc_nano.a(lib_a-fclose.o) (__sfp_lock_acquire)
c:/st/stm32cubeide_1.6.1/stm32cubeide/plugins/com.st.stm32cube.ide.mcu.externaltools.gnu-tools-for-stm32.10.3-2021.10.win32_1.0.0.202111181127/tools/bin/../lib/gcc/arm-none-eabi/10.3.1/../../../../arm-none-eabi/lib/thumb/v7e-m+fp/hard\libc_nano.a(lib_a-fopen.o)
                              ./hagl/src/hagl.o (fopen)
c:/st/stm32cubeide_1.6.1/stm32cubeide/plugins/com.st.stm32cube.ide.mcu.externaltools.gnu-tools-for-stm32.10.3-2021.10.win32_1.0.0.202111181127/tools/bin/../lib/gcc/arm-none-eabi/10.3.1/../../../../arm-none-eabi/lib/thumb/v7e-m+fp/hard\libc_nano.a(lib_a-fread.o)
                              ./hagl/src/hagl.o (fread)
c:/st/stm32cubeide_1.6.1/stm32cubeide/plugins/com.st.stm32cube.ide.mcu.externaltools.gnu-tools-for-stm32.10.3-2021.10.win32_1.0.0.202111181127/tools/bin/../lib/gcc/arm-none-eabi/10.3.1/../../../../arm-none-eabi/lib/thumb/v7e-m+fp/hard\libc_nano.a(lib_a-fseek.o)
                              c:/st/stm32cubeide_1.6.1/stm32cubeide/plugins/com.st.stm32cube.ide.mcu.externaltools.gnu-tools-for-stm32.10.3-2021.10.win32_1.0.0.202111181127/tools/bin/../lib/gcc/arm-none-eabi/10.3.1/../../../../arm-none-eabi/lib/thumb/v7e-m+fp/hard\libc_nano.a(lib_a-fopen.o) (_fseek_r)
c:/st/stm32cubeide_1.6.1/stm32cubeide/plugins/com.st.stm32cube.ide.mcu.externaltools.gnu-tools-for-stm32.10.3-2021.10.win32_1.0.0.202111181127/tools/bin/../lib/gcc/arm-none-eabi/10.3.1/../../../../arm-none-eabi/lib/thumb/v7e-m+fp/hard\libc_nano.a(lib_a-fseeko.o)
                              c:/st/stm32cubeide_1.6.1/stm32cubeide/plugins/com.st.stm32cube.ide.mcu.externaltools.gnu-tools-for-stm32.10.3-2021.10.win32_1.0.0.202111181127/tools/bin/../lib/gcc/arm-none-eabi/10.3.1/../../../../arm-none-eabi/lib/thumb/v7e-m+fp/hard\libc_nano.a(lib_a-fseek.o) (_fseeko_r)
c:/st/stm32cubeide_1.6.1/stm32cubeide/plugins/com.st.stm32cube.ide.mcu.externaltools.gnu-tools-for-stm32.10.3-2021.10.win32_1.0.0.202111181127/tools/bin/../lib/gcc/arm-none-eabi/10.3.1/../../../../arm-none-eabi/lib/thumb/v7e-m+fp/hard\libc_nano.a(lib_a-fwalk.o)
[...]
Memory Configuration

Name             Origin             Length             Attributes
RAM              0x0000000020000000 0x0000000000018000 xrw
RAM2             0x0000000010000000 0x0000000000008000 xrw
FLASH            0x0000000008000000 0x0000000000100000 xr
*default*        0x0000000000000000 0xffffffffffffffff

Linker script and memory map

LOAD c:/st/stm32cubeide_1.6.1/stm32cubeide/plugins/com.st.stm32cube.ide.mcu.externaltools.gnu-tools-for-stm32.10.3-2021.10.win32_1.0.0.202111181127/tools/bin/../lib/gcc/arm-none-eabi/10.3.1/thumb/v7e-m+fp/hard/crti.o
LOAD c:/st/stm32cubeide_1.6.1/stm32cubeide/plugins/com.st.stm32cube.ide.mcu.externaltools.gnu-tools-for-stm32.10.3-2021.10.win32_1.0.0.202111181127/tools/bin/../lib/gcc/arm-none-eabi/10.3.1/thumb/v7e-m+fp/hard/crtbegin.o
LOAD c:/st/stm32cubeide_1.6.1/stm32cubeide/plugins/com.st.stm32cube.ide.mcu.externaltools.gnu-tools-for-stm32.10.3-2021.10.win32_1.0.0.202111181127/tools/bin/../lib/gcc/arm-none-eabi/10.3.1/../../../../arm-none-eabi/lib/thumb/v7e-m+fp/hard/crt0.o
LOAD ./Core/Src/adc.o
LOAD ./Core/Src/dma.o
LOAD ./Core/Src/gpio.o
LOAD ./Core/Src/gui.o
LOAD ./Core/Src/lcd.o
LOAD ./Core/Src/main.o
LOAD ./Core/Src/ring_buffer.o
LOAD ./Core/Src/spi.o
LOAD ./Core/Src/stm32l4xx_hal_msp.o
LOAD ./Core/Src/stm32l4xx_it.o
LOAD ./Core/Src/syscalls.o
LOAD ./Core/Src/sysmem.o
LOAD ./Core/Src/system_stm32l4xx.o
LOAD ./Core/Src/tim.o
LOAD ./Core/Src/transmitter.o
LOAD ./Core/Src/uart_usb_com.o
LOAD ./Core/Src/usart.o
LOAD ./Core/Src/nRF24/nRF24.o
LOAD ./Core/Startup/startup_stm32l476rgtx.o
LOAD ./Drivers/STM32L4xx_HAL_Driver/Src/stm32l4xx_hal.o
LOAD ./Drivers/STM32L4xx_HAL_Driver/Src/stm32l4xx_hal_adc.o
LOAD ./Drivers/STM32L4xx_HAL_Driver/Src/stm32l4xx_hal_adc_ex.o
LOAD ./Drivers/STM32L4xx_HAL_Driver/Src/stm32l4xx_hal_cortex.o
LOAD ./Drivers/STM32L4xx_HAL_Driver/Src/stm32l4xx_hal_dma.o
LOAD ./Drivers/STM32L4xx_HAL_Driver/Src/stm32l4xx_hal_dma_ex.o
LOAD ./Drivers/STM32L4xx_HAL_Driver/Src/stm32l4xx_hal_exti.o
LOAD ./Drivers/STM32L4xx_HAL_Driver/Src/stm32l4xx_hal_flash.o
LOAD ./Drivers/STM32L4xx_HAL_Driver/Src/stm32l4xx_hal_flash_ex.o
LOAD ./Drivers/STM32L4xx_HAL_Driver/Src/stm32l4xx_hal_flash_ramfunc.o
LOAD ./Drivers/STM32L4xx_HAL_Driver/Src/stm32l4xx_hal_gpio.o
LOAD ./Drivers/STM32L4xx_HAL_Driver/Src/stm32l4xx_hal_i2c.o
LOAD ./Drivers/STM32L4xx_HAL_Driver/Src/stm32l4xx_hal_i2c_ex.o
LOAD ./Drivers/STM32L4xx_HAL_Driver/Src/stm32l4xx_hal_pwr.o
LOAD ./Drivers/STM32L4xx_HAL_Driver/Src/stm32l4xx_hal_pwr_ex.o
LOAD ./Drivers/STM32L4xx_HAL_Driver/Src/stm32l4xx_hal_rcc.o
LOAD ./Drivers/STM32L4xx_HAL_Driver/Src/stm32l4xx_hal_rcc_ex.o
LOAD ./Drivers/STM32L4xx_HAL_Driver/Src/stm32l4xx_hal_spi.o
LOAD ./Drivers/STM32L4xx_HAL_Driver/Src/stm32l4xx_hal_spi_ex.o
LOAD ./Drivers/STM32L4xx_HAL_Driver/Src/stm32l4xx_hal_tim.o
LOAD ./Drivers/STM32L4xx_HAL_Driver/Src/stm32l4xx_hal_tim_ex.o
LOAD ./Drivers/STM32L4xx_HAL_Driver/Src/stm32l4xx_hal_uart.o
LOAD ./Drivers/STM32L4xx_HAL_Driver/Src/stm32l4xx_hal_uart_ex.o
LOAD ./hagl/src/bitmap.o
LOAD ./hagl/src/clip.o
LOAD ./hagl/src/fontx.o
LOAD ./hagl/src/hagl.o
LOAD ./hagl/src/hsl.o
LOAD ./hagl/src/rgb565.o
LOAD ./hagl/src/rgb888.o
LOAD ./hagl/src/tjpgd.o
START GROUP
LOAD c:/st/stm32cubeide_1.6.1/stm32cubeide/plugins/com.st.stm32cube.ide.mcu.externaltools.gnu-tools-for-stm32.10.3-2021.10.win32_1.0.0.202111181127/tools/bin/../lib/gcc/arm-none-eabi/10.3.1/../../../../arm-none-eabi/lib/thumb/v7e-m+fp/hard\libc_nano.a
LOAD c:/st/stm32cubeide_1.6.1/stm32cubeide/plugins/com.st.stm32cube.ide.mcu.externaltools.gnu-tools-for-stm32.10.3-2021.10.win32_1.0.0.202111181127/tools/bin/../lib/gcc/arm-none-eabi/10.3.1/../../../../arm-none-eabi/lib/thumb/v7e-m+fp/hard\libm.a
END GROUP
START GROUP
LOAD c:/st/stm32cubeide_1.6.1/stm32cubeide/plugins/com.st.stm32cube.ide.mcu.externaltools.gnu-tools-for-stm32.10.3-2021.10.win32_1.0.0.202111181127/tools/bin/../lib/gcc/arm-none-eabi/10.3.1/thumb/v7e-m+fp/hard\libgcc.a
LOAD c:/st/stm32cubeide_1.6.1/stm32cubeide/plugins/com.st.stm32cube.ide.mcu.externaltools.gnu-tools-for-stm32.10.3-2021.10.win32_1.0.0.202111181127/tools/bin/../lib/gcc/arm-none-eabi/10.3.1/../../../../arm-none-eabi/lib/thumb/v7e-m+fp/hard\libc_nano.a
END GROUP
START GROUP
LOAD c:/st/stm32cubeide_1.6.1/stm32cubeide/plugins/com.st.stm32cube.ide.mcu.externaltools.gnu-tools-for-stm32.10.3-2021.10.win32_1.0.0.202111181127/tools/bin/../lib/gcc/arm-none-eabi/10.3.1/thumb/v7e-m+fp/hard\libgcc.a
LOAD c:/st/stm32cubeide_1.6.1/stm32cubeide/plugins/com.st.stm32cube.ide.mcu.externaltools.gnu-tools-for-stm32.10.3-2021.10.win32_1.0.0.202111181127/tools/bin/../lib/gcc/arm-none-eabi/10.3.1/../../../../arm-none-eabi/lib/thumb/v7e-m+fp/hard\libc_nano.a
LOAD c:/st/stm32cubeide_1.6.1/stm32cubeide/plugins/com.st.stm32cube.ide.mcu.externaltools.gnu-tools-for-stm32.10.3-2021.10.win32_1.0.0.202111181127/tools/bin/../lib/gcc/arm-none-eabi/10.3.1/../../../../arm-none-eabi/lib/thumb/v7e-m+fp/hard\libnosys.a
END GROUP
START GROUP
LOAD c:/st/stm32cubeide_1.6.1/stm32cubeide/plugins/com.st.stm32cube.ide.mcu.externaltools.gnu-tools-for-stm32.10.3-2021.10.win32_1.0.0.202111181127/tools/bin/../lib/gcc/arm-none-eabi/10.3.1/thumb/v7e-m+fp/hard\libgcc.a
LOAD c:/st/stm32cubeide_1.6.1/stm32cubeide/plugins/com.st.stm32cube.ide.mcu.externaltools.gnu-tools-for-stm32.10.3-2021.10.win32_1.0.0.202111181127/tools/bin/../lib/gcc/arm-none-eabi/10.3.1/../../../../arm-none-eabi/lib/thumb/v7e-m+fp/hard\libc_nano.a
LOAD c:/st/stm32cubeide_1.6.1/stm32cubeide/plugins/com.st.stm32cube.ide.mcu.externaltools.gnu-tools-for-stm32.10.3-2021.10.win32_1.0.0.202111181127/tools/bin/../lib/gcc/arm-none-eabi/10.3.1/../../../../arm-none-eabi/lib/thumb/v7e-m+fp/hard\libnosys.a
END GROUP
LOAD c:/st/stm32cubeide_1.6.1/stm32cubeide/plugins/com.st.stm32cube.ide.mcu.externaltools.gnu-tools-for-stm32.10.3-2021.10.win32_1.0.0.202111181127/tools/bin/../lib/gcc/arm-none-eabi/10.3.1/thumb/v7e-m+fp/hard/crtend.o
LOAD c:/st/stm32cubeide_1.6.1/stm32cubeide/plugins/com.st.stm32cube.ide.mcu.externaltools.gnu-tools-for-stm32.10.3-2021.10.win32_1.0.0.202111181127/tools/bin/../lib/gcc/arm-none-eabi/10.3.1/thumb/v7e-m+fp/hard/crtn.o
                0x0000000020018000                _estack = (ORIGIN (RAM) + LENGTH (RAM))
                0x0000000000000200                _Min_Heap_Size = 0x200
                0x0000000000002000                _Min_Stack_Size = 0x2000

.isr_vector     0x0000000008000000      0x188
                0x0000000008000000                . = ALIGN (0x4)
 *(.isr_vector)
 .isr_vector    0x0000000008000000      0x188 ./Core/Startup/startup_stm32l476rgtx.o
                0x0000000008000000                g_pfnVectors
                0x0000000008000188                . = ALIGN (0x4)

.text           0x0000000008000190     0x9828
                0x0000000008000190                . = ALIGN (0x4)
 *(.text)
 .text          0x0000000008000190       0x40 c:/st/stm32cubeide_1.6.1/stm32cubeide/plugins/com.st.stm32cube.ide.mcu.externaltools.gnu-tools-for-stm32.10.3-2021.10.win32_1.0.0.202111181127/tools/bin/../lib/gcc/arm-none-eabi/10.3.1/thumb/v7e-m+fp/hard/crtbegin.o
 .text          0x00000000080001d0       0x10 c:/st/stm32cubeide_1.6.1/stm32cubeide/plugins/com.st.stm32cube.ide.mcu.externaltools.gnu-tools-for-stm32.10.3-2021.10.win32_1.0.0.202111181127/tools/bin/../lib/gcc/arm-none-eabi/10.3.1/../../../../arm-none-eabi/lib/thumb/v7e-m+fp/hard\libc_nano.a(lib_a-strlen.o)
                0x00000000080001d0                strlen
 .text          0x00000000080001e0       0xa0 c:/st/stm32cubeide_1.6.1/stm32cubeide/plugins/com.st.stm32cube.ide.mcu.externaltools.gnu-tools-for-stm32.10.3-2021.10.win32_1.0.0.202111181127/tools/bin/../lib/gcc/arm-none-eabi/10.3.1/../../../../arm-none-eabi/lib/thumb/v7e-m+fp/hard\libc_nano.a(lib_a-memchr.o)
                0x00000000080001e0                memchr
 .text          0x0000000008000280      0x378 c:/st/stm32cubeide_1.6.1/stm32cubeide/plugins/com.st.stm32cube.ide.mcu.externaltools.gnu-tools-for-stm32.10.3-2021.10.win32_1.0.0.202111181127/tools/bin/../lib/gcc/arm-none-eabi/10.3.1/thumb/v7e-m+fp/hard\libgcc.a(_arm_addsubdf3.o)
                0x0000000008000280                __aeabi_drsub
                0x0000000008000288                __aeabi_dsub
                0x0000000008000288                __subdf3
                0x000000000800028c                __aeabi_dadd
                0x000000000800028c                __adddf3
                0x0000000008000504                __floatunsidf
                0x0000000008000504                __aeabi_ui2d
                0x0000000008000524                __floatsidf
                0x0000000008000524                __aeabi_i2d
                0x0000000008000548                __aeabi_f2d
                0x0000000008000548                __extendsfdf2
                0x000000000800058c                __floatundidf
                0x000000000800058c                __aeabi_ul2d
                0x000000000800059c                __floatdidf
                0x000000000800059c                __aeabi_l2d
 .text          0x00000000080005f8      0x424 c:/st/stm32cubeide_1.6.1/stm32cubeide/plugins/com.st.stm32cube.ide.mcu.externaltools.gnu-tools-for-stm32.10.3-2021.10.win32_1.0.0.202111181127/tools/bin/../lib/gcc/arm-none-eabi/10.3.1/thumb/v7e-m+fp/hard\libgcc.a(_arm_muldivdf3.o)
                0x00000000080005f8                __aeabi_dmul
                0x00000000080005f8                __muldf3
                0x000000000800084c                __divdf3
                0x000000000800084c                __aeabi_ddiv
 .text          0x0000000008000a1c      0x110 c:/st/stm32cubeide_1.6.1/stm32cubeide/plugins/com.st.stm32cube.ide.mcu.externaltools.gnu-tools-for-stm32.10.3-2021.10.win32_1.0.0.202111181127/tools/bin/../lib/gcc/arm-none-eabi/10.3.1/thumb/v7e-m+fp/hard\libgcc.a(_arm_cmpdf2.o)
                0x0000000008000a1c                __gtdf2
                0x0000000008000a1c                __gedf2
                0x0000000008000a24                __ltdf2
                0x0000000008000a24                __ledf2
                0x0000000008000a2c                __nedf2
                0x0000000008000a2c                __eqdf2
                0x0000000008000a2c                __cmpdf2
                0x0000000008000aa8                __aeabi_cdrcmple
                0x0000000008000ab8                __aeabi_cdcmpeq
                0x0000000008000ab8                __aeabi_cdcmple
                0x0000000008000ac8                __aeabi_dcmpeq
                0x0000000008000adc                __aeabi_dcmplt
                0x0000000008000af0                __aeabi_dcmple
                0x0000000008000b04                __aeabi_dcmpge
                0x0000000008000b18                __aeabi_dcmpgt
 .text          0x0000000008000b2c       0x2c c:/st/stm32cubeide_1.6.1/stm32cubeide/plugins/com.st.stm32cube.ide.mcu.externaltools.gnu-tools-for-stm32.10.3-2021.10.win32_1.0.0.202111181127/tools/bin/../lib/gcc/arm-none-eabi/10.3.1/thumb/v7e-m+fp/hard\libgcc.a(_arm_unorddf2.o)
                0x0000000008000b2c                __unorddf2
                0x0000000008000b2c                __aeabi_dcmpun
 .text          0x0000000008000b58       0x50 c:/st/stm32cubeide_1.6.1/stm32cubeide/plugins/com.st.stm32cube.ide.mcu.externaltools.gnu-tools-for-stm32.10.3-2021.10.win32_1.0.0.202111181127/tools/bin/../lib/gcc/arm-none-eabi/10.3.1/thumb/v7e-m+fp/hard\libgcc.a(_arm_fixdfsi.o)
                0x0000000008000b58                __aeabi_d2iz
                0x0000000008000b58                __fixdfsi
 .text          0x0000000008000ba8       0xa0 c:/st/stm32cubeide_1.6.1/stm32cubeide/plugins/com.st.stm32cube.ide.mcu.externaltools.gnu-tools-for-stm32.10.3-2021.10.win32_1.0.0.202111181127/tools/bin/../lib/gcc/arm-none-eabi/10.3.1/thumb/v7e-m+fp/hard\libgcc.a(_arm_truncdfsf2.o)
                0x0000000008000ba8                __truncdfsf2
                0x0000000008000ba8                __aeabi_d2f
 .text          0x0000000008000c48       0x30 c:/st/stm32cubeide_1.6.1/stm32cubeide/plugins/com.st.stm32cube.ide.mcu.externaltools.gnu-tools-for-stm32.10.3-2021.10.win32_1.0.0.202111181127/tools/bin/../lib/gcc/arm-none-eabi/10.3.1/thumb/v7e-m+fp/hard\libgcc.a(_aeabi_uldivmod.o)
                0x0000000008000c48                __aeabi_uldivmod
 .text          0x0000000008000c78      0x2d0 c:/st/stm32cubeide_1.6.1/stm32cubeide/plugins/com.st.stm32cube.ide.mcu.externaltools.gnu-tools-for-stm32.10.3-2021.10.win32_1.0.0.202111181127/tools/bin/../lib/gcc/arm-none-eabi/10.3.1/thumb/v7e-m+fp/hard\libgcc.a(_udivmoddi4.o)
                0x0000000008000c78                __udivmoddi4
 .text          0x0000000008000f48        0x4 c:/st/stm32cubeide_1.6.1/stm32cubeide/plugins/com.st.stm32cube.ide.mcu.externaltools.gnu-tools-for-stm32.10.3-2021.10.win32_1.0.0.202111181127/tools/bin/../lib/gcc/arm-none-eabi/10.3.1/thumb/v7e-m+fp/hard\libgcc.a(_dvmd_tls.o)
                0x0000000008000f48                __aeabi_idiv0
                0x0000000008000f48                __aeabi_ldiv0
 *(.text*)
 .text.MX_ADC1_Init
                0x0000000008000f4c       0xc4 ./Core/Src/adc.o
                0x0000000008000f4c                MX_ADC1_Init
 .text.HAL_ADC_MspInit
                0x0000000008001010       0xdc ./Core/Src/adc.o
                0x0000000008001010                HAL_ADC_MspInit
 .text.MX_DMA_Init
                0x00000000080010ec       0x30 ./Core/Src/dma.o
                0x00000000080010ec                MX_DMA_Init
 .text.MX_GPIO_Init
                0x000000000800111c      0x114 ./Core/Src/gpio.o
                0x000000000800111c                MX_GPIO_Init
 .text.display_float
                0x0000000008001230       0x50 ./Core/Src/gui.o
                0x0000000008001230                display_float
 .text.display_int
                0x0000000008001280       0x64 ./Core/Src/gui.o
                0x0000000008001280                display_int
 *fill*         0x00000000080012e4        0x4 
 .text.calc_current
                0x00000000080012e8       0x70 ./Core/Src/gui.o
                0x00000000080012e8                calc_current
 .text.render_screen
                0x0000000008001358       0x40 ./Core/Src/gui.o
                0x0000000008001358                render_screen
 .text.signal_lost
                0x0000000008001398       0x98 ./Core/Src/gui.o
                0x0000000008001398                signal_lost
 .text.display_params
                0x0000000008001430       0xd8 ./Core/Src/gui.o
                0x0000000008001430                display_params
 .text.lcd_data
                0x0000000008001508       0x48 ./Core/Src/lcd.o
 .text.lcd_data16
                0x0000000008001550       0x14 ./Core/Src/lcd.o
 .text.lcd_cmd  0x0000000008001564       0x48 ./Core/Src/lcd.o
 .text.lcd_put_pixel
                0x00000000080015ac       0x14 ./Core/Src/lcd.o
                0x00000000080015ac                lcd_put_pixel
 .text.lcd_copy
                0x00000000080015c0       0x60 ./Core/Src/lcd.o
                0x00000000080015c0                lcd_copy
 .text.lcd_transfer_done
                0x0000000008001620       0x10 ./Core/Src/lcd.o
                0x0000000008001620                lcd_transfer_done
 .text.lcd_is_busy
                0x0000000008001630       0x14 ./Core/Src/lcd.o
                0x0000000008001630                lcd_is_busy
 .text.lcd_init
                0x0000000008001644       0x64 ./Core/Src/lcd.o
                0x0000000008001644                lcd_init
 .text.MessegeHandle
                0x00000000080016a8       0x58 ./Core/Src/main.o
                0x00000000080016a8                MessegeHandle
 .text.nRF24_EventTxCallback
                0x0000000008001700       0x30 ./Core/Src/main.o
                0x0000000008001700                nRF24_EventTxCallback
 .text.nRF24_EventMrCallback
                0x0000000008001730       0x30 ./Core/Src/main.o
                0x0000000008001730                nRF24_EventMrCallback
 .text.nRF24_EventRxCallback
                0x0000000008001760       0x34 ./Core/Src/main.o
                0x0000000008001760                nRF24_EventRxCallback
 .text.HAL_SPI_TxCpltCallback
                0x0000000008001794       0x10 ./Core/Src/main.o
                0x0000000008001794                HAL_SPI_TxCpltCallback
 .text.HAL_TIM_PeriodElapsedCallback
                0x00000000080017a4       0x1c ./Core/Src/main.o
                0x00000000080017a4                HAL_TIM_PeriodElapsedCallback
 .text.SystemClock_Config
                0x00000000080017c0       0x76 ./Core/Src/main.o
                0x00000000080017c0                SystemClock_Config
 *fill*         0x0000000008001836        0x2 
 .text.startup.main
                0x0000000008001838      0x154 ./Core/Src/main.o
                0x0000000008001838                main
 .text.HAL_GPIO_EXTI_Callback
                0x000000000800198c       0x20 ./Core/Src/main.o
                0x000000000800198c                HAL_GPIO_EXTI_Callback
 .text.Error_Handler
                0x00000000080019ac        0x4 ./Core/Src/main.o
                0x00000000080019ac                Error_Handler
 .text.RB_CreateBuffer
                0x00000000080019b0       0x1a ./Core/Src/ring_buffer.o
                0x00000000080019b0                RB_CreateBuffer
 .text.RB_WriteToBuffer
                0x00000000080019ca       0x36 ./Core/Src/ring_buffer.o
                0x00000000080019ca                RB_WriteToBuffer
 .text.RB_ReadFromBuffer
                0x0000000008001a00       0x2e ./Core/Src/ring_buffer.o
                0x0000000008001a00                RB_ReadFromBuffer
 .text.RB_ElementsAvailable
                0x0000000008001a2e        0x4 ./Core/Src/ring_buffer.o
                0x0000000008001a2e                RB_ElementsAvailable
 *fill*         0x0000000008001a32        0x2 
 .text.MX_SPI1_Init
                0x0000000008001a34       0x50 ./Core/Src/spi.o
                0x0000000008001a34                MX_SPI1_Init
 .text.MX_SPI2_Init
                0x0000000008001a84       0x4c ./Core/Src/spi.o
                0x0000000008001a84                MX_SPI2_Init
 .text.HAL_SPI_MspInit
                0x0000000008001ad0      0x13c ./Core/Src/spi.o
                0x0000000008001ad0                HAL_SPI_MspInit
 .text.HAL_MspInit
                0x0000000008001c0c       0x30 ./Core/Src/stm32l4xx_hal_msp.o
                0x0000000008001c0c                HAL_MspInit
 .text.NMI_Handler
                0x0000000008001c3c        0x2 ./Core/Src/stm32l4xx_it.o
                0x0000000008001c3c                NMI_Handler
 .text.HardFault_Handler
                0x0000000008001c3e        0x2 ./Core/Src/stm32l4xx_it.o
                0x0000000008001c3e                HardFault_Handler
 .text.MemManage_Handler
                0x0000000008001c40        0x2 ./Core/Src/stm32l4xx_it.o
                0x0000000008001c40                MemManage_Handler
 .text.BusFault_Handler
                0x0000000008001c42        0x2 ./Core/Src/stm32l4xx_it.o
                0x0000000008001c42                BusFault_Handler
 .text.UsageFault_Handler
                0x0000000008001c44        0x2 ./Core/Src/stm32l4xx_it.o
                0x0000000008001c44                UsageFault_Handler
 .text.SVC_Handler
                0x0000000008001c46        0x2 ./Core/Src/stm32l4xx_it.o
                0x0000000008001c46                SVC_Handler
 .text.DebugMon_Handler
                0x0000000008001c48        0x2 ./Core/Src/stm32l4xx_it.o
                0x0000000008001c48                DebugMon_Handler
 .text.PendSV_Handler
                0x0000000008001c4a        0x2 ./Core/Src/stm32l4xx_it.o
                0x0000000008001c4a                PendSV_Handler
 .text.SysTick_Handler
                0x0000000008001c4c        0x4 ./Core/Src/stm32l4xx_it.o
                0x0000000008001c4c                SysTick_Handler
 .text.DMA1_Channel5_IRQHandler
                0x0000000008001c50        0xc ./Core/Src/stm32l4xx_it.o
                0x0000000008001c50                DMA1_Channel5_IRQHandler
 .text.EXTI9_5_IRQHandler
                0x0000000008001c5c        0x8 ./Core/Src/stm32l4xx_it.o
                0x0000000008001c5c                EXTI9_5_IRQHandler
 .text.TIM3_IRQHandler
                0x0000000008001c64        0xc ./Core/Src/stm32l4xx_it.o
                0x0000000008001c64                TIM3_IRQHandler
 .text.USART2_IRQHandler
                0x0000000008001c70        0xc ./Core/Src/stm32l4xx_it.o
                0x0000000008001c70                USART2_IRQHandler
 .text.EXTI15_10_IRQHandler
                0x0000000008001c7c        0x8 ./Core/Src/stm32l4xx_it.o
                0x0000000008001c7c                EXTI15_10_IRQHandler
 .text._getpid  0x0000000008001c84        0x4 ./Core/Src/syscalls.o
                0x0000000008001c84                _getpid
 .text._kill    0x0000000008001c88       0x10 ./Core/Src/syscalls.o
                0x0000000008001c88                _kill
 .text._exit    0x0000000008001c98        0xc ./Core/Src/syscalls.o
                0x0000000008001c98                _exit
 .text._read    0x0000000008001ca4       0x1c ./Core/Src/syscalls.o
                0x0000000008001ca4                _read
 .text._write   0x0000000008001cc0       0x1c ./Core/Src/syscalls.o
                0x0000000008001cc0                _write
 .text._close   0x0000000008001cdc        0x6 ./Core/Src/syscalls.o
                0x0000000008001cdc                _close
 .text._fstat   0x0000000008001ce2        0xa ./Core/Src/syscalls.o
                0x0000000008001ce2                _fstat
 .text._isatty  0x0000000008001cec        0x4 ./Core/Src/syscalls.o
                0x0000000008001cec                _isatty
 .text._lseek   0x0000000008001cf0        0x4 ./Core/Src/syscalls.o
                0x0000000008001cf0                _lseek
 .text._sbrk    0x0000000008001cf4       0x40 ./Core/Src/sysmem.o
                0x0000000008001cf4                _sbrk
 .text.SystemInit
                0x0000000008001d34       0x14 ./Core/Src/system_stm32l4xx.o
                0x0000000008001d34                SystemInit
 .text.MX_TIM3_Init
                0x0000000008001d48       0x70 ./Core/Src/tim.o
                0x0000000008001d48                MX_TIM3_Init
 .text.HAL_TIM_Base_MspInit
                0x0000000008001db8       0x40 ./Core/Src/tim.o
                0x0000000008001db8                HAL_TIM_Base_MspInit
 .text.calc_PWM
                0x0000000008001df8      0x2f4 ./Core/Src/transmitter.o
                0x0000000008001df8                calc_PWM
 .text.truncate_digits_to_send
                0x00000000080020ec       0x3c ./Core/Src/transmitter.o
                0x00000000080020ec                truncate_digits_to_send
 .text.calc_dirs
                0x0000000008002128       0x16 ./Core/Src/transmitter.o
                0x0000000008002128                calc_dirs
 .text.count_digits
                0x000000000800213e       0x18 ./Core/Src/transmitter.o
                0x000000000800213e                count_digits
 *fill*         0x0000000008002156        0x2 
 .text.__io_putchar
                0x0000000008002158       0x28 ./Core/Src/uart_usb_com.o
                0x0000000008002158                __io_putchar
 .text.MX_USART2_UART_Init
                0x0000000008002180       0x3c ./Core/Src/usart.o
                0x0000000008002180                MX_USART2_UART_Init
 .text.HAL_UART_MspInit
                0x00000000080021bc       0x94 ./Core/Src/usart.o
                0x00000000080021bc                HAL_UART_MspInit
 .text.nRF24_SendSpi
                0x0000000008002250       0x14 ./Core/Src/nRF24/nRF24.o
 .text.nRF24_WriteRegister
                0x0000000008002264       0x34 ./Core/Src/nRF24/nRF24.o
 .text.nRF24_WriteRegisters
                0x0000000008002298       0x40 ./Core/Src/nRF24/nRF24.o
 .text.nRF24_ReadRegister
                0x00000000080022d8       0x48 ./Core/Src/nRF24/nRF24.o
 .text.nRF24_ReadRegisters
                0x0000000008002320       0x48 ./Core/Src/nRF24/nRF24.o
 .text.nRF24_ReadConfig
                0x0000000008002368        0x6 ./Core/Src/nRF24/nRF24.o
                0x0000000008002368                nRF24_ReadConfig
 .text.nRF24_WriteConfig
                0x000000000800236e        0x8 ./Core/Src/nRF24/nRF24.o
                0x000000000800236e                nRF24_WriteConfig
 .text.nRF24_SetPALevel
                0x0000000008002376       0x20 ./Core/Src/nRF24/nRF24.o
                0x0000000008002376                nRF24_SetPALevel
 .text.nRF24_SetDataRate
                0x0000000008002396       0x2a ./Core/Src/nRF24/nRF24.o
                0x0000000008002396                nRF24_SetDataRate
 .text.nRF24_ReadStatus
                0x00000000080023c0        0x6 ./Core/Src/nRF24/nRF24.o
                0x00000000080023c0                nRF24_ReadStatus
 .text.nRF24_WriteStatus
                0x00000000080023c6        0x8 ./Core/Src/nRF24/nRF24.o
                0x00000000080023c6                nRF24_WriteStatus
 .text.nRF24_ReadFifoStatus
                0x00000000080023ce        0x6 ./Core/Src/nRF24/nRF24.o
                0x00000000080023ce                nRF24_ReadFifoStatus
 .text.nRF24_IsBitSetInFifoStatus
                0x00000000080023d4       0x10 ./Core/Src/nRF24/nRF24.o
                0x00000000080023d4                nRF24_IsBitSetInFifoStatus
 .text.nRF24_IsTxFull
                0x00000000080023e4        0x6 ./Core/Src/nRF24/nRF24.o
                0x00000000080023e4                nRF24_IsTxFull
 *fill*         0x00000000080023ea        0x2 
 .text.nRF24_FlushRX
                0x00000000080023ec       0x30 ./Core/Src/nRF24/nRF24.o
                0x00000000080023ec                nRF24_FlushRX
 .text.nRF24_FlushTX
                0x000000000800241c       0x30 ./Core/Src/nRF24/nRF24.o
                0x000000000800241c                nRF24_FlushTX
 .text.nRF24_TX_Mode
                0x000000000800244c       0x38 ./Core/Src/nRF24/nRF24.o
                0x000000000800244c                nRF24_TX_Mode
 .text.nRF24_EnableCRC
                0x0000000008002484       0x1e ./Core/Src/nRF24/nRF24.o
                0x0000000008002484                nRF24_EnableCRC
 .text.nRF24_SetCRCLength
                0x00000000080024a2       0x20 ./Core/Src/nRF24/nRF24.o
                0x00000000080024a2                nRF24_SetCRCLength
 .text.nRF24_SetRFChannel
                0x00000000080024c2        0xa ./Core/Src/nRF24/nRF24.o
                0x00000000080024c2                nRF24_SetRFChannel
 .text.nRF24_EnablePipe
                0x00000000080024cc       0x30 ./Core/Src/nRF24/nRF24.o
                0x00000000080024cc                nRF24_EnablePipe
 .text.nRF24_AutoACK
                0x00000000080024fc       0x30 ./Core/Src/nRF24/nRF24.o
                0x00000000080024fc                nRF24_AutoACK
 .text.nRF24_SetAddressWidth
                0x000000000800252c       0x16 ./Core/Src/nRF24/nRF24.o
                0x000000000800252c                nRF24_SetAddressWidth
 .text.nRF24_SetRXAddress
                0x0000000008002542       0x3a ./Core/Src/nRF24/nRF24.o
                0x0000000008002542                nRF24_SetRXAddress
 .text.nRF24_RX_Mode
                0x000000000800257c       0x44 ./Core/Src/nRF24/nRF24.o
                0x000000000800257c                nRF24_RX_Mode
 .text.nRF24_SetTXAddress
                0x00000000080025c0       0x50 ./Core/Src/nRF24/nRF24.o
                0x00000000080025c0                nRF24_SetTXAddress
 .text.nRF24_ClearInterrupts
                0x0000000008002610       0x14 ./Core/Src/nRF24/nRF24.o
                0x0000000008002610                nRF24_ClearInterrupts
 .text.nRF24_GetDynamicPayloadSize
                0x0000000008002624       0x1a ./Core/Src/nRF24/nRF24.o
                0x0000000008002624                nRF24_GetDynamicPayloadSize
 .text.nRF24_EnableRXDataReadyIRQ
                0x000000000800263e       0x1e ./Core/Src/nRF24/nRF24.o
                0x000000000800263e                nRF24_EnableRXDataReadyIRQ
 .text.nRF24_EnableTXDataSentIRQ
                0x000000000800265c       0x1e ./Core/Src/nRF24/nRF24.o
                0x000000000800265c                nRF24_EnableTXDataSentIRQ
 .text.nRF24_EnableMaxRetransmitIRQ
                0x000000000800267a       0x1e ./Core/Src/nRF24/nRF24.o
                0x000000000800267a                nRF24_EnableMaxRetransmitIRQ
 .text.nRF24_WriteTXPayload
                0x0000000008002698        0xa ./Core/Src/nRF24/nRF24.o
                0x0000000008002698                nRF24_WriteTXPayload
 .text.nRF24_ReadRXPaylaod
                0x00000000080026a2       0x34 ./Core/Src/nRF24/nRF24.o
                0x00000000080026a2                nRF24_ReadRXPaylaod
 .text.nRF24_SendPacket
                0x00000000080026d6       0x12 ./Core/Src/nRF24/nRF24.o
                0x00000000080026d6                nRF24_SendPacket
 .text.nRF24_IsSomtehingToRead
                0x00000000080026e8       0x18 ./Core/Src/nRF24/nRF24.o
                0x00000000080026e8                nRF24_IsSomtehingToRead
 .text.nRF24_IsSomtehingToSend
                0x0000000008002700       0x18 ./Core/Src/nRF24/nRF24.o
                0x0000000008002700                nRF24_IsSomtehingToSend
 .text.nRF24_SendData
                0x0000000008002718       0x28 ./Core/Src/nRF24/nRF24.o
                0x0000000008002718                nRF24_SendData
 .text.nRF24_CheckTXAndSend
                0x0000000008002740       0x64 ./Core/Src/nRF24/nRF24.o
                0x0000000008002740                nRF24_CheckTXAndSend
 .text.nRF24_ReceiveData
                0x00000000080027a4       0x40 ./Core/Src/nRF24/nRF24.o
                0x00000000080027a4                nRF24_ReceiveData
 .text.nRF24_ReadData
                0x00000000080027e4       0x3c ./Core/Src/nRF24/nRF24.o
                0x00000000080027e4                nRF24_ReadData
 .text.nRF24_IRQ_Handler
                0x0000000008002820        0xc ./Core/Src/nRF24/nRF24.o
                0x0000000008002820                nRF24_IRQ_Handler
 .text.nRF24_IRQ_Read
                0x000000000800282c       0x68 ./Core/Src/nRF24/nRF24.o
                0x000000000800282c                nRF24_IRQ_Read
 .text.nRF24_Event
                0x0000000008002894       0x64 ./Core/Src/nRF24/nRF24.o
                0x0000000008002894                nRF24_Event
 .text.nRF24_Init
                0x00000000080028f8       0xd8 ./Core/Src/nRF24/nRF24.o
                0x00000000080028f8                nRF24_Init
 .text.Reset_Handler
                0x00000000080029d0       0x50 ./Core/Startup/startup_stm32l476rgtx.o
                0x00000000080029d0                Reset_Handler
 .text.Default_Handler
                0x0000000008002a20        0x2 ./Core/Startup/startup_stm32l476rgtx.o
                0x0000000008002a20                RTC_Alarm_IRQHandler
                0x0000000008002a20                EXTI2_IRQHandler
                0x0000000008002a20                TIM8_TRG_COM_IRQHandler
                0x0000000008002a20                TIM8_CC_IRQHandler
                0x0000000008002a20                TIM1_CC_IRQHandler
                0x0000000008002a20                TSC_IRQHandler
                0x0000000008002a20                TAMP_STAMP_IRQHandler
                0x0000000008002a20                EXTI3_IRQHandler
                0x0000000008002a20                LPTIM2_IRQHandler
                0x0000000008002a20                DFSDM1_FLT1_IRQHandler
                0x0000000008002a20                I2C3_ER_IRQHandler
                0x0000000008002a20                DFSDM1_FLT2_IRQHandler
                0x0000000008002a20                EXTI0_IRQHandler
                0x0000000008002a20                I2C2_EV_IRQHandler
                0x0000000008002a20                CAN1_RX0_IRQHandler
                0x0000000008002a20                FPU_IRQHandler
                0x0000000008002a20                TIM1_UP_TIM16_IRQHandler
                0x0000000008002a20                ADC1_2_IRQHandler
                0x0000000008002a20                SPI1_IRQHandler
                0x0000000008002a20                TIM6_DAC_IRQHandler
                0x0000000008002a20                TIM8_UP_IRQHandler
                0x0000000008002a20                DMA2_Channel2_IRQHandler
                0x0000000008002a20                DMA1_Channel4_IRQHandler
                0x0000000008002a20                SAI2_IRQHandler
                0x0000000008002a20                DFSDM1_FLT3_IRQHandler
                0x0000000008002a20                USART3_IRQHandler
                0x0000000008002a20                DMA1_Channel7_IRQHandler
                0x0000000008002a20                CAN1_RX1_IRQHandler
                0x0000000008002a20                LCD_IRQHandler
                0x0000000008002a20                UART5_IRQHandler
                0x0000000008002a20                ADC3_IRQHandler
                0x0000000008002a20                TIM4_IRQHandler
                0x0000000008002a20                DMA2_Channel1_IRQHandler
                0x0000000008002a20                QUADSPI_IRQHandler
                0x0000000008002a20                I2C1_EV_IRQHandler
                0x0000000008002a20                DMA1_Channel6_IRQHandler
                0x0000000008002a20                UART4_IRQHandler
                0x0000000008002a20                DMA2_Channel4_IRQHandler
                0x0000000008002a20                RCC_IRQHandler
                0x0000000008002a20                DMA1_Channel1_IRQHandler
                0x0000000008002a20                Default_Handler
                0x0000000008002a20                DMA2_Channel7_IRQHandler
                0x0000000008002a20                TIM7_IRQHandler
                0x0000000008002a20                SDMMC1_IRQHandler
                0x0000000008002a20                TIM5_IRQHandler
                0x0000000008002a20                I2C3_EV_IRQHandler
                0x0000000008002a20                RTC_WKUP_IRQHandler
                0x0000000008002a20                PVD_PVM_IRQHandler
                0x0000000008002a20                SPI2_IRQHandler
                0x0000000008002a20                CAN1_TX_IRQHandler
                0x0000000008002a20                DMA2_Channel5_IRQHandler
                0x0000000008002a20                EXTI4_IRQHandler
                0x0000000008002a20                RNG_IRQHandler
                0x0000000008002a20                TIM1_TRG_COM_TIM17_IRQHandler
                0x0000000008002a20                DMA1_Channel3_IRQHandler
                0x0000000008002a20                COMP_IRQHandler
                0x0000000008002a20                WWDG_IRQHandler
                0x0000000008002a20                LPUART1_IRQHandler
                0x0000000008002a20                DMA2_Channel6_IRQHandler
                0x0000000008002a20                TIM2_IRQHandler
                0x0000000008002a20                EXTI1_IRQHandler
                0x0000000008002a20                DFSDM1_FLT0_IRQHandler
                0x0000000008002a20                I2C2_ER_IRQHandler
                0x0000000008002a20                DMA1_Channel2_IRQHandler
                0x0000000008002a20                TIM8_BRK_IRQHandler
                0x0000000008002a20                CAN1_SCE_IRQHandler
                0x0000000008002a20                FLASH_IRQHandler
                0x0000000008002a20                USART1_IRQHandler
                0x0000000008002a20                OTG_FS_IRQHandler
                0x0000000008002a20                SPI3_IRQHandler
                0x0000000008002a20                I2C1_ER_IRQHandler
                0x0000000008002a20                FMC_IRQHandler
                0x0000000008002a20                SWPMI1_IRQHandler
                0x0000000008002a20                LPTIM1_IRQHandler
                0x0000000008002a20                SAI1_IRQHandler
                0x0000000008002a20                DMA2_Channel3_IRQHandler
                0x0000000008002a20                TIM1_BRK_TIM15_IRQHandler
 *fill*         0x0000000008002a22        0x2 
 .text.HAL_InitTick
                0x0000000008002a24       0x4c ./Drivers/STM32L4xx_HAL_Driver/Src/stm32l4xx_hal.o
                0x0000000008002a24                HAL_InitTick
 .text.HAL_Init
                0x0000000008002a70       0x1e ./Drivers/STM32L4xx_HAL_Driver/Src/stm32l4xx_hal.o
                0x0000000008002a70                HAL_Init
 *fill*         0x0000000008002a8e        0x2 
 .text.HAL_IncTick
                0x0000000008002a90       0x18 ./Drivers/STM32L4xx_HAL_Driver/Src/stm32l4xx_hal.o
                0x0000000008002a90                HAL_IncTick
 .text.HAL_GetTick
                0x0000000008002aa8        0xc ./Drivers/STM32L4xx_HAL_Driver/Src/stm32l4xx_hal.o
                0x0000000008002aa8                HAL_GetTick
 .text.HAL_Delay
                0x0000000008002ab4       0x28 ./Drivers/STM32L4xx_HAL_Driver/Src/stm32l4xx_hal.o
                0x0000000008002ab4                HAL_Delay
 .text.LL_ADC_SetChannelSamplingTime
                0x0000000008002adc       0x22 ./Drivers/STM32L4xx_HAL_Driver/Src/stm32l4xx_hal_adc.o
 .text.LL_ADC_REG_IsConversionOngoing
                0x0000000008002afe        0x8 ./Drivers/STM32L4xx_HAL_Driver/Src/stm32l4xx_hal_adc.o
 *fill*         0x0000000008002b06        0x2 
 .text.HAL_ADC_Init
                0x0000000008002b08      0x1b8 ./Drivers/STM32L4xx_HAL_Driver/Src/stm32l4xx_hal_adc.o
                0x0000000008002b08                HAL_ADC_Init
 .text.HAL_ADC_ConvCpltCallback
                0x0000000008002cc0        0x2 ./Drivers/STM32L4xx_HAL_Driver/Src/stm32l4xx_hal_adc.o
                0x0000000008002cc0                HAL_ADC_ConvCpltCallback
 .text.HAL_ADC_ConvHalfCpltCallback
                0x0000000008002cc2        0x2 ./Drivers/STM32L4xx_HAL_Driver/Src/stm32l4xx_hal_adc.o
                0x0000000008002cc2                HAL_ADC_ConvHalfCpltCallback
 .text.ADC_DMAHalfConvCplt
                0x0000000008002cc4        0xa ./Drivers/STM32L4xx_HAL_Driver/Src/stm32l4xx_hal_adc.o
                0x0000000008002cc4                ADC_DMAHalfConvCplt
 .text.HAL_ADC_ErrorCallback
                0x0000000008002cce        0x2 ./Drivers/STM32L4xx_HAL_Driver/Src/stm32l4xx_hal_adc.o
                0x0000000008002cce                HAL_ADC_ErrorCallback
 .text.ADC_DMAConvCplt
                0x0000000008002cd0       0x68 ./Drivers/STM32L4xx_HAL_Driver/Src/stm32l4xx_hal_adc.o
                0x0000000008002cd0                ADC_DMAConvCplt
 .text.ADC_DMAError
                0x0000000008002d38       0x1a ./Drivers/STM32L4xx_HAL_Driver/Src/stm32l4xx_hal_adc.o
                0x0000000008002d38                ADC_DMAError
 *fill*         0x0000000008002d52        0x2 
 .text.HAL_ADC_ConfigChannel
                0x0000000008002d54      0x37c ./Drivers/STM32L4xx_HAL_Driver/Src/stm32l4xx_hal_adc.o
                0x0000000008002d54                HAL_ADC_ConfigChannel
 .text.ADC_Enable
                0x00000000080030d0       0x74 ./Drivers/STM32L4xx_HAL_Driver/Src/stm32l4xx_hal_adc.o
                0x00000000080030d0                ADC_Enable
 .text.HAL_ADC_Start_DMA
                0x0000000008003144       0xf4 ./Drivers/STM32L4xx_HAL_Driver/Src/stm32l4xx_hal_adc.o
                0x0000000008003144                HAL_ADC_Start_DMA
 .text.ADC_Disable
                0x0000000008003238       0x68 ./Drivers/STM32L4xx_HAL_Driver/Src/stm32l4xx_hal_adc.o
                0x0000000008003238                ADC_Disable
 .text.LL_ADC_REG_IsConversionOngoing
                0x00000000080032a0        0x8 ./Drivers/STM32L4xx_HAL_Driver/Src/stm32l4xx_hal_adc_ex.o
 .text.HAL_ADCEx_Calibration_Start
                0x00000000080032a8       0x94 ./Drivers/STM32L4xx_HAL_Driver/Src/stm32l4xx_hal_adc_ex.o
                0x00000000080032a8                HAL_ADCEx_Calibration_Start
 .text.HAL_ADCEx_MultiModeConfigChannel
                0x000000000800333c       0xd8 ./Drivers/STM32L4xx_HAL_Driver/Src/stm32l4xx_hal_adc_ex.o
                0x000000000800333c                HAL_ADCEx_MultiModeConfigChannel
 .text.HAL_NVIC_SetPriorityGrouping
                0x0000000008003414       0x24 ./Drivers/STM32L4xx_HAL_Driver/Src/stm32l4xx_hal_cortex.o
                0x0000000008003414                HAL_NVIC_SetPriorityGrouping
 .text.HAL_NVIC_SetPriority
                0x0000000008003438       0x64 ./Drivers/STM32L4xx_HAL_Driver/Src/stm32l4xx_hal_cortex.o
                0x0000000008003438                HAL_NVIC_SetPriority
 .text.HAL_NVIC_EnableIRQ
                0x000000000800349c       0x1c ./Drivers/STM32L4xx_HAL_Driver/Src/stm32l4xx_hal_cortex.o
                0x000000000800349c                HAL_NVIC_EnableIRQ
 .text.HAL_SYSTICK_Config
                0x00000000080034b8       0x28 ./Drivers/STM32L4xx_HAL_Driver/Src/stm32l4xx_hal_cortex.o
                0x00000000080034b8                HAL_SYSTICK_Config
 .text.HAL_DMA_Init
                0x00000000080034e0       0xd8 ./Drivers/STM32L4xx_HAL_Driver/Src/stm32l4xx_hal_dma.o
                0x00000000080034e0                HAL_DMA_Init
 .text.HAL_DMA_Start_IT
                0x00000000080035b8       0x7e ./Drivers/STM32L4xx_HAL_Driver/Src/stm32l4xx_hal_dma.o
                0x00000000080035b8                HAL_DMA_Start_IT
 .text.HAL_DMA_Abort
                0x0000000008003636       0x46 ./Drivers/STM32L4xx_HAL_Driver/Src/stm32l4xx_hal_dma.o
                0x0000000008003636                HAL_DMA_Abort
 .text.HAL_DMA_Abort_IT
                0x000000000800367c       0x4c ./Drivers/STM32L4xx_HAL_Driver/Src/stm32l4xx_hal_dma.o
                0x000000000800367c                HAL_DMA_Abort_IT
 .text.HAL_DMA_IRQHandler
                0x00000000080036c8       0x94 ./Drivers/STM32L4xx_HAL_Driver/Src/stm32l4xx_hal_dma.o
                0x00000000080036c8                HAL_DMA_IRQHandler
 .text.HAL_GPIO_Init
                0x000000000800375c      0x1bc ./Drivers/STM32L4xx_HAL_Driver/Src/stm32l4xx_hal_gpio.o
                0x000000000800375c                HAL_GPIO_Init
 .text.HAL_GPIO_WritePin
                0x0000000008003918        0xa ./Drivers/STM32L4xx_HAL_Driver/Src/stm32l4xx_hal_gpio.o
                0x0000000008003918                HAL_GPIO_WritePin
 .text.HAL_GPIO_TogglePin
                0x0000000008003922       0x12 ./Drivers/STM32L4xx_HAL_Driver/Src/stm32l4xx_hal_gpio.o
                0x0000000008003922                HAL_GPIO_TogglePin
 .text.HAL_GPIO_EXTI_IRQHandler
                0x0000000008003934       0x18 ./Drivers/STM32L4xx_HAL_Driver/Src/stm32l4xx_hal_gpio.o
                0x0000000008003934                HAL_GPIO_EXTI_IRQHandler
 .text.HAL_PWREx_GetVoltageRange
                0x000000000800394c       0x10 ./Drivers/STM32L4xx_HAL_Driver/Src/stm32l4xx_hal_pwr_ex.o
                0x000000000800394c                HAL_PWREx_GetVoltageRange
 .text.HAL_PWREx_ControlVoltageScaling
                0x000000000800395c       0x6c ./Drivers/STM32L4xx_HAL_Driver/Src/stm32l4xx_hal_pwr_ex.o
                0x000000000800395c                HAL_PWREx_ControlVoltageScaling
 .text.RCC_SetFlashLatencyFromMSIRange
                0x00000000080039c8       0x84 ./Drivers/STM32L4xx_HAL_Driver/Src/stm32l4xx_hal_rcc.o
 .text.HAL_RCC_GetSysClockFreq
                0x0000000008003a4c       0x9c ./Drivers/STM32L4xx_HAL_Driver/Src/stm32l4xx_hal_rcc.o
                0x0000000008003a4c                HAL_RCC_GetSysClockFreq
 .text.HAL_RCC_OscConfig
                0x0000000008003ae8      0x50c ./Drivers/STM32L4xx_HAL_Driver/Src/stm32l4xx_hal_rcc.o
                0x0000000008003ae8                HAL_RCC_OscConfig
 .text.HAL_RCC_ClockConfig
                0x0000000008003ff4      0x128 ./Drivers/STM32L4xx_HAL_Driver/Src/stm32l4xx_hal_rcc.o
                0x0000000008003ff4                HAL_RCC_ClockConfig
 .text.HAL_RCC_GetPCLK1Freq
                0x000000000800411c       0x24 ./Drivers/STM32L4xx_HAL_Driver/Src/stm32l4xx_hal_rcc.o
                0x000000000800411c                HAL_RCC_GetPCLK1Freq
 .text.HAL_RCC_GetPCLK2Freq
                0x0000000008004140       0x24 ./Drivers/STM32L4xx_HAL_Driver/Src/stm32l4xx_hal_rcc.o
                0x0000000008004140                HAL_RCC_GetPCLK2Freq
 .text.RCCEx_PLLSAI1_Config
                0x0000000008004164      0x114 ./Drivers/STM32L4xx_HAL_Driver/Src/stm32l4xx_hal_rcc_ex.o
 .text.RCCEx_PLLSAI2_Config
                0x0000000008004278       0xf8 ./Drivers/STM32L4xx_HAL_Driver/Src/stm32l4xx_hal_rcc_ex.o
 .text.HAL_RCCEx_PeriphCLKConfig
                0x0000000008004370      0x3d8 ./Drivers/STM32L4xx_HAL_Driver/Src/stm32l4xx_hal_rcc_ex.o
                0x0000000008004370                HAL_RCCEx_PeriphCLKConfig
 .text.SPI_WaitFifoStateUntilTimeout.constprop.0
                0x0000000008004748       0xcc ./Drivers/STM32L4xx_HAL_Driver/Src/stm32l4xx_hal_spi.o
 .text.SPI_WaitFlagStateUntilTimeout.constprop.0
                0x0000000008004814       0xa4 ./Drivers/STM32L4xx_HAL_Driver/Src/stm32l4xx_hal_spi.o
 .text.SPI_EndRxTransaction
                0x00000000080048b8       0x72 ./Drivers/STM32L4xx_HAL_Driver/Src/stm32l4xx_hal_spi.o
 .text.SPI_EndRxTxTransaction
                0x000000000800492a       0x4a ./Drivers/STM32L4xx_HAL_Driver/Src/stm32l4xx_hal_spi.o
 .text.HAL_SPI_Init
                0x0000000008004974       0xd4 ./Drivers/STM32L4xx_HAL_Driver/Src/stm32l4xx_hal_spi.o
                0x0000000008004974                HAL_SPI_Init
 .text.HAL_SPI_Transmit
                0x0000000008004a48      0x192 ./Drivers/STM32L4xx_HAL_Driver/Src/stm32l4xx_hal_spi.o
                0x0000000008004a48                HAL_SPI_Transmit
 .text.HAL_SPI_TransmitReceive
                0x0000000008004bda      0x258 ./Drivers/STM32L4xx_HAL_Driver/Src/stm32l4xx_hal_spi.o
                0x0000000008004bda                HAL_SPI_TransmitReceive
 .text.HAL_SPI_Receive
                0x0000000008004e32      0x170 ./Drivers/STM32L4xx_HAL_Driver/Src/stm32l4xx_hal_spi.o
                0x0000000008004e32                HAL_SPI_Receive
 *fill*         0x0000000008004fa2        0x2 
 .text.HAL_SPI_Transmit_DMA
                0x0000000008004fa4      0x10c ./Drivers/STM32L4xx_HAL_Driver/Src/stm32l4xx_hal_spi.o
                0x0000000008004fa4                HAL_SPI_Transmit_DMA
 .text.HAL_SPI_TxHalfCpltCallback
                0x00000000080050b0        0x2 ./Drivers/STM32L4xx_HAL_Driver/Src/stm32l4xx_hal_spi.o
                0x00000000080050b0                HAL_SPI_TxHalfCpltCallback
 .text.SPI_DMAHalfTransmitCplt
                0x00000000080050b2        0xa ./Drivers/STM32L4xx_HAL_Driver/Src/stm32l4xx_hal_spi.o
 .text.HAL_SPI_ErrorCallback
                0x00000000080050bc        0x2 ./Drivers/STM32L4xx_HAL_Driver/Src/stm32l4xx_hal_spi.o
                0x00000000080050bc                HAL_SPI_ErrorCallback
 .text.SPI_DMAError
                0x00000000080050be       0x22 ./Drivers/STM32L4xx_HAL_Driver/Src/stm32l4xx_hal_spi.o
 .text.SPI_DMATransmitCplt
                0x00000000080050e0       0x6a ./Drivers/STM32L4xx_HAL_Driver/Src/stm32l4xx_hal_spi.o
 .text.HAL_SPI_GetState
                0x000000000800514a        0x6 ./Drivers/STM32L4xx_HAL_Driver/Src/stm32l4xx_hal_spi.o
                0x000000000800514a                HAL_SPI_GetState
 .text.HAL_TIM_Base_Start_IT
                0x0000000008005150       0x74 ./Drivers/STM32L4xx_HAL_Driver/Src/stm32l4xx_hal_tim.o
                0x0000000008005150                HAL_TIM_Base_Start_IT
 .text.HAL_TIM_OC_DelayElapsedCallback
                0x00000000080051c4        0x2 ./Drivers/STM32L4xx_HAL_Driver/Src/stm32l4xx_hal_tim.o
                0x00000000080051c4                HAL_TIM_OC_DelayElapsedCallback
 .text.HAL_TIM_IC_CaptureCallback
                0x00000000080051c6        0x2 ./Drivers/STM32L4xx_HAL_Driver/Src/stm32l4xx_hal_tim.o
                0x00000000080051c6                HAL_TIM_IC_CaptureCallback
 .text.HAL_TIM_PWM_PulseFinishedCallback
                0x00000000080051c8        0x2 ./Drivers/STM32L4xx_HAL_Driver/Src/stm32l4xx_hal_tim.o
                0x00000000080051c8                HAL_TIM_PWM_PulseFinishedCallback
 .text.HAL_TIM_TriggerCallback
                0x00000000080051ca        0x2 ./Drivers/STM32L4xx_HAL_Driver/Src/stm32l4xx_hal_tim.o
                0x00000000080051ca                HAL_TIM_TriggerCallback
 .text.HAL_TIM_IRQHandler
                0x00000000080051cc      0x160 ./Drivers/STM32L4xx_HAL_Driver/Src/stm32l4xx_hal_tim.o
                0x00000000080051cc                HAL_TIM_IRQHandler
 .text.TIM_Base_SetConfig
                0x000000000800532c       0xcc ./Drivers/STM32L4xx_HAL_Driver/Src/stm32l4xx_hal_tim.o
                0x000000000800532c                TIM_Base_SetConfig
 .text.HAL_TIM_Base_Init
                0x00000000080053f8       0x60 ./Drivers/STM32L4xx_HAL_Driver/Src/stm32l4xx_hal_tim.o
                0x00000000080053f8                HAL_TIM_Base_Init
 .text.TIM_ETR_SetConfig
                0x0000000008005458       0x14 ./Drivers/STM32L4xx_HAL_Driver/Src/stm32l4xx_hal_tim.o
                0x0000000008005458                TIM_ETR_SetConfig
 .text.HAL_TIM_ConfigClockSource
                0x000000000800546c      0x138 ./Drivers/STM32L4xx_HAL_Driver/Src/stm32l4xx_hal_tim.o
                0x000000000800546c                HAL_TIM_ConfigClockSource
 .text.HAL_TIMEx_MasterConfigSynchronization
                0x00000000080055a4       0x8c ./Drivers/STM32L4xx_HAL_Driver/Src/stm32l4xx_hal_tim_ex.o
                0x00000000080055a4                HAL_TIMEx_MasterConfigSynchronization
 .text.HAL_TIMEx_CommutCallback
                0x0000000008005630        0x2 ./Drivers/STM32L4xx_HAL_Driver/Src/stm32l4xx_hal_tim_ex.o
                0x0000000008005630                HAL_TIMEx_CommutCallback
 .text.HAL_TIMEx_BreakCallback
                0x0000000008005632        0x2 ./Drivers/STM32L4xx_HAL_Driver/Src/stm32l4xx_hal_tim_ex.o
                0x0000000008005632                HAL_TIMEx_BreakCallback
 .text.HAL_TIMEx_Break2Callback
                0x0000000008005634        0x2 ./Drivers/STM32L4xx_HAL_Driver/Src/stm32l4xx_hal_tim_ex.o
                0x0000000008005634                HAL_TIMEx_Break2Callback
 .text.UART_EndRxTransfer
                0x0000000008005636       0x4e ./Drivers/STM32L4xx_HAL_Driver/Src/stm32l4xx_hal_uart.o
 .text.UART_TxISR_8BIT.part.0
                0x0000000008005684       0x26 ./Drivers/STM32L4xx_HAL_Driver/Src/stm32l4xx_hal_uart.o
 .text.UART_TxISR_8BIT
                0x00000000080056aa       0x2e ./Drivers/STM32L4xx_HAL_Driver/Src/stm32l4xx_hal_uart.o
 .text.UART_TxISR_16BIT
                0x00000000080056d8       0x32 ./Drivers/STM32L4xx_HAL_Driver/Src/stm32l4xx_hal_uart.o
 *fill*         0x000000000800570a        0x2 
 .text.HAL_UART_Transmit_IT
                0x000000000800570c       0x6c ./Drivers/STM32L4xx_HAL_Driver/Src/stm32l4xx_hal_uart.o
                0x000000000800570c                HAL_UART_Transmit_IT
 .text.HAL_UART_TxCpltCallback
                0x0000000008005778        0x2 ./Drivers/STM32L4xx_HAL_Driver/Src/stm32l4xx_hal_uart.o
                0x0000000008005778                HAL_UART_TxCpltCallback
 .text.HAL_UART_ErrorCallback
                0x000000000800577a        0x2 ./Drivers/STM32L4xx_HAL_Driver/Src/stm32l4xx_hal_uart.o
                0x000000000800577a                HAL_UART_ErrorCallback
 .text.UART_DMAAbortOnError
                0x000000000800577c       0x14 ./Drivers/STM32L4xx_HAL_Driver/Src/stm32l4xx_hal_uart.o
 .text.HAL_UARTEx_RxEventCallback
                0x0000000008005790        0x2 ./Drivers/STM32L4xx_HAL_Driver/Src/stm32l4xx_hal_uart.o
                0x0000000008005790                HAL_UARTEx_RxEventCallback
 *fill*         0x0000000008005792        0x2 
 .text.HAL_UART_IRQHandler
                0x0000000008005794      0x28c ./Drivers/STM32L4xx_HAL_Driver/Src/stm32l4xx_hal_uart.o
                0x0000000008005794                HAL_UART_IRQHandler
 .text.UART_SetConfig
                0x0000000008005a20      0x284 ./Drivers/STM32L4xx_HAL_Driver/Src/stm32l4xx_hal_uart.o
                0x0000000008005a20                UART_SetConfig
 .text.UART_AdvFeatureConfig
                0x0000000008005ca4       0xa8 ./Drivers/STM32L4xx_HAL_Driver/Src/stm32l4xx_hal_uart.o
                0x0000000008005ca4                UART_AdvFeatureConfig
 .text.UART_WaitOnFlagUntilTimeout
                0x0000000008005d4c       0xbc ./Drivers/STM32L4xx_HAL_Driver/Src/stm32l4xx_hal_uart.o
                0x0000000008005d4c                UART_WaitOnFlagUntilTimeout
 .text.HAL_UART_Transmit
                0x0000000008005e08       0xb4 ./Drivers/STM32L4xx_HAL_Driver/Src/stm32l4xx_hal_uart.o
                0x0000000008005e08                HAL_UART_Transmit
 .text.UART_CheckIdleState
                0x0000000008005ebc       0x66 ./Drivers/STM32L4xx_HAL_Driver/Src/stm32l4xx_hal_uart.o
                0x0000000008005ebc                UART_CheckIdleState
 .text.HAL_UART_Init
                0x0000000008005f22       0x5c ./Drivers/STM32L4xx_HAL_Driver/Src/stm32l4xx_hal_uart.o
                0x0000000008005f22                HAL_UART_Init
 .text.HAL_UARTEx_WakeupCallback
                0x0000000008005f7e        0x2 ./Drivers/STM32L4xx_HAL_Driver/Src/stm32l4xx_hal_uart_ex.o
                0x0000000008005f7e                HAL_UARTEx_WakeupCallback
 .text.bitmap_init
                0x0000000008005f80       0x18 ./hagl/src/bitmap.o
                0x0000000008005f80                bitmap_init
 .text.clip_line
                0x0000000008005f98      0x216 ./hagl/src/clip.o
                0x0000000008005f98                clip_line
 .text.fontx_meta
                0x00000000080061ae       0x1c ./hagl/src/fontx.o
                0x00000000080061ae                fontx_meta
 .text.fontx_glyph
                0x00000000080061ca       0xa4 ./hagl/src/fontx.o
                0x00000000080061ca                fontx_glyph
 *fill*         0x000000000800626e        0x2 
 .text.hagl_put_pixel
                0x0000000008006270       0x2c ./hagl/src/hagl.o
                0x0000000008006270                hagl_put_pixel
 .text.hagl_draw_line
                0x000000000800629c       0xec ./hagl/src/hagl.o
                0x000000000800629c                hagl_draw_line
 .text.hagl_draw_hline
                0x0000000008006388       0x14 ./hagl/src/hagl.o
                0x0000000008006388                hagl_draw_hline
 .text.hagl_fill_rectangle
                0x000000000800639c       0x88 ./hagl/src/hagl.o
                0x000000000800639c                hagl_fill_rectangle
 .text.hagl_blit
                0x0000000008006424       0x46 ./hagl/src/hagl.o
                0x0000000008006424                hagl_blit
 .text.hagl_put_char
                0x000000000800646a       0xcc ./hagl/src/hagl.o
                0x000000000800646a                hagl_put_char
 .text.atoi     0x0000000008006536        0x8 c:/st/stm32cubeide_1.6.1/stm32cubeide/plugins/com.st.stm32cube.ide.mcu.externaltools.gnu-tools-for-stm32.10.3-2021.10.win32_1.0.0.202111181127/tools/bin/../lib/gcc/arm-none-eabi/10.3.1/../../../../arm-none-eabi/lib/thumb/v7e-m+fp/hard\libc_nano.a(lib_a-atoi.o)
                0x0000000008006536                atoi
 *fill*         0x000000000800653e        0x2 
 .text.__errno  0x0000000008006540        0xc c:/st/stm32cubeide_1.6.1/stm32cubeide/plugins/com.st.stm32cube.ide.mcu.externaltools.gnu-tools-for-stm32.10.3-2021.10.win32_1.0.0.202111181127/tools/bin/../lib/gcc/arm-none-eabi/10.3.1/../../../../arm-none-eabi/lib/thumb/v7e-m+fp/hard\libc_nano.a(lib_a-errno.o)
                0x0000000008006540                __errno
 .text.__sflush_r
                0x000000000800654c      0x10c c:/st/stm32cubeide_1.6.1/stm32cubeide/plugins/com.st.stm32cube.ide.mcu.externaltools.gnu-tools-for-stm32.10.3-2021.10.win32_1.0.0.202111181127/tools/bin/../lib/gcc/arm-none-eabi/10.3.1/../../../../arm-none-eabi/lib/thumb/v7e-m+fp/hard\libc_nano.a(lib_a-fflush.o)
                0x000000000800654c                __sflush_r
 .text._fflush_r
                0x0000000008006658       0x78 c:/st/stm32cubeide_1.6.1/stm32cubeide/plugins/com.st.stm32cube.ide.mcu.externaltools.gnu-tools-for-stm32.10.3-2021.10.win32_1.0.0.202111181127/tools/bin/../lib/gcc/arm-none-eabi/10.3.1/../../../../arm-none-eabi/lib/thumb/v7e-m+fp/hard\libc_nano.a(lib_a-fflush.o)
                0x0000000008006658                _fflush_r
 .text.std      0x00000000080066d0       0x48 c:/st/stm32cubeide_1.6.1/stm32cubeide/plugins/com.st.stm32cube.ide.mcu.externaltools.gnu-tools-for-stm32.10.3-2021.10.win32_1.0.0.202111181127/tools/bin/../lib/gcc/arm-none-eabi/10.3.1/../../../../arm-none-eabi/lib/thumb/v7e-m+fp/hard\libc_nano.a(lib_a-findfp.o)
 .text._cleanup_r
                0x0000000008006718        0xc c:/st/stm32cubeide_1.6.1/stm32cubeide/plugins/com.st.stm32cube.ide.mcu.externaltools.gnu-tools-for-stm32.10.3-2021.10.win32_1.0.0.202111181127/tools/bin/../lib/gcc/arm-none-eabi/10.3.1/../../../../arm-none-eabi/lib/thumb/v7e-m+fp/hard\libc_nano.a(lib_a-findfp.o)
                0x0000000008006718                _cleanup_r
 .text.__sfmoreglue
                0x0000000008006724       0x2c c:/st/stm32cubeide_1.6.1/stm32cubeide/plugins/com.st.stm32cube.ide.mcu.externaltools.gnu-tools-for-stm32.10.3-2021.10.win32_1.0.0.202111181127/tools/bin/../lib/gcc/arm-none-eabi/10.3.1/../../../../arm-none-eabi/lib/thumb/v7e-m+fp/hard\libc_nano.a(lib_a-findfp.o)
                0x0000000008006724                __sfmoreglue
 .text.__sfp_lock_acquire
                0x0000000008006750        0xc c:/st/stm32cubeide_1.6.1/stm32cubeide/plugins/com.st.stm32cube.ide.mcu.externaltools.gnu-tools-for-stm32.10.3-2021.10.win32_1.0.0.202111181127/tools/bin/../lib/gcc/arm-none-eabi/10.3.1/../../../../arm-none-eabi/lib/thumb/v7e-m+fp/hard\libc_nano.a(lib_a-findfp.o)
                0x0000000008006750                __sfp_lock_acquire
 .text.__sfp_lock_release
                0x000000000800675c        0xc c:/st/stm32cubeide_1.6.1/stm32cubeide/plugins/com.st.stm32cube.ide.mcu.externaltools.gnu-tools-for-stm32.10.3-2021.10.win32_1.0.0.202111181127/tools/bin/../lib/gcc/arm-none-eabi/10.3.1/../../../../arm-none-eabi/lib/thumb/v7e-m+fp/hard\libc_nano.a(lib_a-findfp.o)
                0x000000000800675c                __sfp_lock_release
 .text.__sinit_lock_acquire
                0x0000000008006768        0xc c:/st/stm32cubeide_1.6.1/stm32cubeide/plugins/com.st.stm32cube.ide.mcu.externaltools.gnu-tools-for-stm32.10.3-2021.10.win32_1.0.0.202111181127/tools/bin/../lib/gcc/arm-none-eabi/10.3.1/../../../../arm-none-eabi/lib/thumb/v7e-m+fp/hard\libc_nano.a(lib_a-findfp.o)
                0x0000000008006768                __sinit_lock_acquire
 .text.__sinit_lock_release
                0x0000000008006774        0xc c:/st/stm32cubeide_1.6.1/stm32cubeide/plugins/com.st.stm32cube.ide.mcu.externaltools.gnu-tools-for-stm32.10.3-2021.10.win32_1.0.0.202111181127/tools/bin/../lib/gcc/arm-none-eabi/10.3.1/../../../../arm-none-eabi/lib/thumb/v7e-m+fp/hard\libc_nano.a(lib_a-findfp.o)
                0x0000000008006774                __sinit_lock_release
 .text.__sinit  0x0000000008006780       0x70 c:/st/stm32cubeide_1.6.1/stm32cubeide/plugins/com.st.stm32cube.ide.mcu.externaltools.gnu-tools-for-stm32.10.3-2021.10.win32_1.0.0.202111181127/tools/bin/../lib/gcc/arm-none-eabi/10.3.1/../../../../arm-none-eabi/lib/thumb/v7e-m+fp/hard\libc_nano.a(lib_a-findfp.o)
                0x0000000008006780                __sinit
 .text.__sfp    0x00000000080067f0       0x8c c:/st/stm32cubeide_1.6.1/stm32cubeide/plugins/com.st.stm32cube.ide.mcu.externaltools.gnu-tools-for-stm32.10.3-2021.10.win32_1.0.0.202111181127/tools/bin/../lib/gcc/arm-none-eabi/10.3.1/../../../../arm-none-eabi/lib/thumb/v7e-m+fp/hard\libc_nano.a(lib_a-findfp.o)
                0x00000000080067f0                __sfp
 .text._fwalk_reent
                0x000000000800687c       0x3e c:/st/stm32cubeide_1.6.1/stm32cubeide/plugins/com.st.stm32cube.ide.mcu.externaltools.gnu-tools-for-stm32.10.3-2021.10.win32_1.0.0.202111181127/tools/bin/../lib/gcc/arm-none-eabi/10.3.1/../../../../arm-none-eabi/lib/thumb/v7e-m+fp/hard\libc_nano.a(lib_a-fwalk.o)
                0x000000000800687c                _fwalk_reent
 *fill*         0x00000000080068ba        0x2 
 .text.__libc_init_array
                0x00000000080068bc       0x48 c:/st/stm32cubeide_1.6.1/stm32cubeide/plugins/com.st.stm32cube.ide.mcu.externaltools.gnu-tools-for-stm32.10.3-2021.10.win32_1.0.0.202111181127/tools/bin/../lib/gcc/arm-none-eabi/10.3.1/../../../../arm-none-eabi/lib/thumb/v7e-m+fp/hard\libc_nano.a(lib_a-init.o)
                0x00000000080068bc                __libc_init_array
 .text.__retarget_lock_init_recursive
                0x0000000008006904        0x2 c:/st/stm32cubeide_1.6.1/stm32cubeide/plugins/com.st.stm32cube.ide.mcu.externaltools.gnu-tools-for-stm32.10.3-2021.10.win32_1.0.0.202111181127/tools/bin/../lib/gcc/arm-none-eabi/10.3.1/../../../../arm-none-eabi/lib/thumb/v7e-m+fp/hard\libc_nano.a(lib_a-lock.o)
                0x0000000008006904                __retarget_lock_init_recursive
 .text.__retarget_lock_acquire_recursive
                0x0000000008006906        0x2 c:/st/stm32cubeide_1.6.1/stm32cubeide/plugins/com.st.stm32cube.ide.mcu.externaltools.gnu-tools-for-stm32.10.3-2021.10.win32_1.0.0.202111181127/tools/bin/../lib/gcc/arm-none-eabi/10.3.1/../../../../arm-none-eabi/lib/thumb/v7e-m+fp/hard\libc_nano.a(lib_a-lock.o)
                0x0000000008006906                __retarget_lock_acquire_recursive
 .text.__retarget_lock_release_recursive
                0x0000000008006908        0x2 c:/st/stm32cubeide_1.6.1/stm32cubeide/plugins/com.st.stm32cube.ide.mcu.externaltools.gnu-tools-for-stm32.10.3-2021.10.win32_1.0.0.202111181127/tools/bin/../lib/gcc/arm-none-eabi/10.3.1/../../../../arm-none-eabi/lib/thumb/v7e-m+fp/hard\libc_nano.a(lib_a-lock.o)
                0x0000000008006908                __retarget_lock_release_recursive
 .text.__swhatbuf_r
                0x000000000800690a       0x4a c:/st/stm32cubeide_1.6.1/stm32cubeide/plugins/com.st.stm32cube.ide.mcu.externaltools.gnu-tools-for-stm32.10.3-2021.10.win32_1.0.0.202111181127/tools/bin/../lib/gcc/arm-none-eabi/10.3.1/../../../../arm-none-eabi/lib/thumb/v7e-m+fp/hard\libc_nano.a(lib_a-makebuf.o)
                0x000000000800690a                __swhatbuf_r
 .text.__smakebuf_r
                0x0000000008006954       0x80 c:/st/stm32cubeide_1.6.1/stm32cubeide/plugins/com.st.stm32cube.ide.mcu.externaltools.gnu-tools-for-stm32.10.3-2021.10.win32_1.0.0.202111181127/tools/bin/../lib/gcc/arm-none-eabi/10.3.1/../../../../arm-none-eabi/lib/thumb/v7e-m+fp/hard\libc_nano.a(lib_a-makebuf.o)
                0x0000000008006954                __smakebuf_r
 .text.malloc   0x00000000080069d4       0x10 c:/st/stm32cubeide_1.6.1/stm32cubeide/plugins/com.st.stm32cube.ide.mcu.externaltools.gnu-tools-for-stm32.10.3-2021.10.win32_1.0.0.202111181127/tools/bin/../lib/gcc/arm-none-eabi/10.3.1/../../../../arm-none-eabi/lib/thumb/v7e-m+fp/hard\libc_nano.a(lib_a-malloc.o)
                0x00000000080069d4                malloc
 .text.memcpy   0x00000000080069e4       0x1c c:/st/stm32cubeide_1.6.1/stm32cubeide/plugins/com.st.stm32cube.ide.mcu.externaltools.gnu-tools-for-stm32.10.3-2021.10.win32_1.0.0.202111181127/tools/bin/../lib/gcc/arm-none-eabi/10.3.1/../../../../arm-none-eabi/lib/thumb/v7e-m+fp/hard\libc_nano.a(lib_a-memcpy-stub.o)
                0x00000000080069e4                memcpy
 .text.memset   0x0000000008006a00       0x10 c:/st/stm32cubeide_1.6.1/stm32cubeide/plugins/com.st.stm32cube.ide.mcu.externaltools.gnu-tools-for-stm32.10.3-2021.10.win32_1.0.0.202111181127/tools/bin/../lib/gcc/arm-none-eabi/10.3.1/../../../../arm-none-eabi/lib/thumb/v7e-m+fp/hard\libc_nano.a(lib_a-memset.o)
                0x0000000008006a00                memset
 .text._free_r  0x0000000008006a10       0x98 c:/st/stm32cubeide_1.6.1/stm32cubeide/plugins/com.st.stm32cube.ide.mcu.externaltools.gnu-tools-for-stm32.10.3-2021.10.win32_1.0.0.202111181127/tools/bin/../lib/gcc/arm-none-eabi/10.3.1/../../../../arm-none-eabi/lib/thumb/v7e-m+fp/hard\libc_nano.a(lib_a-nano-freer.o)
                0x0000000008006a10                _free_r
 .text.sbrk_aligned
                0x0000000008006aa8       0x40 c:/st/stm32cubeide_1.6.1/stm32cubeide/plugins/com.st.stm32cube.ide.mcu.externaltools.gnu-tools-for-stm32.10.3-2021.10.win32_1.0.0.202111181127/tools/bin/../lib/gcc/arm-none-eabi/10.3.1/../../../../arm-none-eabi/lib/thumb/v7e-m+fp/hard\libc_nano.a(lib_a-nano-mallocr.o)
 .text._malloc_r
                0x0000000008006ae8       0xe8 c:/st/stm32cubeide_1.6.1/stm32cubeide/plugins/com.st.stm32cube.ide.mcu.externaltools.gnu-tools-for-stm32.10.3-2021.10.win32_1.0.0.202111181127/tools/bin/../lib/gcc/arm-none-eabi/10.3.1/../../../../arm-none-eabi/lib/thumb/v7e-m+fp/hard\libc_nano.a(lib_a-nano-mallocr.o)
                0x0000000008006ae8                _malloc_r
 .text.__cvt    0x0000000008006bd0       0xc4 c:/st/stm32cubeide_1.6.1/stm32cubeide/plugins/com.st.stm32cube.ide.mcu.externaltools.gnu-tools-for-stm32.10.3-2021.10.win32_1.0.0.202111181127/tools/bin/../lib/gcc/arm-none-eabi/10.3.1/../../../../arm-none-eabi/lib/thumb/v7e-m+fp/hard\libc_nano.a(lib_a-nano-vfprintf_float.o)
                0x0000000008006bd0                __cvt
 .text.__exponent
                0x0000000008006c94       0x7c c:/st/stm32cubeide_1.6.1/stm32cubeide/plugins/com.st.stm32cube.ide.mcu.externaltools.gnu-tools-for-stm32.10.3-2021.10.win32_1.0.0.202111181127/tools/bin/../lib/gcc/arm-none-eabi/10.3.1/../../../../arm-none-eabi/lib/thumb/v7e-m+fp/hard\libc_nano.a(lib_a-nano-vfprintf_float.o)
                0x0000000008006c94                __exponent
 .text._printf_float
                0x0000000008006d10      0x46c c:/st/stm32cubeide_1.6.1/stm32cubeide/plugins/com.st.stm32cube.ide.mcu.externaltools.gnu-tools-for-stm32.10.3-2021.10.win32_1.0.0.202111181127/tools/bin/../lib/gcc/arm-none-eabi/10.3.1/../../../../arm-none-eabi/lib/thumb/v7e-m+fp/hard\libc_nano.a(lib_a-nano-vfprintf_float.o)
                0x0000000008006d10                _printf_float
 .text._printf_common
                0x000000000800717c       0xda c:/st/stm32cubeide_1.6.1/stm32cubeide/plugins/com.st.stm32cube.ide.mcu.externaltools.gnu-tools-for-stm32.10.3-2021.10.win32_1.0.0.202111181127/tools/bin/../lib/gcc/arm-none-eabi/10.3.1/../../../../arm-none-eabi/lib/thumb/v7e-m+fp/hard\libc_nano.a(lib_a-nano-vfprintf_i.o)
                0x000000000800717c                _printf_common
 *fill*         0x0000000008007256        0x2 
 .text._printf_i
                0x0000000008007258      0x24c c:/st/stm32cubeide_1.6.1/stm32cubeide/plugins/com.st.stm32cube.ide.mcu.externaltools.gnu-tools-for-stm32.10.3-2021.10.win32_1.0.0.202111181127/tools/bin/../lib/gcc/arm-none-eabi/10.3.1/../../../../arm-none-eabi/lib/thumb/v7e-m+fp/hard\libc_nano.a(lib_a-nano-vfprintf_i.o)
                0x0000000008007258                _printf_i
 .text._sbrk_r  0x00000000080074a4       0x20 c:/st/stm32cubeide_1.6.1/stm32cubeide/plugins/com.st.stm32cube.ide.mcu.externaltools.gnu-tools-for-stm32.10.3-2021.10.win32_1.0.0.202111181127/tools/bin/../lib/gcc/arm-none-eabi/10.3.1/../../../../arm-none-eabi/lib/thumb/v7e-m+fp/hard\libc_nano.a(lib_a-sbrkr.o)
                0x00000000080074a4                _sbrk_r
 .text.sprintf  0x00000000080074c4       0x40 c:/st/stm32cubeide_1.6.1/stm32cubeide/plugins/com.st.stm32cube.ide.mcu.externaltools.gnu-tools-for-stm32.10.3-2021.10.win32_1.0.0.202111181127/tools/bin/../lib/gcc/arm-none-eabi/10.3.1/../../../../arm-none-eabi/lib/thumb/v7e-m+fp/hard\libc_nano.a(lib_a-sprintf.o)
                0x00000000080074c4                siprintf
                0x00000000080074c4                sprintf
 .text.__sread  0x0000000008007504       0x22 c:/st/stm32cubeide_1.6.1/stm32cubeide/plugins/com.st.stm32cube.ide.mcu.externaltools.gnu-tools-for-stm32.10.3-2021.10.win32_1.0.0.202111181127/tools/bin/../lib/gcc/arm-none-eabi/10.3.1/../../../../arm-none-eabi/lib/thumb/v7e-m+fp/hard\libc_nano.a(lib_a-stdio.o)
                0x0000000008007504                __sread
 .text.__swrite
                0x0000000008007526       0x38 c:/st/stm32cubeide_1.6.1/stm32cubeide/plugins/com.st.stm32cube.ide.mcu.externaltools.gnu-tools-for-stm32.10.3-2021.10.win32_1.0.0.202111181127/tools/bin/../lib/gcc/arm-none-eabi/10.3.1/../../../../arm-none-eabi/lib/thumb/v7e-m+fp/hard\libc_nano.a(lib_a-stdio.o)
                0x0000000008007526                __swrite
 .text.__sseek  0x000000000800755e       0x24 c:/st/stm32cubeide_1.6.1/stm32cubeide/plugins/com.st.stm32cube.ide.mcu.externaltools.gnu-tools-for-stm32.10.3-2021.10.win32_1.0.0.202111181127/tools/bin/../lib/gcc/arm-none-eabi/10.3.1/../../../../arm-none-eabi/lib/thumb/v7e-m+fp/hard\libc_nano.a(lib_a-stdio.o)
                0x000000000800755e                __sseek
 .text.__sclose
                0x0000000008007582        0x8 c:/st/stm32cubeide_1.6.1/stm32cubeide/plugins/com.st.stm32cube.ide.mcu.externaltools.gnu-tools-for-stm32.10.3-2021.10.win32_1.0.0.202111181127/tools/bin/../lib/gcc/arm-none-eabi/10.3.1/../../../../arm-none-eabi/lib/thumb/v7e-m+fp/hard\libc_nano.a(lib_a-stdio.o)
                0x0000000008007582                __sclose
 .text.strcpy   0x000000000800758a       0x10 c:/st/stm32cubeide_1.6.1/stm32cubeide/plugins/com.st.stm32cube.ide.mcu.externaltools.gnu-tools-for-stm32.10.3-2021.10.win32_1.0.0.202111181127/tools/bin/../lib/gcc/arm-none-eabi/10.3.1/../../../../arm-none-eabi/lib/thumb/v7e-m+fp/hard\libc_nano.a(lib_a-strcpy.o)
                0x000000000800758a                strcpy
 *fill*         0x000000000800759a        0x2 
 .text._strtol_l.constprop.0
                0x000000000800759c      0x104 c:/st/stm32cubeide_1.6.1/stm32cubeide/plugins/com.st.stm32cube.ide.mcu.externaltools.gnu-tools-for-stm32.10.3-2021.10.win32_1.0.0.202111181127/tools/bin/../lib/gcc/arm-none-eabi/10.3.1/../../../../arm-none-eabi/lib/thumb/v7e-m+fp/hard\libc_nano.a(lib_a-strtol.o)
 .text.strtol   0x00000000080076a0       0x14 c:/st/stm32cubeide_1.6.1/stm32cubeide/plugins/com.st.stm32cube.ide.mcu.externaltools.gnu-tools-for-stm32.10.3-2021.10.win32_1.0.0.202111181127/tools/bin/../lib/gcc/arm-none-eabi/10.3.1/../../../../arm-none-eabi/lib/thumb/v7e-m+fp/hard\libc_nano.a(lib_a-strtol.o)
                0x00000000080076a0                strtol
 .text._write_r
                0x00000000080076b4       0x24 c:/st/stm32cubeide_1.6.1/stm32cubeide/plugins/com.st.stm32cube.ide.mcu.externaltools.gnu-tools-for-stm32.10.3-2021.10.win32_1.0.0.202111181127/tools/bin/../lib/gcc/arm-none-eabi/10.3.1/../../../../arm-none-eabi/lib/thumb/v7e-m+fp/hard\libc_nano.a(lib_a-writer.o)
                0x00000000080076b4                _write_r
 .text._close_r
                0x00000000080076d8       0x20 c:/st/stm32cubeide_1.6.1/stm32cubeide/plugins/com.st.stm32cube.ide.mcu.externaltools.gnu-tools-for-stm32.10.3-2021.10.win32_1.0.0.202111181127/tools/bin/../lib/gcc/arm-none-eabi/10.3.1/../../../../arm-none-eabi/lib/thumb/v7e-m+fp/hard\libc_nano.a(lib_a-closer.o)
                0x00000000080076d8                _close_r
 .text.quorem   0x00000000080076f8      0x116 c:/st/stm32cubeide_1.6.1/stm32cubeide/plugins/com.st.stm32cube.ide.mcu.externaltools.gnu-tools-for-stm32.10.3-2021.10.win32_1.0.0.202111181127/tools/bin/../lib/gcc/arm-none-eabi/10.3.1/../../../../arm-none-eabi/lib/thumb/v7e-m+fp/hard\libc_nano.a(lib_a-dtoa.o)
 *fill*         0x000000000800780e        0x2 
 .text._dtoa_r  0x0000000008007810      0xbdc c:/st/stm32cubeide_1.6.1/stm32cubeide/plugins/com.st.stm32cube.ide.mcu.externaltools.gnu-tools-for-stm32.10.3-2021.10.win32_1.0.0.202111181127/tools/bin/../lib/gcc/arm-none-eabi/10.3.1/../../../../arm-none-eabi/lib/thumb/v7e-m+fp/hard\libc_nano.a(lib_a-dtoa.o)
                0x0000000008007810                _dtoa_r
 .text._fstat_r
                0x00000000080083ec       0x24 c:/st/stm32cubeide_1.6.1/stm32cubeide/plugins/com.st.stm32cube.ide.mcu.externaltools.gnu-tools-for-stm32.10.3-2021.10.win32_1.0.0.202111181127/tools/bin/../lib/gcc/arm-none-eabi/10.3.1/../../../../arm-none-eabi/lib/thumb/v7e-m+fp/hard\libc_nano.a(lib_a-fstatr.o)
                0x00000000080083ec                _fstat_r
 .text._isatty_r
                0x0000000008008410       0x20 c:/st/stm32cubeide_1.6.1/stm32cubeide/plugins/com.st.stm32cube.ide.mcu.externaltools.gnu-tools-for-stm32.10.3-2021.10.win32_1.0.0.202111181127/tools/bin/../lib/gcc/arm-none-eabi/10.3.1/../../../../arm-none-eabi/lib/thumb/v7e-m+fp/hard\libc_nano.a(lib_a-isattyr.o)
                0x0000000008008410                _isatty_r
 .text._localeconv_r
                0x0000000008008430        0x8 c:/st/stm32cubeide_1.6.1/stm32cubeide/plugins/com.st.stm32cube.ide.mcu.externaltools.gnu-tools-for-stm32.10.3-2021.10.win32_1.0.0.202111181127/tools/bin/../lib/gcc/arm-none-eabi/10.3.1/../../../../arm-none-eabi/lib/thumb/v7e-m+fp/hard\libc_nano.a(lib_a-localeconv.o)
                0x0000000008008430                _localeconv_r
 .text._lseek_r
                0x0000000008008438       0x24 c:/st/stm32cubeide_1.6.1/stm32cubeide/plugins/com.st.stm32cube.ide.mcu.externaltools.gnu-tools-for-stm32.10.3-2021.10.win32_1.0.0.202111181127/tools/bin/../lib/gcc/arm-none-eabi/10.3.1/../../../../arm-none-eabi/lib/thumb/v7e-m+fp/hard\libc_nano.a(lib_a-lseekr.o)
                0x0000000008008438                _lseek_r
 .text.__malloc_lock
                0x000000000800845c        0xc c:/st/stm32cubeide_1.6.1/stm32cubeide/plugins/com.st.stm32cube.ide.mcu.externaltools.gnu-tools-for-stm32.10.3-2021.10.win32_1.0.0.202111181127/tools/bin/../lib/gcc/arm-none-eabi/10.3.1/../../../../arm-none-eabi/lib/thumb/v7e-m+fp/hard\libc_nano.a(lib_a-mlock.o)
                0x000000000800845c                __malloc_lock
 .text.__malloc_unlock
                0x0000000008008468        0xc c:/st/stm32cubeide_1.6.1/stm32cubeide/plugins/com.st.stm32cube.ide.mcu.externaltools.gnu-tools-for-stm32.10.3-2021.10.win32_1.0.0.202111181127/tools/bin/../lib/gcc/arm-none-eabi/10.3.1/../../../../arm-none-eabi/lib/thumb/v7e-m+fp/hard\libc_nano.a(lib_a-mlock.o)
                0x0000000008008468                __malloc_unlock
 .text._Balloc  0x0000000008008474       0x80 c:/st/stm32cubeide_1.6.1/stm32cubeide/plugins/com.st.stm32cube.ide.mcu.externaltools.gnu-tools-for-stm32.10.3-2021.10.win32_1.0.0.202111181127/tools/bin/../lib/gcc/arm-none-eabi/10.3.1/../../../../arm-none-eabi/lib/thumb/v7e-m+fp/hard\libc_nano.a(lib_a-mprec.o)
                0x0000000008008474                _Balloc
 .text._Bfree   0x00000000080084f4       0x44 c:/st/stm32cubeide_1.6.1/stm32cubeide/plugins/com.st.stm32cube.ide.mcu.externaltools.gnu-tools-for-stm32.10.3-2021.10.win32_1.0.0.202111181127/tools/bin/../lib/gcc/arm-none-eabi/10.3.1/../../../../arm-none-eabi/lib/thumb/v7e-m+fp/hard\libc_nano.a(lib_a-mprec.o)
                0x00000000080084f4                _Bfree
 .text.__multadd
                0x0000000008008538       0x8c c:/st/stm32cubeide_1.6.1/stm32cubeide/plugins/com.st.stm32cube.ide.mcu.externaltools.gnu-tools-for-stm32.10.3-2021.10.win32_1.0.0.202111181127/tools/bin/../lib/gcc/arm-none-eabi/10.3.1/../../../../arm-none-eabi/lib/thumb/v7e-m+fp/hard\libc_nano.a(lib_a-mprec.o)
                0x0000000008008538                __multadd
 .text.__hi0bits
                0x00000000080085c4       0x40 c:/st/stm32cubeide_1.6.1/stm32cubeide/plugins/com.st.stm32cube.ide.mcu.externaltools.gnu-tools-for-stm32.10.3-2021.10.win32_1.0.0.202111181127/tools/bin/../lib/gcc/arm-none-eabi/10.3.1/../../../../arm-none-eabi/lib/thumb/v7e-m+fp/hard\libc_nano.a(lib_a-mprec.o)
                0x00000000080085c4                __hi0bits
 .text.__lo0bits
                0x0000000008008604       0x5e c:/st/stm32cubeide_1.6.1/stm32cubeide/plugins/com.st.stm32cube.ide.mcu.externaltools.gnu-tools-for-stm32.10.3-2021.10.win32_1.0.0.202111181127/tools/bin/../lib/gcc/arm-none-eabi/10.3.1/../../../../arm-none-eabi/lib/thumb/v7e-m+fp/hard\libc_nano.a(lib_a-mprec.o)
                0x0000000008008604                __lo0bits
 *fill*         0x0000000008008662        0x2 
 .text.__i2b    0x0000000008008664       0x2c c:/st/stm32cubeide_1.6.1/stm32cubeide/plugins/com.st.stm32cube.ide.mcu.externaltools.gnu-tools-for-stm32.10.3-2021.10.win32_1.0.0.202111181127/tools/bin/../lib/gcc/arm-none-eabi/10.3.1/../../../../arm-none-eabi/lib/thumb/v7e-m+fp/hard\libc_nano.a(lib_a-mprec.o)
                0x0000000008008664                __i2b
 .text.__multiply
                0x0000000008008690      0x154 c:/st/stm32cubeide_1.6.1/stm32cubeide/plugins/com.st.stm32cube.ide.mcu.externaltools.gnu-tools-for-stm32.10.3-2021.10.win32_1.0.0.202111181127/tools/bin/../lib/gcc/arm-none-eabi/10.3.1/../../../../arm-none-eabi/lib/thumb/v7e-m+fp/hard\libc_nano.a(lib_a-mprec.o)
                0x0000000008008690                __multiply
 .text.__pow5mult
                0x00000000080087e4       0xb4 c:/st/stm32cubeide_1.6.1/stm32cubeide/plugins/com.st.stm32cube.ide.mcu.externaltools.gnu-tools-for-stm32.10.3-2021.10.win32_1.0.0.202111181127/tools/bin/../lib/gcc/arm-none-eabi/10.3.1/../../../../arm-none-eabi/lib/thumb/v7e-m+fp/hard\libc_nano.a(lib_a-mprec.o)
                0x00000000080087e4                __pow5mult
 .text.__lshift
                0x0000000008008898       0xe0 c:/st/stm32cubeide_1.6.1/stm32cubeide/plugins/com.st.stm32cube.ide.mcu.externaltools.gnu-tools-for-stm32.10.3-2021.10.win32_1.0.0.202111181127/tools/bin/../lib/gcc/arm-none-eabi/10.3.1/../../../../arm-none-eabi/lib/thumb/v7e-m+fp/hard\libc_nano.a(lib_a-mprec.o)
                0x0000000008008898                __lshift
 .text.__mcmp   0x0000000008008978       0x38 c:/st/stm32cubeide_1.6.1/stm32cubeide/plugins/com.st.stm32cube.ide.mcu.externaltools.gnu-tools-for-stm32.10.3-2021.10.win32_1.0.0.202111181127/tools/bin/../lib/gcc/arm-none-eabi/10.3.1/../../../../arm-none-eabi/lib/thumb/v7e-m+fp/hard\libc_nano.a(lib_a-mprec.o)
                0x0000000008008978                __mcmp
 .text.__mdiff  0x00000000080089b0      0x114 c:/st/stm32cubeide_1.6.1/stm32cubeide/plugins/com.st.stm32cube.ide.mcu.externaltools.gnu-tools-for-stm32.10.3-2021.10.win32_1.0.0.202111181127/tools/bin/../lib/gcc/arm-none-eabi/10.3.1/../../../../arm-none-eabi/lib/thumb/v7e-m+fp/hard\libc_nano.a(lib_a-mprec.o)
                0x00000000080089b0                __mdiff
 .text.__d2b    0x0000000008008ac4       0xb8 c:/st/stm32cubeide_1.6.1/stm32cubeide/plugins/com.st.stm32cube.ide.mcu.externaltools.gnu-tools-for-stm32.10.3-2021.10.win32_1.0.0.202111181127/tools/bin/../lib/gcc/arm-none-eabi/10.3.1/../../../../arm-none-eabi/lib/thumb/v7e-m+fp/hard\libc_nano.a(lib_a-mprec.o)
                0x0000000008008ac4                __d2b
 .text._calloc_r
                0x0000000008008b7c       0x2c c:/st/stm32cubeide_1.6.1/stm32cubeide/plugins/com.st.stm32cube.ide.mcu.externaltools.gnu-tools-for-stm32.10.3-2021.10.win32_1.0.0.202111181127/tools/bin/../lib/gcc/arm-none-eabi/10.3.1/../../../../arm-none-eabi/lib/thumb/v7e-m+fp/hard\libc_nano.a(lib_a-nano-callocr.o)
                0x0000000008008b7c                _calloc_r
 .text.__ssputs_r
                0x0000000008008ba8       0xb6 c:/st/stm32cubeide_1.6.1/stm32cubeide/plugins/com.st.stm32cube.ide.mcu.externaltools.gnu-tools-for-stm32.10.3-2021.10.win32_1.0.0.202111181127/tools/bin/../lib/gcc/arm-none-eabi/10.3.1/../../../../arm-none-eabi/lib/thumb/v7e-m+fp/hard\libc_nano.a(lib_a-nano-svfprintf.o)
                0x0000000008008ba8                __ssputs_r
 *fill*         0x0000000008008c5e        0x2 
 .text._svfprintf_r
                0x0000000008008c60      0x200 c:/st/stm32cubeide_1.6.1/stm32cubeide/plugins/com.st.stm32cube.ide.mcu.externaltools.gnu-tools-for-stm32.10.3-2021.10.win32_1.0.0.202111181127/tools/bin/../lib/gcc/arm-none-eabi/10.3.1/../../../../arm-none-eabi/lib/thumb/v7e-m+fp/hard\libc_nano.a(lib_a-nano-svfprintf.o)
                0x0000000008008c60                _svfiprintf_r
                0x0000000008008c60                _svfprintf_r
 .text._read_r  0x0000000008008e60       0x24 c:/st/stm32cubeide_1.6.1/stm32cubeide/plugins/com.st.stm32cube.ide.mcu.externaltools.gnu-tools-for-stm32.10.3-2021.10.win32_1.0.0.202111181127/tools/bin/../lib/gcc/arm-none-eabi/10.3.1/../../../../arm-none-eabi/lib/thumb/v7e-m+fp/hard\libc_nano.a(lib_a-readr.o)
                0x0000000008008e60                _read_r
 .text.__assert_func
                0x0000000008008e84       0x3c c:/st/stm32cubeide_1.6.1/stm32cubeide/plugins/com.st.stm32cube.ide.mcu.externaltools.gnu-tools-for-stm32.10.3-2021.10.win32_1.0.0.202111181127/tools/bin/../lib/gcc/arm-none-eabi/10.3.1/../../../../arm-none-eabi/lib/thumb/v7e-m+fp/hard\libc_nano.a(lib_a-assert.o)
                0x0000000008008e84                __assert_func
 .text.fprintf  0x0000000008008ec0       0x24 c:/st/stm32cubeide_1.6.1/stm32cubeide/plugins/com.st.stm32cube.ide.mcu.externaltools.gnu-tools-for-stm32.10.3-2021.10.win32_1.0.0.202111181127/tools/bin/../lib/gcc/arm-none-eabi/10.3.1/../../../../arm-none-eabi/lib/thumb/v7e-m+fp/hard\libc_nano.a(lib_a-fprintf.o)
                0x0000000008008ec0                fiprintf
                0x0000000008008ec0                fprintf
 .text.__ascii_mbtowc
                0x0000000008008ee4       0x24 c:/st/stm32cubeide_1.6.1/stm32cubeide/plugins/com.st.stm32cube.ide.mcu.externaltools.gnu-tools-for-stm32.10.3-2021.10.win32_1.0.0.202111181127/tools/bin/../lib/gcc/arm-none-eabi/10.3.1/../../../../arm-none-eabi/lib/thumb/v7e-m+fp/hard\libc_nano.a(lib_a-mbtowc_r.o)
                0x0000000008008ee4                __ascii_mbtowc
 .text.memmove  0x0000000008008f08       0x34 c:/st/stm32cubeide_1.6.1/stm32cubeide/plugins/com.st.stm32cube.ide.mcu.externaltools.gnu-tools-for-stm32.10.3-2021.10.win32_1.0.0.202111181127/tools/bin/../lib/gcc/arm-none-eabi/10.3.1/../../../../arm-none-eabi/lib/thumb/v7e-m+fp/hard\libc_nano.a(lib_a-memmove.o)
                0x0000000008008f08                memmove
 .text._realloc_r
                0x0000000008008f3c       0x5e c:/st/stm32cubeide_1.6.1/stm32cubeide/plugins/com.st.stm32cube.ide.mcu.externaltools.gnu-tools-for-stm32.10.3-2021.10.win32_1.0.0.202111181127/tools/bin/../lib/gcc/arm-none-eabi/10.3.1/../../../../arm-none-eabi/lib/thumb/v7e-m+fp/hard\libc_nano.a(lib_a-nano-reallocr.o)
                0x0000000008008f3c                _realloc_r
 .text.__sfputc_r
                0x0000000008008f9a       0x2e c:/st/stm32cubeide_1.6.1/stm32cubeide/plugins/com.st.stm32cube.ide.mcu.externaltools.gnu-tools-for-stm32.10.3-2021.10.win32_1.0.0.202111181127/tools/bin/../lib/gcc/arm-none-eabi/10.3.1/../../../../arm-none-eabi/lib/thumb/v7e-m+fp/hard\libc_nano.a(lib_a-nano-vfprintf.o)
 .text.__sfputs_r
                0x0000000008008fc8       0x24 c:/st/stm32cubeide_1.6.1/stm32cubeide/plugins/com.st.stm32cube.ide.mcu.externaltools.gnu-tools-for-stm32.10.3-2021.10.win32_1.0.0.202111181127/tools/bin/../lib/gcc/arm-none-eabi/10.3.1/../../../../arm-none-eabi/lib/thumb/v7e-m+fp/hard\libc_nano.a(lib_a-nano-vfprintf.o)
                0x0000000008008fc8                __sfputs_r
 .text._vfprintf_r
                0x0000000008008fec      0x260 c:/st/stm32cubeide_1.6.1/stm32cubeide/plugins/com.st.stm32cube.ide.mcu.externaltools.gnu-tools-for-stm32.10.3-2021.10.win32_1.0.0.202111181127/tools/bin/../lib/gcc/arm-none-eabi/10.3.1/../../../../arm-none-eabi/lib/thumb/v7e-m+fp/hard\libc_nano.a(lib_a-nano-vfprintf.o)
                0x0000000008008fec                _vfprintf_r
                0x0000000008008fec                _vfiprintf_r
 .text.__swbuf_r
                0x000000000800924c       0xa4 c:/st/stm32cubeide_1.6.1/stm32cubeide/plugins/com.st.stm32cube.ide.mcu.externaltools.gnu-tools-for-stm32.10.3-2021.10.win32_1.0.0.202111181127/tools/bin/../lib/gcc/arm-none-eabi/10.3.1/../../../../arm-none-eabi/lib/thumb/v7e-m+fp/hard\libc_nano.a(lib_a-wbuf.o)
                0x000000000800924c                __swbuf_r
 .text.__ascii_wctomb
                0x00000000080092f0       0x1a c:/st/stm32cubeide_1.6.1/stm32cubeide/plugins/com.st.stm32cube.ide.mcu.externaltools.gnu-tools-for-stm32.10.3-2021.10.win32_1.0.0.202111181127/tools/bin/../lib/gcc/arm-none-eabi/10.3.1/../../../../arm-none-eabi/lib/thumb/v7e-m+fp/hard\libc_nano.a(lib_a-wctomb_r.o)
                0x00000000080092f0                __ascii_wctomb
 *fill*         0x000000000800930a        0x2 
 .text.__swsetup_r
                0x000000000800930c       0xdc c:/st/stm32cubeide_1.6.1/stm32cubeide/plugins/com.st.stm32cube.ide.mcu.externaltools.gnu-tools-for-stm32.10.3-2021.10.win32_1.0.0.202111181127/tools/bin/../lib/gcc/arm-none-eabi/10.3.1/../../../../arm-none-eabi/lib/thumb/v7e-m+fp/hard\libc_nano.a(lib_a-wsetup.o)
                0x000000000800930c                __swsetup_r
 .text.abort    0x00000000080093e8        0xe c:/st/stm32cubeide_1.6.1/stm32cubeide/plugins/com.st.stm32cube.ide.mcu.externaltools.gnu-tools-for-stm32.10.3-2021.10.win32_1.0.0.202111181127/tools/bin/../lib/gcc/arm-none-eabi/10.3.1/../../../../arm-none-eabi/lib/thumb/v7e-m+fp/hard\libc_nano.a(lib_a-abort.o)
                0x00000000080093e8                abort
 .text._malloc_usable_size_r
                0x00000000080093f6       0x10 c:/st/stm32cubeide_1.6.1/stm32cubeide/plugins/com.st.stm32cube.ide.mcu.externaltools.gnu-tools-for-stm32.10.3-2021.10.win32_1.0.0.202111181127/tools/bin/../lib/gcc/arm-none-eabi/10.3.1/../../../../arm-none-eabi/lib/thumb/v7e-m+fp/hard\libc_nano.a(lib_a-nano-msizer.o)
                0x00000000080093f6                _malloc_usable_size_r
 .text._raise_r
                0x0000000008009406       0x50 c:/st/stm32cubeide_1.6.1/stm32cubeide/plugins/com.st.stm32cube.ide.mcu.externaltools.gnu-tools-for-stm32.10.3-2021.10.win32_1.0.0.202111181127/tools/bin/../lib/gcc/arm-none-eabi/10.3.1/../../../../arm-none-eabi/lib/thumb/v7e-m+fp/hard\libc_nano.a(lib_a-signal.o)
                0x0000000008009406                _raise_r
 *fill*         0x0000000008009456        0x2 
 .text.raise    0x0000000008009458       0x10 c:/st/stm32cubeide_1.6.1/stm32cubeide/plugins/com.st.stm32cube.ide.mcu.externaltools.gnu-tools-for-stm32.10.3-2021.10.win32_1.0.0.202111181127/tools/bin/../lib/gcc/arm-none-eabi/10.3.1/../../../../arm-none-eabi/lib/thumb/v7e-m+fp/hard\libc_nano.a(lib_a-signal.o)
                0x0000000008009458                raise
 .text._kill_r  0x0000000008009468       0x24 c:/st/stm32cubeide_1.6.1/stm32cubeide/plugins/com.st.stm32cube.ide.mcu.externaltools.gnu-tools-for-stm32.10.3-2021.10.win32_1.0.0.202111181127/tools/bin/../lib/gcc/arm-none-eabi/10.3.1/../../../../arm-none-eabi/lib/thumb/v7e-m+fp/hard\libc_nano.a(lib_a-signalr.o)
                0x0000000008009468                _kill_r
 .text._getpid_r
                0x000000000800948c        0x4 c:/st/stm32cubeide_1.6.1/stm32cubeide/plugins/com.st.stm32cube.ide.mcu.externaltools.gnu-tools-for-stm32.10.3-2021.10.win32_1.0.0.202111181127/tools/bin/../lib/gcc/arm-none-eabi/10.3.1/../../../../arm-none-eabi/lib/thumb/v7e-m+fp/hard\libc_nano.a(lib_a-signalr.o)
                0x000000000800948c                _getpid_r
 .text.atan     0x0000000008009490      0x340 c:/st/stm32cubeide_1.6.1/stm32cubeide/plugins/com.st.stm32cube.ide.mcu.externaltools.gnu-tools-for-stm32.10.3-2021.10.win32_1.0.0.202111181127/tools/bin/../lib/gcc/arm-none-eabi/10.3.1/../../../../arm-none-eabi/lib/thumb/v7e-m+fp/hard\libm.a(lib_a-s_atan.o)
                0x0000000008009490                atan
 .text.fabs     0x00000000080097d0       0x12 c:/st/stm32cubeide_1.6.1/stm32cubeide/plugins/com.st.stm32cube.ide.mcu.externaltools.gnu-tools-for-stm32.10.3-2021.10.win32_1.0.0.202111181127/tools/bin/../lib/gcc/arm-none-eabi/10.3.1/../../../../arm-none-eabi/lib/thumb/v7e-m+fp/hard\libm.a(lib_a-s_fabs.o)
                0x00000000080097d0                fabs
 .text.sqrt     0x00000000080097e2       0x58 c:/st/stm32cubeide_1.6.1/stm32cubeide/plugins/com.st.stm32cube.ide.mcu.externaltools.gnu-tools-for-stm32.10.3-2021.10.win32_1.0.0.202111181127/tools/bin/../lib/gcc/arm-none-eabi/10.3.1/../../../../arm-none-eabi/lib/thumb/v7e-m+fp/hard\libm.a(lib_a-w_sqrt.o)
                0x00000000080097e2                sqrt
 *fill*         0x000000000800983a        0x2 
 .text.__ieee754_sqrt
                0x000000000800983c      0x164 c:/st/stm32cubeide_1.6.1/stm32cubeide/plugins/com.st.stm32cube.ide.mcu.externaltools.gnu-tools-for-stm32.10.3-2021.10.win32_1.0.0.202111181127/tools/bin/../lib/gcc/arm-none-eabi/10.3.1/../../../../arm-none-eabi/lib/thumb/v7e-m+fp/hard\libm.a(lib_a-e_sqrt.o)
                0x000000000800983c                __ieee754_sqrt
 *(.glue_7)
 .glue_7        0x00000000080099a0        0x0 linker stubs
 *(.glue_7t)
 .glue_7t       0x00000000080099a0        0x0 linker stubs
 *(.eh_frame)
 .eh_frame      0x00000000080099a0        0x0 c:/st/stm32cubeide_1.6.1/stm32cubeide/plugins/com.st.stm32cube.ide.mcu.externaltools.gnu-tools-for-stm32.10.3-2021.10.win32_1.0.0.202111181127/tools/bin/../lib/gcc/arm-none-eabi/10.3.1/thumb/v7e-m+fp/hard/crtbegin.o
 *(.init)
 .init          0x00000000080099a0        0x4 c:/st/stm32cubeide_1.6.1/stm32cubeide/plugins/com.st.stm32cube.ide.mcu.externaltools.gnu-tools-for-stm32.10.3-2021.10.win32_1.0.0.202111181127/tools/bin/../lib/gcc/arm-none-eabi/10.3.1/thumb/v7e-m+fp/hard/crti.o
                0x00000000080099a0                _init
 .init          0x00000000080099a4        0x8 c:/st/stm32cubeide_1.6.1/stm32cubeide/plugins/com.st.stm32cube.ide.mcu.externaltools.gnu-tools-for-stm32.10.3-2021.10.win32_1.0.0.202111181127/tools/bin/../lib/gcc/arm-none-eabi/10.3.1/thumb/v7e-m+fp/hard/crtn.o
 *(.fini)
 .fini          0x00000000080099ac        0x4 c:/st/stm32cubeide_1.6.1/stm32cubeide/plugins/com.st.stm32cube.ide.mcu.externaltools.gnu-tools-for-stm32.10.3-2021.10.win32_1.0.0.202111181127/tools/bin/../lib/gcc/arm-none-eabi/10.3.1/thumb/v7e-m+fp/hard/crti.o
                0x00000000080099ac                _fini
 .fini          0x00000000080099b0        0x8 c:/st/stm32cubeide_1.6.1/stm32cubeide/plugins/com.st.stm32cube.ide.mcu.externaltools.gnu-tools-for-stm32.10.3-2021.10.win32_1.0.0.202111181127/tools/bin/../lib/gcc/arm-none-eabi/10.3.1/thumb/v7e-m+fp/hard/crtn.o
                0x00000000080099b8                . = ALIGN (0x4)
                0x00000000080099b8                _etext = .

.vfp11_veneer   0x00000000080099b8        0x0
 .vfp11_veneer  0x00000000080099b8        0x0 linker stubs

.v4_bx          0x00000000080099b8        0x0
 .v4_bx         0x00000000080099b8        0x0 linker stubs

.iplt           0x00000000080099b8        0x0
 .iplt          0x00000000080099b8        0x0 c:/st/stm32cubeide_1.6.1/stm32cubeide/plugins/com.st.stm32cube.ide.mcu.externaltools.gnu-tools-for-stm32.10.3-2021.10.win32_1.0.0.202111181127/tools/bin/../lib/gcc/arm-none-eabi/10.3.1/thumb/v7e-m+fp/hard/crtbegin.o

.rodata         0x00000000080099b8     0x34f0
                0x00000000080099b8                . = ALIGN (0x4)
 *(.rodata)
 *(.rodata*)
 .rodata.display_float.str1.1
                0x00000000080099b8        0x5 ./Core/Src/gui.o
 .rodata.display_int.str1.1
                0x00000000080099bd        0x3 ./Core/Src/gui.o
 .rodata.std_font
                0x00000000080099c0     0x2fb5 ./Core/Src/gui.o
                0x00000000080099c0                std_font
 *fill*         0x000000000800c975        0x1 
 .rodata.init_table
                0x000000000800c976       0x98 ./Core/Src/lcd.o
 .rodata.nRF24_EventTxCallback.str1.1
                0x000000000800ca0e        0x5 ./Core/Src/main.o
 .rodata.nRF24_EventMrCallback.str1.1
                0x000000000800ca13        0x5 ./Core/Src/main.o
 .rodata.main.str1.1
                0x000000000800ca18       0x18 ./Core/Src/main.o
 .rodata.AHBPrescTable
                0x000000000800ca30       0x10 ./Core/Src/system_stm32l4xx.o
                0x000000000800ca30                AHBPrescTable
 .rodata.APBPrescTable
                0x000000000800ca40        0x8 ./Core/Src/system_stm32l4xx.o
                0x000000000800ca40                APBPrescTable
 .rodata.MSIRangeTable
                0x000000000800ca48       0x30 ./Core/Src/system_stm32l4xx.o
                0x000000000800ca48                MSIRangeTable
 .rodata.CSWTCH.53
                0x000000000800ca78        0x3 ./Drivers/STM32L4xx_HAL_Driver/Src/stm32l4xx_hal_uart.o
 .rodata.CSWTCH.54
                0x000000000800ca7b        0xd ./Drivers/STM32L4xx_HAL_Driver/Src/stm32l4xx_hal_uart.o
 .rodata.__sf_fake_stderr
                0x000000000800ca88       0x20 c:/st/stm32cubeide_1.6.1/stm32cubeide/plugins/com.st.stm32cube.ide.mcu.externaltools.gnu-tools-for-stm32.10.3-2021.10.win32_1.0.0.202111181127/tools/bin/../lib/gcc/arm-none-eabi/10.3.1/../../../../arm-none-eabi/lib/thumb/v7e-m+fp/hard\libc_nano.a(lib_a-findfp.o)
                0x000000000800ca88                __sf_fake_stderr
 .rodata.__sf_fake_stdin
                0x000000000800caa8       0x20 c:/st/stm32cubeide_1.6.1/stm32cubeide/plugins/com.st.stm32cube.ide.mcu.externaltools.gnu-tools-for-stm32.10.3-2021.10.win32_1.0.0.202111181127/tools/bin/../lib/gcc/arm-none-eabi/10.3.1/../../../../arm-none-eabi/lib/thumb/v7e-m+fp/hard\libc_nano.a(lib_a-findfp.o)
                0x000000000800caa8                __sf_fake_stdin
 .rodata.__sf_fake_stdout
                0x000000000800cac8       0x20 c:/st/stm32cubeide_1.6.1/stm32cubeide/plugins/com.st.stm32cube.ide.mcu.externaltools.gnu-tools-for-stm32.10.3-2021.10.win32_1.0.0.202111181127/tools/bin/../lib/gcc/arm-none-eabi/10.3.1/../../../../arm-none-eabi/lib/thumb/v7e-m+fp/hard\libc_nano.a(lib_a-findfp.o)
                0x000000000800cac8                __sf_fake_stdout
 .rodata._global_impure_ptr
                0x000000000800cae8        0x4 c:/st/stm32cubeide_1.6.1/stm32cubeide/plugins/com.st.stm32cube.ide.mcu.externaltools.gnu-tools-for-stm32.10.3-2021.10.win32_1.0.0.202111181127/tools/bin/../lib/gcc/arm-none-eabi/10.3.1/../../../../arm-none-eabi/lib/thumb/v7e-m+fp/hard\libc_nano.a(lib_a-impure.o)
                0x000000000800cae8                _global_impure_ptr
 .rodata._printf_float.str1.1
                0x000000000800caec       0x12 c:/st/stm32cubeide_1.6.1/stm32cubeide/plugins/com.st.stm32cube.ide.mcu.externaltools.gnu-tools-for-stm32.10.3-2021.10.win32_1.0.0.202111181127/tools/bin/../lib/gcc/arm-none-eabi/10.3.1/../../../../arm-none-eabi/lib/thumb/v7e-m+fp/hard\libc_nano.a(lib_a-nano-vfprintf_float.o)
 .rodata._printf_i.str1.1