../Core/Src/main.c:91:6:MessegeHandle	16	static
../Core/Src/main.c:111:6:nRF24_EventTxCallback	8	static
../Core/Src/main.c:117:6:nRF24_EventMrCallback	8	static
../Core/Src/main.c:123:6:nRF24_EventRxCallback	8	static
../Core/Src/main.c:135:6:HAL_SPI_TxCpltCallback	0	static
../Core/Src/main.c:143:6:HAL_TIM_PeriodElapsedCallback	0	static
../Core/Src/main.c:256:6:SystemClock_Config	96	static,ignoring_inline_asm
../Core/Src/main.c:159:5:main	40	static
../Core/Src/main.c:303:6:HAL_GPIO_EXTI_Callback	0	static
../Core/Src/main.c:323:6:Error_Handler	0	static,ignoring_inline_asm
