../Core/Src/nRF24/nRF24.c:47:13:nRF24_Delay_ms	16	static
../Core/Src/nRF24/nRF24.c:52:13:nRF24_SendSpi	16	static
../Core/Src/nRF24/nRF24.c:57:13:nRF24_ReadSpi	16	static
../Core/Src/nRF24/nRF24.c:65:16:nRF24_ReadRegister	32	static
../Core/Src/nRF24/nRF24.c:79:13:nRF24_ReadRegisters	16	static
../Core/Src/nRF24/nRF24.c:91:13:nRF24_WriteRegister	32	static
../Core/Src/nRF24/nRF24.c:105:13:nRF24_WriteRegisters	16	static
../Core/Src/nRF24/nRF24.c:117:6:nRF24_RX_Mode	24	static
../Core/Src/nRF24/nRF24.c:138:6:nRF24_TX_Mode	24	static
../Core/Src/nRF24/nRF24.c:158:9:nRF24_ReadConfig	8	static
../Core/Src/nRF24/nRF24.c:163:6:nRF24_WriteConfig	16	static
../Core/Src/nRF24/nRF24.c:168:6:nRF24_SetPALevel	32	static
../Core/Src/nRF24/nRF24.c:176:6:nRF24_SetDataRate	32	static
../Core/Src/nRF24/nRF24.c:187:9:nRF24_ReadStatus	8	static
../Core/Src/nRF24/nRF24.c:192:6:nRF24_WriteStatus	16	static
../Core/Src/nRF24/nRF24.c:201:9:nRF24_ReadFifoStatus	8	static
../Core/Src/nRF24/nRF24.c:206:6:nRF24_WriteFifoStatus	16	static
../Core/Src/nRF24/nRF24.c:211:9:nRF24_IsBitSetInFifoStatus	32	static
../Core/Src/nRF24/nRF24.c:225:9:nRF24_IsTxReuse	8	static
../Core/Src/nRF24/nRF24.c:230:9:nRF24_IsTxFull	8	static
../Core/Src/nRF24/nRF24.c:235:9:nRF24_IsTxEmpty	8	static
../Core/Src/nRF24/nRF24.c:240:9:nRF24_IsRxFull	8	static
../Core/Src/nRF24/nRF24.c:245:9:nRF24_IsRxEmpty	8	static
../Core/Src/nRF24/nRF24.c:250:6:nRF24_FlushRX	16	static
../Core/Src/nRF24/nRF24.c:259:6:nRF24_FlushTX	16	static
../Core/Src/nRF24/nRF24.c:268:6:nRF24_EnableCRC	32	static
../Core/Src/nRF24/nRF24.c:279:6:nRF24_SetCRCLength	32	static
../Core/Src/nRF24/nRF24.c:289:6:nRF24_SetRetries	16	static
../Core/Src/nRF24/nRF24.c:295:6:nRF24_SetRFChannel	16	static
../Core/Src/nRF24/nRF24.c:300:6:nRF24_SetPayloadSize	16	static
../Core/Src/nRF24/nRF24.c:307:6:nRF24_EnablePipe	32	static
../Core/Src/nRF24/nRF24.c:319:6:nRF24_AutoACK	32	static
../Core/Src/nRF24/nRF24.c:331:6:nRF24_SetAddressWidth	16	static
../Core/Src/nRF24/nRF24.c:340:6:nRF24_SetRXAddress	24	static
../Core/Src/nRF24/nRF24.c:357:6:nRF24_SetTXAddress	32	static
../Core/Src/nRF24/nRF24.c:375:6:nRF24_ClearInterrupts	24	static
../Core/Src/nRF24/nRF24.c:382:9:nRF24_GetDynamicPayloadSize	24	static
../Core/Src/nRF24/nRF24.c:397:6:nRF24_EnableRXDataReadyIRQ	32	static
../Core/Src/nRF24/nRF24.c:409:6:nRF24_EnableTXDataSentIRQ	32	static
../Core/Src/nRF24/nRF24.c:421:6:nRF24_EnableMaxRetransmitIRQ	32	static
../Core/Src/nRF24/nRF24.c:433:6:nRF24_WriteTXPayload	16	static
../Core/Src/nRF24/nRF24.c:442:6:nRF24_WaitTX	24	static
../Core/Src/nRF24/nRF24.c:455:6:nRF24_ReadRXPaylaod	16	static
../Core/Src/nRF24/nRF24.c:470:17:nRF24_SendPacket	16	static
../Core/Src/nRF24/nRF24.c:484:9:nRF24_IsSomtehingToRead	8	static
../Core/Src/nRF24/nRF24.c:489:9:nRF24_IsSomtehingToSend	8	static
../Core/Src/nRF24/nRF24.c:495:9:nRF24_RXAvailable	8	static
../Core/Src/nRF24/nRF24.c:521:17:nRF24_ReceivePacket	16	static
../Core/Src/nRF24/nRF24.c:536:17:nRF24_SendData	24	static
../Core/Src/nRF24/nRF24.c:559:6:nRF24_CheckTXAndSend	56	static
../Core/Src/nRF24/nRF24.c:590:6:nRF24_ReceiveData	56	static
../Core/Src/nRF24/nRF24.c:612:17:nRF24_ReadData	32	static
../Core/Src/nRF24/nRF24.c:656:6:nRF24_IRQ_Handler	8	static
../Core/Src/nRF24/nRF24.c:661:6:nRF24_IRQ_Read	24	static
../Core/Src/nRF24/nRF24.c:697:13:nRF24_EventRxCallback	8	static
../Core/Src/nRF24/nRF24.c:702:13:nRF24_EventTxCallback	8	static
../Core/Src/nRF24/nRF24.c:707:13:nRF24_EventMrCallback	8	static
../Core/Src/nRF24/nRF24.c:712:6:nRF24_Event	8	static
../Core/Src/nRF24/nRF24.c:757:6:nRF24_Init	16	static
