Archive member included to satisfy reference by file (symbol)

g:/st/stm32cubeide_1.9.0/stm32cubeide/plugins/com.st.stm32cube.ide.mcu.externaltools.gnu-tools-for-stm32.10.3-2021.10.win32_1.0.0.202111181127/tools/bin/../lib/gcc/arm-none-eabi/10.3.1/../../../../arm-none-eabi/lib/thumb/v6-m/nofp\libc_nano.a(lib_a-atoi.o)
                              ./Core/Src/main.o (atoi)
g:/st/stm32cubeide_1.9.0/stm32cubeide/plugins/com.st.stm32cube.ide.mcu.externaltools.gnu-tools-for-stm32.10.3-2021.10.win32_1.0.0.202111181127/tools/bin/../lib/gcc/arm-none-eabi/10.3.1/../../../../arm-none-eabi/lib/thumb/v6-m/nofp\libc_nano.a(lib_a-errno.o)
                              ./Core/Src/syscalls.o (__errno)
g:/st/stm32cubeide_1.9.0/stm32cubeide/plugins/com.st.stm32cube.ide.mcu.externaltools.gnu-tools-for-stm32.10.3-2021.10.win32_1.0.0.202111181127/tools/bin/../lib/gcc/arm-none-eabi/10.3.1/../../../../arm-none-eabi/lib/thumb/v6-m/nofp\libc_nano.a(lib_a-exit.o)
                              g:/st/stm32cubeide_1.9.0/stm32cubeide/plugins/com.st.stm32cube.ide.mcu.externaltools.gnu-tools-for-stm32.10.3-2021.10.win32_1.0.0.202111181127/tools/bin/../lib/gcc/arm-none-eabi/10.3.1/../../../../arm-none-eabi/lib/thumb/v6-m/nofp/crt0.o (exit)
g:/st/stm32cubeide_1.9.0/stm32cubeide/plugins/com.st.stm32cube.ide.mcu.externaltools.gnu-tools-for-stm32.10.3-2021.10.win32_1.0.0.202111181127/tools/bin/../lib/gcc/arm-none-eabi/10.3.1/../../../../arm-none-eabi/lib/thumb/v6-m/nofp\libc_nano.a(lib_a-impure.o)
                              g:/st/stm32cubeide_1.9.0/stm32cubeide/plugins/com.st.stm32cube.ide.mcu.externaltools.gnu-tools-for-stm32.10.3-2021.10.win32_1.0.0.202111181127/tools/bin/../lib/gcc/arm-none-eabi/10.3.1/../../../../arm-none-eabi/lib/thumb/v6-m/nofp\libc_nano.a(lib_a-exit.o) (_global_impure_ptr)
g:/st/stm32cubeide_1.9.0/stm32cubeide/plugins/com.st.stm32cube.ide.mcu.externaltools.gnu-tools-for-stm32.10.3-2021.10.win32_1.0.0.202111181127/tools/bin/../lib/gcc/arm-none-eabi/10.3.1/../../../../arm-none-eabi/lib/thumb/v6-m/nofp\libc_nano.a(lib_a-init.o)
                              g:/st/stm32cubeide_1.9.0/stm32cubeide/plugins/com.st.stm32cube.ide.mcu.externaltools.gnu-tools-for-stm32.10.3-2021.10.win32_1.0.0.202111181127/tools/bin/../lib/gcc/arm-none-eabi/10.3.1/../../../../arm-none-eabi/lib/thumb/v6-m/nofp/crt0.o (__libc_init_array)
g:/st/stm32cubeide_1.9.0/stm32cubeide/plugins/com.st.stm32cube.ide.mcu.externaltools.gnu-tools-for-stm32.10.3-2021.10.win32_1.0.0.202111181127/tools/bin/../lib/gcc/arm-none-eabi/10.3.1/../../../../arm-none-eabi/lib/thumb/v6-m/nofp\libc_nano.a(lib_a-malloc.o)
                              ./Core/Src/ring_buffer.o (malloc)
g:/st/stm32cubeide_1.9.0/stm32cubeide/plugins/com.st.stm32cube.ide.mcu.externaltools.gnu-tools-for-stm32.10.3-2021.10.win32_1.0.0.202111181127/tools/bin/../lib/gcc/arm-none-eabi/10.3.1/../../../../arm-none-eabi/lib/thumb/v6-m/nofp\libc_nano.a(lib_a-memset.o)
                              g:/st/stm32cubeide_1.9.0/stm32cubeide/plugins/com.st.stm32cube.ide.mcu.externaltools.gnu-tools-for-stm32.10.3-2021.10.win32_1.0.0.202111181127/tools/bin/../lib/gcc/arm-none-eabi/10.3.1/../../../../arm-none-eabi/lib/thumb/v6-m/nofp/crt0.o (memset)
g:/st/stm32cubeide_1.9.0/stm32cubeide/plugins/com.st.stm32cube.ide.mcu.externaltools.gnu-tools-for-stm32.10.3-2021.10.win32_1.0.0.202111181127/tools/bin/../lib/gcc/arm-none-eabi/10.3.1/../../../../arm-none-eabi/lib/thumb/v6-m/nofp\libc_nano.a(lib_a-nano-freer.o)
                              g:/st/stm32cubeide_1.9.0/stm32cubeide/plugins/com.st.stm32cube.ide.mcu.externaltools.gnu-tools-for-stm32.10.3-2021.10.win32_1.0.0.202111181127/tools/bin/../lib/gcc/arm-none-eabi/10.3.1/../../../../arm-none-eabi/lib/thumb/v6-m/nofp\libc_nano.a(lib_a-malloc.o) (_free_r)
g:/st/stm32cubeide_1.9.0/stm32cubeide/plugins/com.st.stm32cube.ide.mcu.externaltools.gnu-tools-for-stm32.10.3-2021.10.win32_1.0.0.202111181127/tools/bin/../lib/gcc/arm-none-eabi/10.3.1/../../../../arm-none-eabi/lib/thumb/v6-m/nofp\libc_nano.a(lib_a-nano-mallocr.o)
                              g:/st/stm32cubeide_1.9.0/stm32cubeide/plugins/com.st.stm32cube.ide.mcu.externaltools.gnu-tools-for-stm32.10.3-2021.10.win32_1.0.0.202111181127/tools/bin/../lib/gcc/arm-none-eabi/10.3.1/../../../../arm-none-eabi/lib/thumb/v6-m/nofp\libc_nano.a(lib_a-malloc.o) (_malloc_r)
g:/st/stm32cubeide_1.9.0/stm32cubeide/plugins/com.st.stm32cube.ide.mcu.externaltools.gnu-tools-for-stm32.10.3-2021.10.win32_1.0.0.202111181127/tools/bin/../lib/gcc/arm-none-eabi/10.3.1/../../../../arm-none-eabi/lib/thumb/v6-m/nofp\libc_nano.a(lib_a-nano-vfprintf_float.o)
                              (_printf_float)
g:/st/stm32cubeide_1.9.0/stm32cubeide/plugins/com.st.stm32cube.ide.mcu.externaltools.gnu-tools-for-stm32.10.3-2021.10.win32_1.0.0.202111181127/tools/bin/../lib/gcc/arm-none-eabi/10.3.1/../../../../arm-none-eabi/lib/thumb/v6-m/nofp\libc_nano.a(lib_a-nano-vfprintf_i.o)
[...]
Memory Configuration

Name             Origin             Length             Attributes
RAM              0x0000000020000000 0x0000000000005000 xrw
FLASH            0x0000000008000000 0x0000000000030000 xr
*default*        0x0000000000000000 0xffffffffffffffff

Linker script and memory map

LOAD g:/st/stm32cubeide_1.9.0/stm32cubeide/plugins/com.st.stm32cube.ide.mcu.externaltools.gnu-tools-for-stm32.10.3-2021.10.win32_1.0.0.202111181127/tools/bin/../lib/gcc/arm-none-eabi/10.3.1/thumb/v6-m/nofp/crti.o
LOAD g:/st/stm32cubeide_1.9.0/stm32cubeide/plugins/com.st.stm32cube.ide.mcu.externaltools.gnu-tools-for-stm32.10.3-2021.10.win32_1.0.0.202111181127/tools/bin/../lib/gcc/arm-none-eabi/10.3.1/thumb/v6-m/nofp/crtbegin.o
LOAD g:/st/stm32cubeide_1.9.0/stm32cubeide/plugins/com.st.stm32cube.ide.mcu.externaltools.gnu-tools-for-stm32.10.3-2021.10.win32_1.0.0.202111181127/tools/bin/../lib/gcc/arm-none-eabi/10.3.1/../../../../arm-none-eabi/lib/thumb/v6-m/nofp/crt0.o
LOAD ./Core/Src/SimpleKalmanFilter.o
LOAD ./Core/Src/adc.o
LOAD ./Core/Src/dma.o
LOAD ./Core/Src/gpio.o
LOAD ./Core/Src/hcsr04.o
LOAD ./Core/Src/i2c.o
LOAD ./Core/Src/main.o
LOAD ./Core/Src/mpu6050.o
LOAD ./Core/Src/ring_buffer.o
LOAD ./Core/Src/robot.o
LOAD ./Core/Src/spi.o
LOAD ./Core/Src/stm32l0xx_hal_msp.o
LOAD ./Core/Src/stm32l0xx_it.o
LOAD ./Core/Src/syscalls.o
LOAD ./Core/Src/sysmem.o
LOAD ./Core/Src/system_stm32l0xx.o
LOAD ./Core/Src/tim.o
LOAD ./Core/Src/uart_usb_com.o
LOAD ./Core/Src/usart.o
LOAD ./Core/Src/nRF24/nRF24.o
LOAD ./Core/Startup/startup_stm32l073rztx.o
LOAD ./Drivers/STM32L0xx_HAL_Driver/Src/stm32l0xx_hal.o
LOAD ./Drivers/STM32L0xx_HAL_Driver/Src/stm32l0xx_hal_adc.o
LOAD ./Drivers/STM32L0xx_HAL_Driver/Src/stm32l0xx_hal_adc_ex.o
LOAD ./Drivers/STM32L0xx_HAL_Driver/Src/stm32l0xx_hal_cortex.o
LOAD ./Drivers/STM32L0xx_HAL_Driver/Src/stm32l0xx_hal_dma.o
LOAD ./Drivers/STM32L0xx_HAL_Driver/Src/stm32l0xx_hal_exti.o
LOAD ./Drivers/STM32L0xx_HAL_Driver/Src/stm32l0xx_hal_flash.o
LOAD ./Drivers/STM32L0xx_HAL_Driver/Src/stm32l0xx_hal_flash_ex.o
LOAD ./Drivers/STM32L0xx_HAL_Driver/Src/stm32l0xx_hal_flash_ramfunc.o
LOAD ./Drivers/STM32L0xx_HAL_Driver/Src/stm32l0xx_hal_gpio.o
LOAD ./Drivers/STM32L0xx_HAL_Driver/Src/stm32l0xx_hal_i2c.o
LOAD ./Drivers/STM32L0xx_HAL_Driver/Src/stm32l0xx_hal_i2c_ex.o
LOAD ./Drivers/STM32L0xx_HAL_Driver/Src/stm32l0xx_hal_pwr.o
LOAD ./Drivers/STM32L0xx_HAL_Driver/Src/stm32l0xx_hal_pwr_ex.o
LOAD ./Drivers/STM32L0xx_HAL_Driver/Src/stm32l0xx_hal_rcc.o
LOAD ./Drivers/STM32L0xx_HAL_Driver/Src/stm32l0xx_hal_rcc_ex.o
LOAD ./Drivers/STM32L0xx_HAL_Driver/Src/stm32l0xx_hal_spi.o
LOAD ./Drivers/STM32L0xx_HAL_Driver/Src/stm32l0xx_hal_tim.o
LOAD ./Drivers/STM32L0xx_HAL_Driver/Src/stm32l0xx_hal_tim_ex.o
LOAD ./Drivers/STM32L0xx_HAL_Driver/Src/stm32l0xx_hal_uart.o
LOAD ./Drivers/STM32L0xx_HAL_Driver/Src/stm32l0xx_hal_uart_ex.o
START GROUP
LOAD g:/st/stm32cubeide_1.9.0/stm32cubeide/plugins/com.st.stm32cube.ide.mcu.externaltools.gnu-tools-for-stm32.10.3-2021.10.win32_1.0.0.202111181127/tools/bin/../lib/gcc/arm-none-eabi/10.3.1/../../../../arm-none-eabi/lib/thumb/v6-m/nofp\libc_nano.a
LOAD g:/st/stm32cubeide_1.9.0/stm32cubeide/plugins/com.st.stm32cube.ide.mcu.externaltools.gnu-tools-for-stm32.10.3-2021.10.win32_1.0.0.202111181127/tools/bin/../lib/gcc/arm-none-eabi/10.3.1/../../../../arm-none-eabi/lib/thumb/v6-m/nofp\libm.a
END GROUP
START GROUP
LOAD g:/st/stm32cubeide_1.9.0/stm32cubeide/plugins/com.st.stm32cube.ide.mcu.externaltools.gnu-tools-for-stm32.10.3-2021.10.win32_1.0.0.202111181127/tools/bin/../lib/gcc/arm-none-eabi/10.3.1/thumb/v6-m/nofp\libgcc.a
LOAD g:/st/stm32cubeide_1.9.0/stm32cubeide/plugins/com.st.stm32cube.ide.mcu.externaltools.gnu-tools-for-stm32.10.3-2021.10.win32_1.0.0.202111181127/tools/bin/../lib/gcc/arm-none-eabi/10.3.1/../../../../arm-none-eabi/lib/thumb/v6-m/nofp\libc_nano.a
END GROUP
START GROUP
LOAD g:/st/stm32cubeide_1.9.0/stm32cubeide/plugins/com.st.stm32cube.ide.mcu.externaltools.gnu-tools-for-stm32.10.3-2021.10.win32_1.0.0.202111181127/tools/bin/../lib/gcc/arm-none-eabi/10.3.1/thumb/v6-m/nofp\libgcc.a
LOAD g:/st/stm32cubeide_1.9.0/stm32cubeide/plugins/com.st.stm32cube.ide.mcu.externaltools.gnu-tools-for-stm32.10.3-2021.10.win32_1.0.0.202111181127/tools/bin/../lib/gcc/arm-none-eabi/10.3.1/../../../../arm-none-eabi/lib/thumb/v6-m/nofp\libc_nano.a
LOAD g:/st/stm32cubeide_1.9.0/stm32cubeide/plugins/com.st.stm32cube.ide.mcu.externaltools.gnu-tools-for-stm32.10.3-2021.10.win32_1.0.0.202111181127/tools/bin/../lib/gcc/arm-none-eabi/10.3.1/../../../../arm-none-eabi/lib/thumb/v6-m/nofp\libnosys.a
END GROUP
START GROUP
LOAD g:/st/stm32cubeide_1.9.0/stm32cubeide/plugins/com.st.stm32cube.ide.mcu.externaltools.gnu-tools-for-stm32.10.3-2021.10.win32_1.0.0.202111181127/tools/bin/../lib/gcc/arm-none-eabi/10.3.1/thumb/v6-m/nofp\libgcc.a
LOAD g:/st/stm32cubeide_1.9.0/stm32cubeide/plugins/com.st.stm32cube.ide.mcu.externaltools.gnu-tools-for-stm32.10.3-2021.10.win32_1.0.0.202111181127/tools/bin/../lib/gcc/arm-none-eabi/10.3.1/../../../../arm-none-eabi/lib/thumb/v6-m/nofp\libc_nano.a
LOAD g:/st/stm32cubeide_1.9.0/stm32cubeide/plugins/com.st.stm32cube.ide.mcu.externaltools.gnu-tools-for-stm32.10.3-2021.10.win32_1.0.0.202111181127/tools/bin/../lib/gcc/arm-none-eabi/10.3.1/../../../../arm-none-eabi/lib/thumb/v6-m/nofp\libnosys.a
END GROUP
LOAD g:/st/stm32cubeide_1.9.0/stm32cubeide/plugins/com.st.stm32cube.ide.mcu.externaltools.gnu-tools-for-stm32.10.3-2021.10.win32_1.0.0.202111181127/tools/bin/../lib/gcc/arm-none-eabi/10.3.1/thumb/v6-m/nofp/crtend.o
LOAD g:/st/stm32cubeide_1.9.0/stm32cubeide/plugins/com.st.stm32cube.ide.mcu.externaltools.gnu-tools-for-stm32.10.3-2021.10.win32_1.0.0.202111181127/tools/bin/../lib/gcc/arm-none-eabi/10.3.1/thumb/v6-m/nofp/crtn.o
                0x0000000020005000                _estack = (ORIGIN (RAM) + LENGTH (RAM))
                0x0000000000000200                _Min_Heap_Size = 0x200
                0x0000000000000400                _Min_Stack_Size = 0x400

.isr_vector     0x0000000008000000       0xc0
                0x0000000008000000                . = ALIGN (0x4)
 *(.isr_vector)
 .isr_vector    0x0000000008000000       0xc0 ./Core/Startup/startup_stm32l073rztx.o
                0x0000000008000000                g_pfnVectors
                0x00000000080000c0                . = ALIGN (0x4)

.text           0x00000000080000c0     0xdf40
                0x00000000080000c0                . = ALIGN (0x4)
 *(.text)
 .text          0x00000000080000c0       0x48 g:/st/stm32cubeide_1.9.0/stm32cubeide/plugins/com.st.stm32cube.ide.mcu.externaltools.gnu-tools-for-stm32.10.3-2021.10.win32_1.0.0.202111181127/tools/bin/../lib/gcc/arm-none-eabi/10.3.1/thumb/v6-m/nofp/crtbegin.o
 .text          0x0000000008000108        0xe g:/st/stm32cubeide_1.9.0/stm32cubeide/plugins/com.st.stm32cube.ide.mcu.externaltools.gnu-tools-for-stm32.10.3-2021.10.win32_1.0.0.202111181127/tools/bin/../lib/gcc/arm-none-eabi/10.3.1/../../../../arm-none-eabi/lib/thumb/v6-m/nofp\libc_nano.a(lib_a-strlen.o)
                0x0000000008000108                strlen
 *fill*         0x0000000008000116        0x2 
 .text          0x0000000008000118       0x14 g:/st/stm32cubeide_1.9.0/stm32cubeide/plugins/com.st.stm32cube.ide.mcu.externaltools.gnu-tools-for-stm32.10.3-2021.10.win32_1.0.0.202111181127/tools/bin/../lib/gcc/arm-none-eabi/10.3.1/thumb/v6-m/nofp\libgcc.a(_thumb1_case_uqi.o)
                0x0000000008000118                __gnu_thumb1_case_uqi
 .text          0x000000000800012c       0x14 g:/st/stm32cubeide_1.9.0/stm32cubeide/plugins/com.st.stm32cube.ide.mcu.externaltools.gnu-tools-for-stm32.10.3-2021.10.win32_1.0.0.202111181127/tools/bin/../lib/gcc/arm-none-eabi/10.3.1/thumb/v6-m/nofp\libgcc.a(_thumb1_case_shi.o)
                0x000000000800012c                __gnu_thumb1_case_shi
 .text          0x0000000008000140      0x114 g:/st/stm32cubeide_1.9.0/stm32cubeide/plugins/com.st.stm32cube.ide.mcu.externaltools.gnu-tools-for-stm32.10.3-2021.10.win32_1.0.0.202111181127/tools/bin/../lib/gcc/arm-none-eabi/10.3.1/thumb/v6-m/nofp\libgcc.a(_udivsi3.o)
                0x0000000008000140                __aeabi_uidiv
                0x0000000008000140                __udivsi3
                0x000000000800024c                __aeabi_uidivmod
 .text          0x0000000008000254      0x1d4 g:/st/stm32cubeide_1.9.0/stm32cubeide/plugins/com.st.stm32cube.ide.mcu.externaltools.gnu-tools-for-stm32.10.3-2021.10.win32_1.0.0.202111181127/tools/bin/../lib/gcc/arm-none-eabi/10.3.1/thumb/v6-m/nofp\libgcc.a(_divsi3.o)
                0x0000000008000254                __divsi3
                0x0000000008000254                __aeabi_idiv
                0x0000000008000420                __aeabi_idivmod
 .text          0x0000000008000428        0x4 g:/st/stm32cubeide_1.9.0/stm32cubeide/plugins/com.st.stm32cube.ide.mcu.externaltools.gnu-tools-for-stm32.10.3-2021.10.win32_1.0.0.202111181127/tools/bin/../lib/gcc/arm-none-eabi/10.3.1/thumb/v6-m/nofp\libgcc.a(_dvmd_tls.o)
                0x0000000008000428                __aeabi_idiv0
                0x0000000008000428                __aeabi_ldiv0
 .text          0x000000000800042c       0x7c g:/st/stm32cubeide_1.9.0/stm32cubeide/plugins/com.st.stm32cube.ide.mcu.externaltools.gnu-tools-for-stm32.10.3-2021.10.win32_1.0.0.202111181127/tools/bin/../lib/gcc/arm-none-eabi/10.3.1/thumb/v6-m/nofp\libgcc.a(_arm_cmpdf2.o)
                0x000000000800042c                __aeabi_cdrcmple
                0x000000000800043c                __aeabi_cdcmple
                0x000000000800043c                __aeabi_cdcmpeq
                0x000000000800044c                __aeabi_dcmpeq
                0x0000000008000458                __aeabi_dcmplt
                0x000000000800046c                __aeabi_dcmple
                0x0000000008000480                __aeabi_dcmpgt
                0x0000000008000494                __aeabi_dcmpge
 .text          0x00000000080004a8       0x40 g:/st/stm32cubeide_1.9.0/stm32cubeide/plugins/com.st.stm32cube.ide.mcu.externaltools.gnu-tools-for-stm32.10.3-2021.10.win32_1.0.0.202111181127/tools/bin/../lib/gcc/arm-none-eabi/10.3.1/thumb/v6-m/nofp\libgcc.a(_aeabi_uldivmod.o)
                0x00000000080004a8                __aeabi_uldivmod
 .text          0x00000000080004e8       0x5c g:/st/stm32cubeide_1.9.0/stm32cubeide/plugins/com.st.stm32cube.ide.mcu.externaltools.gnu-tools-for-stm32.10.3-2021.10.win32_1.0.0.202111181127/tools/bin/../lib/gcc/arm-none-eabi/10.3.1/thumb/v6-m/nofp\libgcc.a(_muldi3.o)
                0x00000000080004e8                __muldi3
                0x00000000080004e8                __aeabi_lmul
 .text          0x0000000008000544       0x30 g:/st/stm32cubeide_1.9.0/stm32cubeide/plugins/com.st.stm32cube.ide.mcu.externaltools.gnu-tools-for-stm32.10.3-2021.10.win32_1.0.0.202111181127/tools/bin/../lib/gcc/arm-none-eabi/10.3.1/thumb/v6-m/nofp\libgcc.a(_fixunssfsi.o)
                0x0000000008000544                __fixunssfsi
                0x0000000008000544                __aeabi_f2uiz
 .text          0x0000000008000574      0x198 g:/st/stm32cubeide_1.9.0/stm32cubeide/plugins/com.st.stm32cube.ide.mcu.externaltools.gnu-tools-for-stm32.10.3-2021.10.win32_1.0.0.202111181127/tools/bin/../lib/gcc/arm-none-eabi/10.3.1/thumb/v6-m/nofp\libgcc.a(_udivmoddi4.o)
                0x0000000008000574                __udivmoddi4
 .text          0x000000000800070c      0x33c g:/st/stm32cubeide_1.9.0/stm32cubeide/plugins/com.st.stm32cube.ide.mcu.externaltools.gnu-tools-for-stm32.10.3-2021.10.win32_1.0.0.202111181127/tools/bin/../lib/gcc/arm-none-eabi/10.3.1/thumb/v6-m/nofp\libgcc.a(addsf3.o)
                0x000000000800070c                __aeabi_fadd
 .text          0x0000000008000a48      0x230 g:/st/stm32cubeide_1.9.0/stm32cubeide/plugins/com.st.stm32cube.ide.mcu.externaltools.gnu-tools-for-stm32.10.3-2021.10.win32_1.0.0.202111181127/tools/bin/../lib/gcc/arm-none-eabi/10.3.1/thumb/v6-m/nofp\libgcc.a(divsf3.o)
                0x0000000008000a48                __aeabi_fdiv
 .text          0x0000000008000c78      0x24c g:/st/stm32cubeide_1.9.0/stm32cubeide/plugins/com.st.stm32cube.ide.mcu.externaltools.gnu-tools-for-stm32.10.3-2021.10.win32_1.0.0.202111181127/tools/bin/../lib/gcc/arm-none-eabi/10.3.1/thumb/v6-m/nofp\libgcc.a(mulsf3.o)
                0x0000000008000c78                __aeabi_fmul
 .text          0x0000000008000ec4      0x35c g:/st/stm32cubeide_1.9.0/stm32cubeide/plugins/com.st.stm32cube.ide.mcu.externaltools.gnu-tools-for-stm32.10.3-2021.10.win32_1.0.0.202111181127/tools/bin/../lib/gcc/arm-none-eabi/10.3.1/thumb/v6-m/nofp\libgcc.a(subsf3.o)
                0x0000000008000ec4                __aeabi_fsub
 .text          0x0000000008001220       0x40 g:/st/stm32cubeide_1.9.0/stm32cubeide/plugins/com.st.stm32cube.ide.mcu.externaltools.gnu-tools-for-stm32.10.3-2021.10.win32_1.0.0.202111181127/tools/bin/../lib/gcc/arm-none-eabi/10.3.1/thumb/v6-m/nofp\libgcc.a(fixsfsi.o)
                0x0000000008001220                __aeabi_f2iz
 .text          0x0000000008001260       0x84 g:/st/stm32cubeide_1.9.0/stm32cubeide/plugins/com.st.stm32cube.ide.mcu.externaltools.gnu-tools-for-stm32.10.3-2021.10.win32_1.0.0.202111181127/tools/bin/../lib/gcc/arm-none-eabi/10.3.1/thumb/v6-m/nofp\libgcc.a(floatunsisf.o)
                0x0000000008001260                __aeabi_ui2f
 .text          0x00000000080012e4      0x678 g:/st/stm32cubeide_1.9.0/stm32cubeide/plugins/com.st.stm32cube.ide.mcu.externaltools.gnu-tools-for-stm32.10.3-2021.10.win32_1.0.0.202111181127/tools/bin/../lib/gcc/arm-none-eabi/10.3.1/thumb/v6-m/nofp\libgcc.a(adddf3.o)
                0x00000000080012e4                __aeabi_dadd
 .text          0x000000000800195c      0x5ec g:/st/stm32cubeide_1.9.0/stm32cubeide/plugins/com.st.stm32cube.ide.mcu.externaltools.gnu-tools-for-stm32.10.3-2021.10.win32_1.0.0.202111181127/tools/bin/../lib/gcc/arm-none-eabi/10.3.1/thumb/v6-m/nofp\libgcc.a(divdf3.o)
                0x000000000800195c                __aeabi_ddiv
 .text          0x0000000008001f48       0x84 g:/st/stm32cubeide_1.9.0/stm32cubeide/plugins/com.st.stm32cube.ide.mcu.externaltools.gnu-tools-for-stm32.10.3-2021.10.win32_1.0.0.202111181127/tools/bin/../lib/gcc/arm-none-eabi/10.3.1/thumb/v6-m/nofp\libgcc.a(eqdf2.o)
                0x0000000008001f48                __nedf2
                0x0000000008001f48                __eqdf2
 .text          0x0000000008001fcc       0xcc g:/st/stm32cubeide_1.9.0/stm32cubeide/plugins/com.st.stm32cube.ide.mcu.externaltools.gnu-tools-for-stm32.10.3-2021.10.win32_1.0.0.202111181127/tools/bin/../lib/gcc/arm-none-eabi/10.3.1/thumb/v6-m/nofp\libgcc.a(gedf2.o)
                0x0000000008001fcc                __gedf2
                0x0000000008001fcc                __gtdf2
 .text          0x0000000008002098       0xc8 g:/st/stm32cubeide_1.9.0/stm32cubeide/plugins/com.st.stm32cube.ide.mcu.externaltools.gnu-tools-for-stm32.10.3-2021.10.win32_1.0.0.202111181127/tools/bin/../lib/gcc/arm-none-eabi/10.3.1/thumb/v6-m/nofp\libgcc.a(ledf2.o)
                0x0000000008002098                __ledf2
                0x0000000008002098                __ltdf2
 .text          0x0000000008002160      0x4d8 g:/st/stm32cubeide_1.9.0/stm32cubeide/plugins/com.st.stm32cube.ide.mcu.externaltools.gnu-tools-for-stm32.10.3-2021.10.win32_1.0.0.202111181127/tools/bin/../lib/gcc/arm-none-eabi/10.3.1/thumb/v6-m/nofp\libgcc.a(muldf3.o)
                0x0000000008002160                __aeabi_dmul
 .text          0x0000000008002638      0x724 g:/st/stm32cubeide_1.9.0/stm32cubeide/plugins/com.st.stm32cube.ide.mcu.externaltools.gnu-tools-for-stm32.10.3-2021.10.win32_1.0.0.202111181127/tools/bin/../lib/gcc/arm-none-eabi/10.3.1/thumb/v6-m/nofp\libgcc.a(subdf3.o)
                0x0000000008002638                __aeabi_dsub
 .text          0x0000000008002d5c       0x3c g:/st/stm32cubeide_1.9.0/stm32cubeide/plugins/com.st.stm32cube.ide.mcu.externaltools.gnu-tools-for-stm32.10.3-2021.10.win32_1.0.0.202111181127/tools/bin/../lib/gcc/arm-none-eabi/10.3.1/thumb/v6-m/nofp\libgcc.a(unorddf2.o)
                0x0000000008002d5c                __aeabi_dcmpun
 .text          0x0000000008002d98       0x6c g:/st/stm32cubeide_1.9.0/stm32cubeide/plugins/com.st.stm32cube.ide.mcu.externaltools.gnu-tools-for-stm32.10.3-2021.10.win32_1.0.0.202111181127/tools/bin/../lib/gcc/arm-none-eabi/10.3.1/thumb/v6-m/nofp\libgcc.a(fixdfsi.o)
                0x0000000008002d98                __aeabi_d2iz
 .text          0x0000000008002e04       0x60 g:/st/stm32cubeide_1.9.0/stm32cubeide/plugins/com.st.stm32cube.ide.mcu.externaltools.gnu-tools-for-stm32.10.3-2021.10.win32_1.0.0.202111181127/tools/bin/../lib/gcc/arm-none-eabi/10.3.1/thumb/v6-m/nofp\libgcc.a(floatsidf.o)
                0x0000000008002e04                __aeabi_i2d
 .text          0x0000000008002e64       0x4c g:/st/stm32cubeide_1.9.0/stm32cubeide/plugins/com.st.stm32cube.ide.mcu.externaltools.gnu-tools-for-stm32.10.3-2021.10.win32_1.0.0.202111181127/tools/bin/../lib/gcc/arm-none-eabi/10.3.1/thumb/v6-m/nofp\libgcc.a(floatunsidf.o)
                0x0000000008002e64                __aeabi_ui2d
 .text          0x0000000008002eb0       0x90 g:/st/stm32cubeide_1.9.0/stm32cubeide/plugins/com.st.stm32cube.ide.mcu.externaltools.gnu-tools-for-stm32.10.3-2021.10.win32_1.0.0.202111181127/tools/bin/../lib/gcc/arm-none-eabi/10.3.1/thumb/v6-m/nofp\libgcc.a(extendsfdf2.o)
                0x0000000008002eb0                __aeabi_f2d
 .text          0x0000000008002f40      0x110 g:/st/stm32cubeide_1.9.0/stm32cubeide/plugins/com.st.stm32cube.ide.mcu.externaltools.gnu-tools-for-stm32.10.3-2021.10.win32_1.0.0.202111181127/tools/bin/../lib/gcc/arm-none-eabi/10.3.1/thumb/v6-m/nofp\libgcc.a(truncdfsf2.o)
                0x0000000008002f40                __aeabi_d2f
 .text          0x0000000008003050       0x74 g:/st/stm32cubeide_1.9.0/stm32cubeide/plugins/com.st.stm32cube.ide.mcu.externaltools.gnu-tools-for-stm32.10.3-2021.10.win32_1.0.0.202111181127/tools/bin/../lib/gcc/arm-none-eabi/10.3.1/thumb/v6-m/nofp\libgcc.a(_arm_cmpsf2.o)
                0x0000000008003050                __aeabi_cfrcmple
                0x0000000008003058                __aeabi_cfcmpeq
                0x0000000008003058                __aeabi_cfcmple
                0x0000000008003068                __aeabi_fcmpeq
                0x0000000008003074                __aeabi_fcmplt
                0x0000000008003088                __aeabi_fcmple
                0x000000000800309c                __aeabi_fcmpgt
                0x00000000080030b0                __aeabi_fcmpge
 .text          0x00000000080030c4       0x3c g:/st/stm32cubeide_1.9.0/stm32cubeide/plugins/com.st.stm32cube.ide.mcu.externaltools.gnu-tools-for-stm32.10.3-2021.10.win32_1.0.0.202111181127/tools/bin/../lib/gcc/arm-none-eabi/10.3.1/thumb/v6-m/nofp\libgcc.a(_clzsi2.o)
                0x00000000080030c4                __clzsi2
 .text          0x0000000008003100       0x18 g:/st/stm32cubeide_1.9.0/stm32cubeide/plugins/com.st.stm32cube.ide.mcu.externaltools.gnu-tools-for-stm32.10.3-2021.10.win32_1.0.0.202111181127/tools/bin/../lib/gcc/arm-none-eabi/10.3.1/thumb/v6-m/nofp\libgcc.a(_clzdi2.o)
                0x0000000008003100                __clzdi2
 .text          0x0000000008003118       0x4c g:/st/stm32cubeide_1.9.0/stm32cubeide/plugins/com.st.stm32cube.ide.mcu.externaltools.gnu-tools-for-stm32.10.3-2021.10.win32_1.0.0.202111181127/tools/bin/../lib/gcc/arm-none-eabi/10.3.1/thumb/v6-m/nofp\libgcc.a(eqsf2.o)
                0x0000000008003118                __eqsf2
                0x0000000008003118                __nesf2
 .text          0x0000000008003164       0x8c g:/st/stm32cubeide_1.9.0/stm32cubeide/plugins/com.st.stm32cube.ide.mcu.externaltools.gnu-tools-for-stm32.10.3-2021.10.win32_1.0.0.202111181127/tools/bin/../lib/gcc/arm-none-eabi/10.3.1/thumb/v6-m/nofp\libgcc.a(gesf2.o)
                0x0000000008003164                __gesf2
                0x0000000008003164                __gtsf2
 .text          0x00000000080031f0       0x88 g:/st/stm32cubeide_1.9.0/stm32cubeide/plugins/com.st.stm32cube.ide.mcu.externaltools.gnu-tools-for-stm32.10.3-2021.10.win32_1.0.0.202111181127/tools/bin/../lib/gcc/arm-none-eabi/10.3.1/thumb/v6-m/nofp\libgcc.a(lesf2.o)
                0x00000000080031f0                __ltsf2
                0x00000000080031f0                __lesf2
 *(.text*)
 .text.SimpleKalmanFilter
                0x0000000008003278       0x28 ./Core/Src/SimpleKalmanFilter.o
                0x0000000008003278                SimpleKalmanFilter
 .text.updateEstimate
                0x00000000080032a0      0x114 ./Core/Src/SimpleKalmanFilter.o
                0x00000000080032a0                updateEstimate
 .text.MX_ADC_Init
                0x00000000080033b4       0xdc ./Core/Src/adc.o
                0x00000000080033b4                MX_ADC_Init
 .text.HAL_ADC_MspInit
                0x0000000008003490       0xd8 ./Core/Src/adc.o
                0x0000000008003490                HAL_ADC_MspInit
 .text.MX_DMA_Init
                0x0000000008003568       0x2c ./Core/Src/dma.o
                0x0000000008003568                MX_DMA_Init
 .text.MX_GPIO_Init
                0x0000000008003594      0x180 ./Core/Src/gpio.o
                0x0000000008003594                MX_GPIO_Init
 .text.HCSR04_Init
                0x0000000008003714       0x4c ./Core/Src/hcsr04.o
                0x0000000008003714                HCSR04_Init
 .text.HCSR04_Read
                0x0000000008003760       0x20 ./Core/Src/hcsr04.o
                0x0000000008003760                HCSR04_Read
 .text.HCSR04_TIM_IC_CaptureCallback
                0x0000000008003780       0x60 ./Core/Src/hcsr04.o
                0x0000000008003780                HCSR04_TIM_IC_CaptureCallback
 .text.MX_I2C2_Init
                0x00000000080037e0       0x80 ./Core/Src/i2c.o
                0x00000000080037e0                MX_I2C2_Init
 .text.HAL_I2C_MspInit
                0x0000000008003860       0xb8 ./Core/Src/i2c.o
                0x0000000008003860                HAL_I2C_MspInit
 .text._write   0x0000000008003918       0x28 ./Core/Src/main.o
                0x0000000008003918                _write
 .text.MessegeHandle
                0x0000000008003940       0xf4 ./Core/Src/main.o
                0x0000000008003940                MessegeHandle
 .text.nRF24_EventTxCallback
                0x0000000008003a34        0xa ./Core/Src/main.o
                0x0000000008003a34                nRF24_EventTxCallback
 .text.nRF24_EventMrCallback
                0x0000000008003a3e        0xa ./Core/Src/main.o
                0x0000000008003a3e                nRF24_EventMrCallback
 .text.nRF24_EventRxCallback
                0x0000000008003a48       0x38 ./Core/Src/main.o
                0x0000000008003a48                nRF24_EventRxCallback
 .text.main     0x0000000008003a80      0x100 ./Core/Src/main.o
                0x0000000008003a80                main
 .text.SystemClock_Config
                0x0000000008003b80       0xe4 ./Core/Src/main.o
                0x0000000008003b80                SystemClock_Config
 .text.HAL_GPIO_EXTI_Callback
                0x0000000008003c64       0x24 ./Core/Src/main.o
                0x0000000008003c64                HAL_GPIO_EXTI_Callback
 .text.HAL_TIM_IC_CaptureCallback
                0x0000000008003c88       0x18 ./Core/Src/main.o
                0x0000000008003c88                HAL_TIM_IC_CaptureCallback
 .text.HAL_TIM_PeriodElapsedCallback
                0x0000000008003ca0       0xb0 ./Core/Src/main.o
                0x0000000008003ca0                HAL_TIM_PeriodElapsedCallback
 .text.Error_Handler
                0x0000000008003d50        0xa ./Core/Src/main.o
                0x0000000008003d50                Error_Handler
 .text.RB_CreateBuffer
                0x0000000008003d5a       0x58 ./Core/Src/ring_buffer.o
                0x0000000008003d5a                RB_CreateBuffer
 .text.RB_WriteToBuffer
                0x0000000008003db2       0x84 ./Core/Src/ring_buffer.o
                0x0000000008003db2                RB_WriteToBuffer
 .text.RB_ReadFromBuffer
                0x0000000008003e36       0x64 ./Core/Src/ring_buffer.o
                0x0000000008003e36                RB_ReadFromBuffer
 .text.RB_ElementsAvailable
                0x0000000008003e9a       0x14 ./Core/Src/ring_buffer.o
                0x0000000008003e9a                RB_ElementsAvailable
 *fill*         0x0000000008003eae        0x2 
 .text.setPwmDrivenByTimer
                0x0000000008003eb0       0x38 ./Core/Src/robot.o
                0x0000000008003eb0                setPwmDrivenByTimer
 .text.setL298N
                0x0000000008003ee8       0x64 ./Core/Src/robot.o
                0x0000000008003ee8                setL298N
 .text.setMotorPWM
                0x0000000008003f4c       0x26 ./Core/Src/robot.o
                0x0000000008003f4c                setMotorPWM
 *fill*         0x0000000008003f72        0x2 
 .text.setActuator
                0x0000000008003f74       0x44 ./Core/Src/robot.o
                0x0000000008003f74                setActuator
 .text.MX_SPI1_Init
                0x0000000008003fb8       0x70 ./Core/Src/spi.o
                0x0000000008003fb8                MX_SPI1_Init
 .text.HAL_SPI_MspInit
                0x0000000008004028       0xd0 ./Core/Src/spi.o
                0x0000000008004028                HAL_SPI_MspInit
 .text.HAL_MspInit
                0x00000000080040f8       0x38 ./Core/Src/stm32l0xx_hal_msp.o
                0x00000000080040f8                HAL_MspInit
 .text.NMI_Handler
                0x0000000008004130        0x6 ./Core/Src/stm32l0xx_it.o
                0x0000000008004130                NMI_Handler
 .text.HardFault_Handler
                0x0000000008004136        0x6 ./Core/Src/stm32l0xx_it.o
                0x0000000008004136                HardFault_Handler
 .text.SVC_Handler
                0x000000000800413c        0xa ./Core/Src/stm32l0xx_it.o
                0x000000000800413c                SVC_Handler
 .text.PendSV_Handler
                0x0000000008004146        0xa ./Core/Src/stm32l0xx_it.o
                0x0000000008004146                PendSV_Handler
 .text.SysTick_Handler
                0x0000000008004150        0xe ./Core/Src/stm32l0xx_it.o
                0x0000000008004150                SysTick_Handler
 .text.PVD_IRQHandler
                0x000000000800415e        0xe ./Core/Src/stm32l0xx_it.o
                0x000000000800415e                PVD_IRQHandler
 .text.EXTI4_15_IRQHandler
                0x000000000800416c       0x1e ./Core/Src/stm32l0xx_it.o
                0x000000000800416c                EXTI4_15_IRQHandler
 *fill*         0x000000000800418a        0x2 
 .text.TIM2_IRQHandler
                0x000000000800418c       0x18 ./Core/Src/stm32l0xx_it.o
                0x000000000800418c                TIM2_IRQHandler
 .text.TIM3_IRQHandler
                0x00000000080041a4       0x18 ./Core/Src/stm32l0xx_it.o
                0x00000000080041a4                TIM3_IRQHandler
 .text.TIM6_DAC_IRQHandler
                0x00000000080041bc       0x18 ./Core/Src/stm32l0xx_it.o
                0x00000000080041bc                TIM6_DAC_IRQHandler
 .text.USART2_IRQHandler
                0x00000000080041d4       0x18 ./Core/Src/stm32l0xx_it.o
                0x00000000080041d4                USART2_IRQHandler
 .text._getpid  0x00000000080041ec        0xc ./Core/Src/syscalls.o
                0x00000000080041ec                _getpid
 .text._kill    0x00000000080041f8       0x20 ./Core/Src/syscalls.o
                0x00000000080041f8                _kill
 .text._exit    0x0000000008004218       0x18 ./Core/Src/syscalls.o
                0x0000000008004218                _exit
 .text._read    0x0000000008004230       0x3a ./Core/Src/syscalls.o
                0x0000000008004230                _read
 .text._close   0x000000000800426a       0x14 ./Core/Src/syscalls.o
                0x000000000800426a                _close
 .text._fstat   0x000000000800427e       0x1c ./Core/Src/syscalls.o
                0x000000000800427e                _fstat
 .text._isatty  0x000000000800429a       0x12 ./Core/Src/syscalls.o
                0x000000000800429a                _isatty
 .text._lseek   0x00000000080042ac       0x16 ./Core/Src/syscalls.o
                0x00000000080042ac                _lseek
 *fill*         0x00000000080042c2        0x2 
 .text._sbrk    0x00000000080042c4       0x6c ./Core/Src/sysmem.o
                0x00000000080042c4                _sbrk
 .text.SystemInit
                0x0000000008004330        0xa ./Core/Src/system_stm32l0xx.o
                0x0000000008004330                SystemInit
 *fill*         0x000000000800433a        0x2 
 .text.MX_TIM2_Init
                0x000000000800433c      0x130 ./Core/Src/tim.o
                0x000000000800433c                MX_TIM2_Init
 .text.MX_TIM3_Init
                0x000000000800446c      0x128 ./Core/Src/tim.o
                0x000000000800446c                MX_TIM3_Init
 .text.MX_TIM6_Init
                0x0000000008004594       0x7c ./Core/Src/tim.o
                0x0000000008004594                MX_TIM6_Init
 .text.HAL_TIM_IC_MspInit
                0x0000000008004610       0x94 ./Core/Src/tim.o
                0x0000000008004610                HAL_TIM_IC_MspInit
 .text.HAL_TIM_Base_MspInit
                0x00000000080046a4       0x6c ./Core/Src/tim.o
                0x00000000080046a4                HAL_TIM_Base_MspInit
 .text.HAL_TIM_MspPostInit
                0x0000000008004710       0xd0 ./Core/Src/tim.o
                0x0000000008004710                HAL_TIM_MspPostInit
 .text.MX_USART2_UART_Init
                0x00000000080047e0       0x60 ./Core/Src/usart.o
                0x00000000080047e0                MX_USART2_UART_Init
 .text.HAL_UART_MspInit
                0x0000000008004840       0x98 ./Core/Src/usart.o
                0x0000000008004840                HAL_UART_MspInit
 .text.nRF24_Delay_ms
                0x00000000080048d8       0x1e ./Core/Src/nRF24/nRF24.o
 *fill*         0x00000000080048f6        0x2 
 .text.nRF24_SendSpi
                0x00000000080048f8       0x30 ./Core/Src/nRF24/nRF24.o
 .text.nRF24_ReadSpi
                0x0000000008004928       0x30 ./Core/Src/nRF24/nRF24.o
 .text.nRF24_ReadRegister
                0x0000000008004958       0x54 ./Core/Src/nRF24/nRF24.o
 .text.nRF24_ReadRegisters
                0x00000000080049ac       0x5c ./Core/Src/nRF24/nRF24.o
 .text.nRF24_WriteRegister
                0x0000000008004a08       0x58 ./Core/Src/nRF24/nRF24.o
 .text.nRF24_WriteRegisters
                0x0000000008004a60       0x60 ./Core/Src/nRF24/nRF24.o
 .text.nRF24_RX_Mode
                0x0000000008004ac0       0x6c ./Core/Src/nRF24/nRF24.o
                0x0000000008004ac0                nRF24_RX_Mode
 .text.nRF24_TX_Mode
                0x0000000008004b2c       0x60 ./Core/Src/nRF24/nRF24.o
                0x0000000008004b2c                nRF24_TX_Mode
 .text.nRF24_ReadConfig
                0x0000000008004b8c       0x12 ./Core/Src/nRF24/nRF24.o
                0x0000000008004b8c                nRF24_ReadConfig
 .text.nRF24_WriteConfig
                0x0000000008004b9e       0x20 ./Core/Src/nRF24/nRF24.o
                0x0000000008004b9e                nRF24_WriteConfig
 .text.nRF24_SetPALevel
                0x0000000008004bbe       0x52 ./Core/Src/nRF24/nRF24.o
                0x0000000008004bbe                nRF24_SetPALevel
 .text.nRF24_SetDataRate
                0x0000000008004c10       0x6a ./Core/Src/nRF24/nRF24.o
                0x0000000008004c10                nRF24_SetDataRate
 .text.nRF24_ReadStatus
                0x0000000008004c7a       0x12 ./Core/Src/nRF24/nRF24.o
                0x0000000008004c7a                nRF24_ReadStatus
 .text.nRF24_WriteStatus
                0x0000000008004c8c       0x20 ./Core/Src/nRF24/nRF24.o
                0x0000000008004c8c                nRF24_WriteStatus
 .text.nRF24_ReadFifoStatus
                0x0000000008004cac       0x12 ./Core/Src/nRF24/nRF24.o
                0x0000000008004cac                nRF24_ReadFifoStatus
 .text.nRF24_IsBitSetInFifoStatus
                0x0000000008004cbe       0x38 ./Core/Src/nRF24/nRF24.o
                0x0000000008004cbe                nRF24_IsBitSetInFifoStatus
 .text.nRF24_IsRxEmpty
                0x0000000008004cf6       0x12 ./Core/Src/nRF24/nRF24.o
                0x0000000008004cf6                nRF24_IsRxEmpty
 .text.nRF24_FlushRX
                0x0000000008004d08       0x3c ./Core/Src/nRF24/nRF24.o
                0x0000000008004d08                nRF24_FlushRX
 .text.nRF24_FlushTX
                0x0000000008004d44       0x3c ./Core/Src/nRF24/nRF24.o
                0x0000000008004d44                nRF24_FlushTX
 .text.nRF24_EnableCRC
                0x0000000008004d80       0x50 ./Core/Src/nRF24/nRF24.o
                0x0000000008004d80                nRF24_EnableCRC
 .text.nRF24_SetCRCLength
                0x0000000008004dd0       0x50 ./Core/Src/nRF24/nRF24.o
                0x0000000008004dd0                nRF24_SetCRCLength
 .text.nRF24_SetRetries
                0x0000000008004e20       0x3c ./Core/Src/nRF24/nRF24.o
                0x0000000008004e20                nRF24_SetRetries
 .text.nRF24_SetRFChannel
                0x0000000008004e5c       0x26 ./Core/Src/nRF24/nRF24.o
                0x0000000008004e5c                nRF24_SetRFChannel
 .text.nRF24_EnablePipe
                0x0000000008004e82       0x88 ./Core/Src/nRF24/nRF24.o
                0x0000000008004e82                nRF24_EnablePipe
 .text.nRF24_AutoACK
                0x0000000008004f0a       0x88 ./Core/Src/nRF24/nRF24.o
                0x0000000008004f0a                nRF24_AutoACK
 .text.nRF24_SetAddressWidth
                0x0000000008004f92       0x46 ./Core/Src/nRF24/nRF24.o
                0x0000000008004f92                nRF24_SetAddressWidth
 .text.nRF24_SetRXAddress
                0x0000000008004fd8       0x8c ./Core/Src/nRF24/nRF24.o
                0x0000000008004fd8                nRF24_SetRXAddress
 .text.nRF24_SetTXAddress
                0x0000000008005064       0xa8 ./Core/Src/nRF24/nRF24.o
                0x0000000008005064                nRF24_SetTXAddress
 .text.nRF24_ClearInterrupts
                0x000000000800510c       0x2e ./Core/Src/nRF24/nRF24.o
                0x000000000800510c                nRF24_ClearInterrupts
 .text.nRF24_GetDynamicPayloadSize
                0x000000000800513a       0x3a ./Core/Src/nRF24/nRF24.o
                0x000000000800513a                nRF24_GetDynamicPayloadSize
 .text.nRF24_EnableRXDataReadyIRQ
                0x0000000008005174       0x50 ./Core/Src/nRF24/nRF24.o
                0x0000000008005174                nRF24_EnableRXDataReadyIRQ
 .text.nRF24_EnableTXDataSentIRQ
                0x00000000080051c4       0x50 ./Core/Src/nRF24/nRF24.o
                0x00000000080051c4                nRF24_EnableTXDataSentIRQ
 .text.nRF24_EnableMaxRetransmitIRQ
                0x0000000008005214       0x50 ./Core/Src/nRF24/nRF24.o
                0x0000000008005214                nRF24_EnableMaxRetransmitIRQ
 .text.nRF24_WriteTXPayload
                0x0000000008005264       0x24 ./Core/Src/nRF24/nRF24.o
                0x0000000008005264                nRF24_WriteTXPayload
 .text.nRF24_ReadRXPaylaod
                0x0000000008005288       0x4a ./Core/Src/nRF24/nRF24.o
                0x0000000008005288                nRF24_ReadRXPaylaod
 .text.nRF24_SendPacket
                0x00000000080052d2       0x32 ./Core/Src/nRF24/nRF24.o
                0x00000000080052d2                nRF24_SendPacket
 .text.nRF24_IsSomtehingToRead
                0x0000000008005304       0x20 ./Core/Src/nRF24/nRF24.o
                0x0000000008005304                nRF24_IsSomtehingToRead
 .text.nRF24_IsSomtehingToSend
                0x0000000008005324       0x20 ./Core/Src/nRF24/nRF24.o
                0x0000000008005324                nRF24_IsSomtehingToSend
 .text.nRF24_RXAvailable
                0x0000000008005344       0x10 ./Core/Src/nRF24/nRF24.o
                0x0000000008005344                nRF24_RXAvailable
 .text.nRF24_ReceivePacket
                0x0000000008005354       0x20 ./Core/Src/nRF24/nRF24.o
                0x0000000008005354                nRF24_ReceivePacket
 .text.nRF24_SendData
                0x0000000008005374       0x60 ./Core/Src/nRF24/nRF24.o
                0x0000000008005374                nRF24_SendData
 .text.nRF24_CheckTXAndSend
                0x00000000080053d4       0xa8 ./Core/Src/nRF24/nRF24.o
                0x00000000080053d4                nRF24_CheckTXAndSend
 .text.nRF24_ReceiveData
                0x000000000800547c       0x64 ./Core/Src/nRF24/nRF24.o
                0x000000000800547c                nRF24_ReceiveData
 .text.nRF24_ReadData
                0x00000000080054e0       0x68 ./Core/Src/nRF24/nRF24.o
                0x00000000080054e0                nRF24_ReadData
 .text.nRF24_IRQ_Handler
                0x0000000008005548       0x14 ./Core/Src/nRF24/nRF24.o
                0x0000000008005548                nRF24_IRQ_Handler
 .text.nRF24_IRQ_Read
                0x000000000800555c       0xac ./Core/Src/nRF24/nRF24.o
                0x000000000800555c                nRF24_IRQ_Read
 .text.nRF24_Event
                0x0000000008005608       0x70 ./Core/Src/nRF24/nRF24.o
                0x0000000008005608                nRF24_Event
 .text.nRF24_Init
                0x0000000008005678       0xf0 ./Core/Src/nRF24/nRF24.o
                0x0000000008005678                nRF24_Init
 .text.Reset_Handler
                0x0000000008005768       0x50 ./Core/Startup/startup_stm32l073rztx.o
                0x0000000008005768                Reset_Handler
 .text.Default_Handler
                0x00000000080057b8        0x2 ./Core/Startup/startup_stm32l073rztx.o
                0x00000000080057b8                TSC_IRQHandler
                0x00000000080057b8                ADC1_COMP_IRQHandler
                0x00000000080057b8                I2C1_IRQHandler
                0x00000000080057b8                RCC_CRS_IRQHandler
                0x00000000080057b8                SPI1_IRQHandler
                0x00000000080057b8                EXTI2_3_IRQHandler
                0x00000000080057b8                I2C2_IRQHandler
                0x00000000080057b8                RTC_IRQHandler
                0x00000000080057b8                LCD_IRQHandler
                0x00000000080057b8                DMA1_Channel4_5_6_7_IRQHandler
                0x00000000080057b8                DMA1_Channel1_IRQHandler
                0x00000000080057b8                USART4_5_IRQHandler
                0x00000000080057b8                Default_Handler
                0x00000000080057b8                TIM22_IRQHandler
                0x00000000080057b8                TIM7_IRQHandler
                0x00000000080057b8                EXTI0_1_IRQHandler
                0x00000000080057b8                USB_IRQHandler
                0x00000000080057b8                I2C3_IRQHandler
                0x00000000080057b8                SPI2_IRQHandler
                0x00000000080057b8                TIM21_IRQHandler
                0x00000000080057b8                WWDG_IRQHandler
                0x00000000080057b8                DMA1_Channel2_3_IRQHandler
                0x00000000080057b8                FLASH_IRQHandler
                0x00000000080057b8                USART1_IRQHandler
                0x00000000080057b8                RNG_LPUART1_IRQHandler
                0x00000000080057b8                LPTIM1_IRQHandler
 *fill*         0x00000000080057ba        0x2 
 .text.HAL_Init
                0x00000000080057bc       0x40 ./Drivers/STM32L0xx_HAL_Driver/Src/stm32l0xx_hal.o
                0x00000000080057bc                HAL_Init
 .text.HAL_InitTick
                0x00000000080057fc       0x68 ./Drivers/STM32L0xx_HAL_Driver/Src/stm32l0xx_hal.o
                0x00000000080057fc                HAL_InitTick
 .text.HAL_IncTick
                0x0000000008005864       0x24 ./Drivers/STM32L0xx_HAL_Driver/Src/stm32l0xx_hal.o
                0x0000000008005864                HAL_IncTick
 .text.HAL_GetTick
                0x0000000008005888       0x14 ./Drivers/STM32L0xx_HAL_Driver/Src/stm32l0xx_hal.o
                0x0000000008005888                HAL_GetTick
 .text.HAL_Delay
                0x000000000800589c       0x48 ./Drivers/STM32L0xx_HAL_Driver/Src/stm32l0xx_hal.o
                0x000000000800589c                HAL_Delay
 .text.HAL_ADC_Init
                0x00000000080058e4      0x2e8 ./Drivers/STM32L0xx_HAL_Driver/Src/stm32l0xx_hal_adc.o
                0x00000000080058e4                HAL_ADC_Init
 .text.HAL_ADC_Start_DMA
                0x0000000008005bcc      0x104 ./Drivers/STM32L0xx_HAL_Driver/Src/stm32l0xx_hal_adc.o
                0x0000000008005bcc                HAL_ADC_Start_DMA
 .text.HAL_ADC_ConvCpltCallback
                0x0000000008005cd0       0x10 ./Drivers/STM32L0xx_HAL_Driver/Src/stm32l0xx_hal_adc.o
                0x0000000008005cd0                HAL_ADC_ConvCpltCallback
 .text.HAL_ADC_ConvHalfCpltCallback
                0x0000000008005ce0       0x10 ./Drivers/STM32L0xx_HAL_Driver/Src/stm32l0xx_hal_adc.o
                0x0000000008005ce0                HAL_ADC_ConvHalfCpltCallback
 .text.HAL_ADC_ErrorCallback
                0x0000000008005cf0       0x10 ./Drivers/STM32L0xx_HAL_Driver/Src/stm32l0xx_hal_adc.o
                0x0000000008005cf0                HAL_ADC_ErrorCallback
 .text.HAL_ADC_ConfigChannel
                0x0000000008005d00      0x140 ./Drivers/STM32L0xx_HAL_Driver/Src/stm32l0xx_hal_adc.o
                0x0000000008005d00                HAL_ADC_ConfigChannel
 .text.ADC_Enable
                0x0000000008005e40       0xd0 ./Drivers/STM32L0xx_HAL_Driver/Src/stm32l0xx_hal_adc.o
 .text.ADC_DMAConvCplt
                0x0000000008005f10       0xb4 ./Drivers/STM32L0xx_HAL_Driver/Src/stm32l0xx_hal_adc.o
 .text.ADC_DMAHalfConvCplt
                0x0000000008005fc4       0x1e ./Drivers/STM32L0xx_HAL_Driver/Src/stm32l0xx_hal_adc.o
 .text.ADC_DMAError
                0x0000000008005fe2       0x36 ./Drivers/STM32L0xx_HAL_Driver/Src/stm32l0xx_hal_adc.o
 .text.ADC_DelayMicroSecond
                0x0000000008006018       0x40 ./Drivers/STM32L0xx_HAL_Driver/Src/stm32l0xx_hal_adc.o
 .text.HAL_ADCEx_Calibration_Start
                0x0000000008006058      0x13c ./Drivers/STM32L0xx_HAL_Driver/Src/stm32l0xx_hal_adc_ex.o
                0x0000000008006058                HAL_ADCEx_Calibration_Start
 .text.__NVIC_EnableIRQ
                0x0000000008006194       0x34 ./Drivers/STM32L0xx_HAL_Driver/Src/stm32l0xx_hal_cortex.o
 .text.__NVIC_SetPriority
                0x00000000080061c8       0xdc ./Drivers/STM32L0xx_HAL_Driver/Src/stm32l0xx_hal_cortex.o
 .text.SysTick_Config
                0x00000000080062a4       0x48 ./Drivers/STM32L0xx_HAL_Driver/Src/stm32l0xx_hal_cortex.o
 .text.HAL_NVIC_SetPriority
                0x00000000080062ec       0x2a ./Drivers/STM32L0xx_HAL_Driver/Src/stm32l0xx_hal_cortex.o
                0x00000000080062ec                HAL_NVIC_SetPriority
 .text.HAL_NVIC_EnableIRQ
                0x0000000008006316       0x20 ./Drivers/STM32L0xx_HAL_Driver/Src/stm32l0xx_hal_cortex.o
                0x0000000008006316                HAL_NVIC_EnableIRQ
 .text.HAL_SYSTICK_Config
                0x0000000008006336       0x1a ./Drivers/STM32L0xx_HAL_Driver/Src/stm32l0xx_hal_cortex.o
                0x0000000008006336                HAL_SYSTICK_Config
 .text.HAL_DMA_Init
                0x0000000008006350       0xf0 ./Drivers/STM32L0xx_HAL_Driver/Src/stm32l0xx_hal_dma.o
                0x0000000008006350                HAL_DMA_Init
 .text.HAL_DMA_Start_IT
                0x0000000008006440       0xcc ./Drivers/STM32L0xx_HAL_Driver/Src/stm32l0xx_hal_dma.o
                0x0000000008006440                HAL_DMA_Start_IT
 .text.HAL_DMA_Abort
                0x000000000800650c       0x80 ./Drivers/STM32L0xx_HAL_Driver/Src/stm32l0xx_hal_dma.o
                0x000000000800650c                HAL_DMA_Abort
 .text.HAL_DMA_Abort_IT
                0x000000000800658c       0x8e ./Drivers/STM32L0xx_HAL_Driver/Src/stm32l0xx_hal_dma.o
                0x000000000800658c                HAL_DMA_Abort_IT
 .text.DMA_SetConfig
                0x000000000800661a       0x5c ./Drivers/STM32L0xx_HAL_Driver/Src/stm32l0xx_hal_dma.o
 *fill*         0x0000000008006676        0x2 
 .text.HAL_GPIO_Init
                0x0000000008006678      0x2fc ./Drivers/STM32L0xx_HAL_Driver/Src/stm32l0xx_hal_gpio.o
                0x0000000008006678                HAL_GPIO_Init
 .text.HAL_GPIO_WritePin
                0x0000000008006974       0x3a ./Drivers/STM32L0xx_HAL_Driver/Src/stm32l0xx_hal_gpio.o
                0x0000000008006974                HAL_GPIO_WritePin
 *fill*         0x00000000080069ae        0x2 
 .text.HAL_GPIO_EXTI_IRQHandler
                0x00000000080069b0       0x38 ./Drivers/STM32L0xx_HAL_Driver/Src/stm32l0xx_hal_gpio.o
                0x00000000080069b0                HAL_GPIO_EXTI_IRQHandler
 .text.HAL_I2C_Init
                0x00000000080069e8      0x12c ./Drivers/STM32L0xx_HAL_Driver/Src/stm32l0xx_hal_i2c.o
                0x00000000080069e8                HAL_I2C_Init
 .text.HAL_I2CEx_ConfigAnalogFilter
                0x0000000008006b14       0x98 ./Drivers/STM32L0xx_HAL_Driver/Src/stm32l0xx_hal_i2c_ex.o
                0x0000000008006b14                HAL_I2CEx_ConfigAnalogFilter
 .text.HAL_I2CEx_ConfigDigitalFilter
                0x0000000008006bac       0x98 ./Drivers/STM32L0xx_HAL_Driver/Src/stm32l0xx_hal_i2c_ex.o
                0x0000000008006bac                HAL_I2CEx_ConfigDigitalFilter
 .text.HAL_PWR_PVD_IRQHandler
                0x0000000008006c44       0x28 ./Drivers/STM32L0xx_HAL_Driver/Src/stm32l0xx_hal_pwr.o
                0x0000000008006c44                HAL_PWR_PVD_IRQHandler
 .text.HAL_PWR_PVDCallback
                0x0000000008006c6c        0xa ./Drivers/STM32L0xx_HAL_Driver/Src/stm32l0xx_hal_pwr.o
                0x0000000008006c6c                HAL_PWR_PVDCallback
 *fill*         0x0000000008006c76        0x2 
 .text.HAL_RCC_OscConfig
                0x0000000008006c78      0x7a8 ./Drivers/STM32L0xx_HAL_Driver/Src/stm32l0xx_hal_rcc.o
                0x0000000008006c78                HAL_RCC_OscConfig
 .text.HAL_RCC_ClockConfig
                0x0000000008007420      0x290 ./Drivers/STM32L0xx_HAL_Driver/Src/stm32l0xx_hal_rcc.o
                0x0000000008007420                HAL_RCC_ClockConfig
 .text.HAL_RCC_GetSysClockFreq
                0x00000000080076b0      0x14c ./Drivers/STM32L0xx_HAL_Driver/Src/stm32l0xx_hal_rcc.o
                0x00000000080076b0                HAL_RCC_GetSysClockFreq
 .text.HAL_RCC_GetHCLKFreq
                0x00000000080077fc       0x14 ./Drivers/STM32L0xx_HAL_Driver/Src/stm32l0xx_hal_rcc.o
                0x00000000080077fc                HAL_RCC_GetHCLKFreq
 .text.HAL_RCC_GetPCLK1Freq
                0x0000000008007810       0x2c ./Drivers/STM32L0xx_HAL_Driver/Src/stm32l0xx_hal_rcc.o
                0x0000000008007810                HAL_RCC_GetPCLK1Freq
 .text.HAL_RCC_GetPCLK2Freq
                0x000000000800783c       0x2c ./Drivers/STM32L0xx_HAL_Driver/Src/stm32l0xx_hal_rcc.o
                0x000000000800783c                HAL_RCC_GetPCLK2Freq
 .text.HAL_RCCEx_PeriphCLKConfig
                0x0000000008007868      0x2e8 ./Drivers/STM32L0xx_HAL_Driver/Src/stm32l0xx_hal_rcc_ex.o
                0x0000000008007868                HAL_RCCEx_PeriphCLKConfig
 .text.HAL_SPI_Init
                0x0000000008007b50      0x128 ./Drivers/STM32L0xx_HAL_Driver/Src/stm32l0xx_hal_spi.o
                0x0000000008007b50                HAL_SPI_Init
 .text.HAL_SPI_Transmit
                0x0000000008007c78      0x2ac ./Drivers/STM32L0xx_HAL_Driver/Src/stm32l0xx_hal_spi.o
                0x0000000008007c78                HAL_SPI_Transmit
 .text.HAL_SPI_Receive
                0x0000000008007f24      0x24c ./Drivers/STM32L0xx_HAL_Driver/Src/stm32l0xx_hal_spi.o
                0x0000000008007f24                HAL_SPI_Receive
 .text.HAL_SPI_TransmitReceive
                0x0000000008008170      0x376 ./Drivers/STM32L0xx_HAL_Driver/Src/stm32l0xx_hal_spi.o
                0x0000000008008170                HAL_SPI_TransmitReceive
 *fill*         0x00000000080084e6        0x2 
 .text.SPI_WaitFlagStateUntilTimeout
                0x00000000080084e8      0x11c ./Drivers/STM32L0xx_HAL_Driver/Src/stm32l0xx_hal_spi.o
 .text.SPI_EndRxTransaction
                0x0000000008008604       0xd4 ./Drivers/STM32L0xx_HAL_Driver/Src/stm32l0xx_hal_spi.o
 .text.SPI_EndRxTxTransaction
                0x00000000080086d8       0x8c ./Drivers/STM32L0xx_HAL_Driver/Src/stm32l0xx_hal_spi.o
 .text.HAL_TIM_Base_Init
                0x0000000008008764       0x80 ./Drivers/STM32L0xx_HAL_Driver/Src/stm32l0xx_hal_tim.o
                0x0000000008008764                HAL_TIM_Base_Init
 .text.HAL_TIM_Base_Start
                0x00000000080087e4       0x94 ./Drivers/STM32L0xx_HAL_Driver/Src/stm32l0xx_hal_tim.o
                0x00000000080087e4                HAL_TIM_Base_Start
 .text.HAL_TIM_Base_Start_IT
                0x0000000008008878       0xa4 ./Drivers/STM32L0xx_HAL_Driver/Src/stm32l0xx_hal_tim.o
                0x0000000008008878                HAL_TIM_Base_Start_IT
 .text.HAL_TIM_PWM_Init
                0x000000000800891c       0x80 ./Drivers/STM32L0xx_HAL_Driver/Src/stm32l0xx_hal_tim.o
                0x000000000800891c                HAL_TIM_PWM_Init
 .text.HAL_TIM_PWM_MspInit
                0x000000000800899c       0x10 ./Drivers/STM32L0xx_HAL_Driver/Src/stm32l0xx_hal_tim.o
                0x000000000800899c                HAL_TIM_PWM_MspInit
 .text.HAL_TIM_PWM_Start
                0x00000000080089ac      0x124 ./Drivers/STM32L0xx_HAL_Driver/Src/stm32l0xx_hal_tim.o
                0x00000000080089ac                HAL_TIM_PWM_Start
 .text.HAL_TIM_IC_Init
                0x0000000008008ad0       0x80 ./Drivers/STM32L0xx_HAL_Driver/Src/stm32l0xx_hal_tim.o
                0x0000000008008ad0                HAL_TIM_IC_Init
 .text.HAL_TIM_IC_Start
                0x0000000008008b50      0x110 ./Drivers/STM32L0xx_HAL_Driver/Src/stm32l0xx_hal_tim.o
                0x0000000008008b50                HAL_TIM_IC_Start
 .text.HAL_TIM_IC_Start_IT
                0x0000000008008c60      0x19c ./Drivers/STM32L0xx_HAL_Driver/Src/stm32l0xx_hal_tim.o
                0x0000000008008c60                HAL_TIM_IC_Start_IT
 .text.HAL_TIM_IRQHandler
                0x0000000008008dfc      0x1d0 ./Drivers/STM32L0xx_HAL_Driver/Src/stm32l0xx_hal_tim.o
                0x0000000008008dfc                HAL_TIM_IRQHandler
 .text.HAL_TIM_IC_ConfigChannel
                0x0000000008008fcc      0x148 ./Drivers/STM32L0xx_HAL_Driver/Src/stm32l0xx_hal_tim.o
                0x0000000008008fcc                HAL_TIM_IC_ConfigChannel
 .text.HAL_TIM_PWM_ConfigChannel
                0x0000000008009114      0x18c ./Drivers/STM32L0xx_HAL_Driver/Src/stm32l0xx_hal_tim.o
                0x0000000008009114                HAL_TIM_PWM_ConfigChannel
 .text.HAL_TIM_ConfigClockSource
                0x00000000080092a0      0x1a8 ./Drivers/STM32L0xx_HAL_Driver/Src/stm32l0xx_hal_tim.o
                0x00000000080092a0                HAL_TIM_ConfigClockSource
 .text.HAL_TIM_OC_DelayElapsedCallback
                0x0000000008009448       0x10 ./Drivers/STM32L0xx_HAL_Driver/Src/stm32l0xx_hal_tim.o
                0x0000000008009448                HAL_TIM_OC_DelayElapsedCallback
 .text.HAL_TIM_PWM_PulseFinishedCallback
                0x0000000008009458       0x10 ./Drivers/STM32L0xx_HAL_Driver/Src/stm32l0xx_hal_tim.o
                0x0000000008009458                HAL_TIM_PWM_PulseFinishedCallback
 .text.HAL_TIM_TriggerCallback
                0x0000000008009468       0x10 ./Drivers/STM32L0xx_HAL_Driver/Src/stm32l0xx_hal_tim.o
                0x0000000008009468                HAL_TIM_TriggerCallback
 .text.TIM_Base_SetConfig
                0x0000000008009478       0xbc ./Drivers/STM32L0xx_HAL_Driver/Src/stm32l0xx_hal_tim.o
 .text.TIM_OC1_SetConfig
                0x0000000008009534       0x78 ./Drivers/STM32L0xx_HAL_Driver/Src/stm32l0xx_hal_tim.o
 .text.TIM_OC2_SetConfig
                0x00000000080095ac       0x84 ./Drivers/STM32L0xx_HAL_Driver/Src/stm32l0xx_hal_tim.o
 .text.TIM_OC3_SetConfig
                0x0000000008009630       0x80 ./Drivers/STM32L0xx_HAL_Driver/Src/stm32l0xx_hal_tim.o
 .text.TIM_OC4_SetConfig
                0x00000000080096b0       0x8c ./Drivers/STM32L0xx_HAL_Driver/Src/stm32l0xx_hal_tim.o
 .text.TIM_TI1_SetConfig
                0x000000000800973c       0xb8 ./Drivers/STM32L0xx_HAL_Driver/Src/stm32l0xx_hal_tim.o
 .text.TIM_TI1_ConfigInputStage
                0x00000000080097f4       0x5c ./Drivers/STM32L0xx_HAL_Driver/Src/stm32l0xx_hal_tim.o
 .text.TIM_TI2_SetConfig
                0x0000000008009850       0x84 ./Drivers/STM32L0xx_HAL_Driver/Src/stm32l0xx_hal_tim.o
 .text.TIM_TI2_ConfigInputStage
                0x00000000080098d4       0x64 ./Drivers/STM32L0xx_HAL_Driver/Src/stm32l0xx_hal_tim.o
 .text.TIM_TI3_SetConfig
                0x0000000008009938       0x80 ./Drivers/STM32L0xx_HAL_Driver/Src/stm32l0xx_hal_tim.o
 .text.TIM_TI4_SetConfig
                0x00000000080099b8       0x8c ./Drivers/STM32L0xx_HAL_Driver/Src/stm32l0xx_hal_tim.o
 .text.TIM_ITRx_SetConfig
                0x0000000008009a44       0x32 ./Drivers/STM32L0xx_HAL_Driver/Src/stm32l0xx_hal_tim.o
 *fill*         0x0000000008009a76        0x2 
 .text.TIM_ETR_SetConfig
                0x0000000008009a78       0x40 ./Drivers/STM32L0xx_HAL_Driver/Src/stm32l0xx_hal_tim.o
 .text.TIM_CCxChannelCmd
                0x0000000008009ab8       0x46 ./Drivers/STM32L0xx_HAL_Driver/Src/stm32l0xx_hal_tim.o
 *fill*         0x0000000008009afe        0x2 
 .text.HAL_TIMEx_MasterConfigSynchronization
                0x0000000008009b00       0xbc ./Drivers/STM32L0xx_HAL_Driver/Src/stm32l0xx_hal_tim_ex.o
                0x0000000008009b00                HAL_TIMEx_MasterConfigSynchronization
 .text.HAL_TIMEx_RemapConfig
                0x0000000008009bbc       0x3a ./Drivers/STM32L0xx_HAL_Driver/Src/stm32l0xx_hal_tim_ex.o
                0x0000000008009bbc                HAL_TIMEx_RemapConfig
 *fill*         0x0000000008009bf6        0x2 
 .text.HAL_UART_Init
                0x0000000008009bf8       0xa8 ./Drivers/STM32L0xx_HAL_Driver/Src/stm32l0xx_hal_uart.o
                0x0000000008009bf8                HAL_UART_Init
 .text.HAL_UART_Transmit_IT
                0x0000000008009ca0      0x100 ./Drivers/STM32L0xx_HAL_Driver/Src/stm32l0xx_hal_uart.o
                0x0000000008009ca0                HAL_UART_Transmit_IT
 .text.HAL_UART_IRQHandler
                0x0000000008009da0      0x5b4 ./Drivers/STM32L0xx_HAL_Driver/Src/stm32l0xx_hal_uart.o
                0x0000000008009da0                HAL_UART_IRQHandler
 .text.HAL_UART_TxCpltCallback
                0x000000000800a354       0x10 ./Drivers/STM32L0xx_HAL_Driver/Src/stm32l0xx_hal_uart.o
                0x000000000800a354                HAL_UART_TxCpltCallback
 .text.HAL_UART_ErrorCallback
                0x000000000800a364       0x10 ./Drivers/STM32L0xx_HAL_Driver/Src/stm32l0xx_hal_uart.o
                0x000000000800a364                HAL_UART_ErrorCallback
 .text.HAL_UARTEx_RxEventCallback
                0x000000000800a374       0x16 ./Drivers/STM32L0xx_HAL_Driver/Src/stm32l0xx_hal_uart.o
                0x000000000800a374                HAL_UARTEx_RxEventCallback
 *fill*         0x000000000800a38a        0x2 
 .text.UART_SetConfig
                0x000000000800a38c      0x540 ./Drivers/STM32L0xx_HAL_Driver/Src/stm32l0xx_hal_uart.o
                0x000000000800a38c                UART_SetConfig
 .text.UART_AdvFeatureConfig
                0x000000000800a8cc      0x168 ./Drivers/STM32L0xx_HAL_Driver/Src/stm32l0xx_hal_uart.o
                0x000000000800a8cc                UART_AdvFeatureConfig
 .text.UART_CheckIdleState
                0x000000000800aa34       0x90 ./Drivers/STM32L0xx_HAL_Driver/Src/stm32l0xx_hal_uart.o
                0x000000000800aa34                UART_CheckIdleState
 .text.UART_WaitOnFlagUntilTimeout
                0x000000000800aac4      0x188 ./Drivers/STM32L0xx_HAL_Driver/Src/stm32l0xx_hal_uart.o
                0x000000000800aac4                UART_WaitOnFlagUntilTimeout
 .text.UART_EndRxTransfer
                0x000000000800ac4c       0xc4 ./Drivers/STM32L0xx_HAL_Driver/Src/stm32l0xx_hal_uart.o
 .text.UART_DMAAbortOnError
                0x000000000800ad10       0x2e ./Drivers/STM32L0xx_HAL_Driver/Src/stm32l0xx_hal_uart.o
 .text.UART_TxISR_8BIT
                0x000000000800ad3e       0xb2 ./Drivers/STM32L0xx_HAL_Driver/Src/stm32l0xx_hal_uart.o
 .text.UART_TxISR_16BIT
                0x000000000800adf0       0xbc ./Drivers/STM32L0xx_HAL_Driver/Src/stm32l0xx_hal_uart.o
 .text.UART_EndTransmit_IT
                0x000000000800aeac       0x56 ./Drivers/STM32L0xx_HAL_Driver/Src/stm32l0xx_hal_uart.o
 .text.HAL_UARTEx_WakeupCallback
                0x000000000800af02       0x10 ./Drivers/STM32L0xx_HAL_Driver/Src/stm32l0xx_hal_uart_ex.o
                0x000000000800af02                HAL_UARTEx_WakeupCallback
 .text.atoi     0x000000000800af12        0xc g:/st/stm32cubeide_1.9.0/stm32cubeide/plugins/com.st.stm32cube.ide.mcu.externaltools.gnu-tools-for-stm32.10.3-2021.10.win32_1.0.0.202111181127/tools/bin/../lib/gcc/arm-none-eabi/10.3.1/../../../../arm-none-eabi/lib/thumb/v6-m/nofp\libc_nano.a(lib_a-atoi.o)
                0x000000000800af12                atoi
 *fill*         0x000000000800af1e        0x2 
 .text.__errno  0x000000000800af20        0xc g:/st/stm32cubeide_1.9.0/stm32cubeide/plugins/com.st.stm32cube.ide.mcu.externaltools.gnu-tools-for-stm32.10.3-2021.10.win32_1.0.0.202111181127/tools/bin/../lib/gcc/arm-none-eabi/10.3.1/../../../../arm-none-eabi/lib/thumb/v6-m/nofp\libc_nano.a(lib_a-errno.o)
                0x000000000800af20                __errno
 .text.__libc_init_array
                0x000000000800af2c       0x48 g:/st/stm32cubeide_1.9.0/stm32cubeide/plugins/com.st.stm32cube.ide.mcu.externaltools.gnu-tools-for-stm32.10.3-2021.10.win32_1.0.0.202111181127/tools/bin/../lib/gcc/arm-none-eabi/10.3.1/../../../../arm-none-eabi/lib/thumb/v6-m/nofp\libc_nano.a(lib_a-init.o)
                0x000000000800af2c                __libc_init_array
 .text.malloc   0x000000000800af74       0x14 g:/st/stm32cubeide_1.9.0/stm32cubeide/plugins/com.st.stm32cube.ide.mcu.externaltools.gnu-tools-for-stm32.10.3-2021.10.win32_1.0.0.202111181127/tools/bin/../lib/gcc/arm-none-eabi/10.3.1/../../../../arm-none-eabi/lib/thumb/v6-m/nofp\libc_nano.a(lib_a-malloc.o)
                0x000000000800af74                malloc
 .text.memset   0x000000000800af88       0x10 g:/st/stm32cubeide_1.9.0/stm32cubeide/plugins/com.st.stm32cube.ide.mcu.externaltools.gnu-tools-for-stm32.10.3-2021.10.win32_1.0.0.202111181127/tools/bin/../lib/gcc/arm-none-eabi/10.3.1/../../../../arm-none-eabi/lib/thumb/v6-m/nofp\libc_nano.a(lib_a-memset.o)
                0x000000000800af88                memset
 .text._free_r  0x000000000800af98       0x94 g:/st/stm32cubeide_1.9.0/stm32cubeide/plugins/com.st.stm32cube.ide.mcu.externaltools.gnu-tools-for-stm32.10.3-2021.10.win32_1.0.0.202111181127/tools/bin/../lib/gcc/arm-none-eabi/10.3.1/../../../../arm-none-eabi/lib/thumb/v6-m/nofp\libc_nano.a(lib_a-nano-freer.o)
                0x000000000800af98                _free_r
 .text.sbrk_aligned
                0x000000000800b02c       0x44 g:/st/stm32cubeide_1.9.0/stm32cubeide/plugins/com.st.stm32cube.ide.mcu.externaltools.gnu-tools-for-stm32.10.3-2021.10.win32_1.0.0.202111181127/tools/bin/../lib/gcc/arm-none-eabi/10.3.1/../../../../arm-none-eabi/lib/thumb/v6-m/nofp\libc_nano.a(lib_a-nano-mallocr.o)
 .text._malloc_r
                0x000000000800b070       0xec g:/st/stm32cubeide_1.9.0/stm32cubeide/plugins/com.st.stm32cube.ide.mcu.externaltools.gnu-tools-for-stm32.10.3-2021.10.win32_1.0.0.202111181127/tools/bin/../lib/gcc/arm-none-eabi/10.3.1/../../../../arm-none-eabi/lib/thumb/v6-m/nofp\libc_nano.a(lib_a-nano-mallocr.o)
                0x000000000800b070                _malloc_r
 .text.__cvt    0x000000000800b15c       0xc6 g:/st/stm32cubeide_1.9.0/stm32cubeide/plugins/com.st.stm32cube.ide.mcu.externaltools.gnu-tools-for-stm32.10.3-2021.10.win32_1.0.0.202111181127/tools/bin/../lib/gcc/arm-none-eabi/10.3.1/../../../../arm-none-eabi/lib/thumb/v6-m/nofp\libc_nano.a(lib_a-nano-vfprintf_float.o)
                0x000000000800b15c                __cvt
 .text.__exponent
                0x000000000800b222       0x8e g:/st/stm32cubeide_1.9.0/stm32cubeide/plugins/com.st.stm32cube.ide.mcu.externaltools.gnu-tools-for-stm32.10.3-2021.10.win32_1.0.0.202111181127/tools/bin/../lib/gcc/arm-none-eabi/10.3.1/../../../../arm-none-eabi/lib/thumb/v6-m/nofp\libc_nano.a(lib_a-nano-vfprintf_float.o)
                0x000000000800b222                __exponent
 .text._printf_float
                0x000000000800b2b0      0x484 g:/st/stm32cubeide_1.9.0/stm32cubeide/plugins/com.st.stm32cube.ide.mcu.externaltools.gnu-tools-for-stm32.10.3-2021.10.win32_1.0.0.202111181127/tools/bin/../lib/gcc/arm-none-eabi/10.3.1/../../../../arm-none-eabi/lib/thumb/v6-m/nofp\libc_nano.a(lib_a-nano-vfprintf_float.o)
                0x000000000800b2b0                _printf_float
 .text._printf_common
                0x000000000800b734       0xde g:/st/stm32cubeide_1.9.0/stm32cubeide/plugins/com.st.stm32cube.ide.mcu.externaltools.gnu-tools-for-stm32.10.3-2021.10.win32_1.0.0.202111181127/tools/bin/../lib/gcc/arm-none-eabi/10.3.1/../../../../arm-none-eabi/lib/thumb/v6-m/nofp\libc_nano.a(lib_a-nano-vfprintf_i.o)
                0x000000000800b734                _printf_common
 *fill*         0x000000000800b812        0x2 
 .text._printf_i
                0x000000000800b814      0x224 g:/st/stm32cubeide_1.9.0/stm32cubeide/plugins/com.st.stm32cube.ide.mcu.externaltools.gnu-tools-for-stm32.10.3-2021.10.win32_1.0.0.202111181127/tools/bin/../lib/gcc/arm-none-eabi/10.3.1/../../../../arm-none-eabi/lib/thumb/v6-m/nofp\libc_nano.a(lib_a-nano-vfprintf_i.o)
                0x000000000800b814                _printf_i
 .text._sbrk_r  0x000000000800ba38       0x24 g:/st/stm32cubeide_1.9.0/stm32cubeide/plugins/com.st.stm32cube.ide.mcu.externaltools.gnu-tools-for-stm32.10.3-2021.10.win32_1.0.0.202111181127/tools/bin/../lib/gcc/arm-none-eabi/10.3.1/../../../../arm-none-eabi/lib/thumb/v6-m/nofp\libc_nano.a(lib_a-sbrkr.o)
                0x000000000800ba38                _sbrk_r
 .text.sprintf  0x000000000800ba5c       0x40 g:/st/stm32cubeide_1.9.0/stm32cubeide/plugins/com.st.stm32cube.ide.mcu.externaltools.gnu-tools-for-stm32.10.3-2021.10.win32_1.0.0.202111181127/tools/bin/../lib/gcc/arm-none-eabi/10.3.1/../../../../arm-none-eabi/lib/thumb/v6-m/nofp\libc_nano.a(lib_a-sprintf.o)
                0x000000000800ba5c                siprintf
                0x000000000800ba5c                sprintf
 .text._strtol_l.constprop.0
                0x000000000800ba9c      0x11c g:/st/stm32cubeide_1.9.0/stm32cubeide/plugins/com.st.stm32cube.ide.mcu.externaltools.gnu-tools-for-stm32.10.3-2021.10.win32_1.0.0.202111181127/tools/bin/../lib/gcc/arm-none-eabi/10.3.1/../../../../arm-none-eabi/lib/thumb/v6-m/nofp\libc_nano.a(lib_a-strtol.o)
 .text.strtol   0x000000000800bbb8       0x18 g:/st/stm32cubeide_1.9.0/stm32cubeide/plugins/com.st.stm32cube.ide.mcu.externaltools.gnu-tools-for-stm32.10.3-2021.10.win32_1.0.0.202111181127/tools/bin/../lib/gcc/arm-none-eabi/10.3.1/../../../../arm-none-eabi/lib/thumb/v6-m/nofp\libc_nano.a(lib_a-strtol.o)
                0x000000000800bbb8                strtol
 .text.__swbuf_r
                0x000000000800bbd0       0xac g:/st/stm32cubeide_1.9.0/stm32cubeide/plugins/com.st.stm32cube.ide.mcu.externaltools.gnu-tools-for-stm32.10.3-2021.10.win32_1.0.0.202111181127/tools/bin/../lib/gcc/arm-none-eabi/10.3.1/../../../../arm-none-eabi/lib/thumb/v6-m/nofp\libc_nano.a(lib_a-wbuf.o)
                0x000000000800bbd0                __swbuf_r
 .text.__swsetup_r
                0x000000000800bc7c       0xf0 g:/st/stm32cubeide_1.9.0/stm32cubeide/plugins/com.st.stm32cube.ide.mcu.externaltools.gnu-tools-for-stm32.10.3-2021.10.win32_1.0.0.202111181127/tools/bin/../lib/gcc/arm-none-eabi/10.3.1/../../../../arm-none-eabi/lib/thumb/v6-m/nofp\libc_nano.a(lib_a-wsetup.o)
                0x000000000800bc7c                __swsetup_r
 .text.quorem   0x000000000800bd6c      0x116 g:/st/stm32cubeide_1.9.0/stm32cubeide/plugins/com.st.stm32cube.ide.mcu.externaltools.gnu-tools-for-stm32.10.3-2021.10.win32_1.0.0.202111181127/tools/bin/../lib/gcc/arm-none-eabi/10.3.1/../../../../arm-none-eabi/lib/thumb/v6-m/nofp\libc_nano.a(lib_a-dtoa.o)
 *fill*         0x000000000800be82        0x2 
 .text._dtoa_r  0x000000000800be84      0xc34 g:/st/stm32cubeide_1.9.0/stm32cubeide/plugins/com.st.stm32cube.ide.mcu.externaltools.gnu-tools-for-stm32.10.3-2021.10.win32_1.0.0.202111181127/tools/bin/../lib/gcc/arm-none-eabi/10.3.1/../../../../arm-none-eabi/lib/thumb/v6-m/nofp\libc_nano.a(lib_a-dtoa.o)
                0x000000000800be84                _dtoa_r
 .text.__sflush_r
                0x000000000800cab8      0x118 g:/st/stm32cubeide_1.9.0/stm32cubeide/plugins/com.st.stm32cube.ide.mcu.externaltools.gnu-tools-for-stm32.10.3-2021.10.win32_1.0.0.202111181127/tools/bin/../lib/gcc/arm-none-eabi/10.3.1/../../../../arm-none-eabi/lib/thumb/v6-m/nofp\libc_nano.a(lib_a-fflush.o)
                0x000000000800cab8                __sflush_r
 .text._fflush_r
                0x000000000800cbd0       0x80 g:/st/stm32cubeide_1.9.0/stm32cubeide/plugins/com.st.stm32cube.ide.mcu.externaltools.gnu-tools-for-stm32.10.3-2021.10.win32_1.0.0.202111181127/tools/bin/../lib/gcc/arm-none-eabi/10.3.1/../../../../arm-none-eabi/lib/thumb/v6-m/nofp\libc_nano.a(lib_a-fflush.o)
                0x000000000800cbd0                _fflush_r
 .text.std      0x000000000800cc50       0x48 g:/st/stm32cubeide_1.9.0/stm32cubeide/plugins/com.st.stm32cube.ide.mcu.externaltools.gnu-tools-for-stm32.10.3-2021.10.win32_1.0.0.202111181127/tools/bin/../lib/gcc/arm-none-eabi/10.3.1/../../../../arm-none-eabi/lib/thumb/v6-m/nofp\libc_nano.a(lib_a-findfp.o)
 .text._cleanup_r
                0x000000000800cc98       0x10 g:/st/stm32cubeide_1.9.0/stm32cubeide/plugins/com.st.stm32cube.ide.mcu.externaltools.gnu-tools-for-stm32.10.3-2021.10.win32_1.0.0.202111181127/tools/bin/../lib/gcc/arm-none-eabi/10.3.1/../../../../arm-none-eabi/lib/thumb/v6-m/nofp\libc_nano.a(lib_a-findfp.o)
                0x000000000800cc98                _cleanup_r
 .text.__sfmoreglue
                0x000000000800cca8       0x2c g:/st/stm32cubeide_1.9.0/stm32cubeide/plugins/com.st.stm32cube.ide.mcu.externaltools.gnu-tools-for-stm32.10.3-2021.10.win32_1.0.0.202111181127/tools/bin/../lib/gcc/arm-none-eabi/10.3.1/../../../../arm-none-eabi/lib/thumb/v6-m/nofp\libc_nano.a(lib_a-findfp.o)
                0x000000000800cca8                __sfmoreglue
 .text.__sfp_lock_acquire
                0x000000000800ccd4       0x10 g:/st/stm32cubeide_1.9.0/stm32cubeide/plugins/com.st.stm32cube.ide.mcu.externaltools.gnu-tools-for-stm32.10.3-2021.10.win32_1.0.0.202111181127/tools/bin/../lib/gcc/arm-none-eabi/10.3.1/../../../../arm-none-eabi/lib/thumb/v6-m/nofp\libc_nano.a(lib_a-findfp.o)
                0x000000000800ccd4                __sfp_lock_acquire
 .text.__sfp_lock_release
                0x000000000800cce4       0x10 g:/st/stm32cubeide_1.9.0/stm32cubeide/plugins/com.st.stm32cube.ide.mcu.externaltools.gnu-tools-for-stm32.10.3-2021.10.win32_1.0.0.202111181127/tools/bin/../lib/gcc/arm-none-eabi/10.3.1/../../../../arm-none-eabi/lib/thumb/v6-m/nofp\libc_nano.a(lib_a-findfp.o)
                0x000000000800cce4                __sfp_lock_release
 .text.__sinit_lock_acquire
                0x000000000800ccf4       0x10 g:/st/stm32cubeide_1.9.0/stm32cubeide/plugins/com.st.stm32cube.ide.mcu.externaltools.gnu-tools-for-stm32.10.3-2021.10.win32_1.0.0.202111181127/tools/bin/../lib/gcc/arm-none-eabi/10.3.1/../../../../arm-none-eabi/lib/thumb/v6-m/nofp\libc_nano.a(lib_a-findfp.o)
                0x000000000800ccf4                __sinit_lock_acquire
 .text.__sinit_lock_release
                0x000000000800cd04       0x10 g:/st/stm32cubeide_1.9.0/stm32cubeide/plugins/com.st.stm32cube.ide.mcu.externaltools.gnu-tools-for-stm32.10.3-2021.10.win32_1.0.0.202111181127/tools/bin/../lib/gcc/arm-none-eabi/10.3.1/../../../../arm-none-eabi/lib/thumb/v6-m/nofp\libc_nano.a(lib_a-findfp.o)
                0x000000000800cd04                __sinit_lock_release
 .text.__sinit  0x000000000800cd14       0x70 g:/st/stm32cubeide_1.9.0/stm32cubeide/plugins/com.st.stm32cube.ide.mcu.externaltools.gnu-tools-for-stm32.10.3-2021.10.win32_1.0.0.202111181127/tools/bin/../lib/gcc/arm-none-eabi/10.3.1/../../../../arm-none-eabi/lib/thumb/v6-m/nofp\libc_nano.a(lib_a-findfp.o)
                0x000000000800cd14                __sinit
 .text.__sfp    0x000000000800cd84       0x90 g:/st/stm32cubeide_1.9.0/stm32cubeide/plugins/com.st.stm32cube.ide.mcu.externaltools.gnu-tools-for-stm32.10.3-2021.10.win32_1.0.0.202111181127/tools/bin/../lib/gcc/arm-none-eabi/10.3.1/../../../../arm-none-eabi/lib/thumb/v6-m/nofp\libc_nano.a(lib_a-findfp.o)
                0x000000000800cd84                __sfp
 .text._fwalk_reent
                0x000000000800ce14       0x40 g:/st/stm32cubeide_1.9.0/stm32cubeide/plugins/com.st.stm32cube.ide.mcu.externaltools.gnu-tools-for-stm32.10.3-2021.10.win32_1.0.0.202111181127/tools/bin/../lib/gcc/arm-none-eabi/10.3.1/../../../../arm-none-eabi/lib/thumb/v6-m/nofp\libc_nano.a(lib_a-fwalk.o)
                0x000000000800ce14                _fwalk_reent
 .text._localeconv_r
                0x000000000800ce54        0x8 g:/st/stm32cubeide_1.9.0/stm32cubeide/plugins/com.st.stm32cube.ide.mcu.externaltools.gnu-tools-for-stm32.10.3-2021.10.win32_1.0.0.202111181127/tools/bin/../lib/gcc/arm-none-eabi/10.3.1/../../../../arm-none-eabi/lib/thumb/v6-m/nofp\libc_nano.a(lib_a-localeconv.o)
                0x000000000800ce54                _localeconv_r
 .text.__retarget_lock_init_recursive
                0x000000000800ce5c        0x2 g:/st/stm32cubeide_1.9.0/stm32cubeide/plugins/com.st.stm32cube.ide.mcu.externaltools.gnu-tools-for-stm32.10.3-2021.10.win32_1.0.0.202111181127/tools/bin/../lib/gcc/arm-none-eabi/10.3.1/../../../../arm-none-eabi/lib/thumb/v6-m/nofp\libc_nano.a(lib_a-lock.o)
                0x000000000800ce5c                __retarget_lock_init_recursive
 .text.__retarget_lock_acquire_recursive
                0x000000000800ce5e        0x2 g:/st/stm32cubeide_1.9.0/stm32cubeide/plugins/com.st.stm32cube.ide.mcu.externaltools.gnu-tools-for-stm32.10.3-2021.10.win32_1.0.0.202111181127/tools/bin/../lib/gcc/arm-none-eabi/10.3.1/../../../../arm-none-eabi/lib/thumb/v6-m/nofp\libc_nano.a(lib_a-lock.o)
                0x000000000800ce5e                __retarget_lock_acquire_recursive
 .text.__retarget_lock_release_recursive
                0x000000000800ce60        0x2 g:/st/stm32cubeide_1.9.0/stm32cubeide/plugins/com.st.stm32cube.ide.mcu.externaltools.gnu-tools-for-stm32.10.3-2021.10.win32_1.0.0.202111181127/tools/bin/../lib/gcc/arm-none-eabi/10.3.1/../../../../arm-none-eabi/lib/thumb/v6-m/nofp\libc_nano.a(lib_a-lock.o)
                0x000000000800ce60                __retarget_lock_release_recursive
 *fill*         0x000000000800ce62        0x2 
 .text.__swhatbuf_r
                0x000000000800ce64       0x50 g:/st/stm32cubeide_1.9.0/stm32cubeide/plugins/com.st.stm32cube.ide.mcu.externaltools.gnu-tools-for-stm32.10.3-2021.10.win32_1.0.0.202111181127/tools/bin/../lib/gcc/arm-none-eabi/10.3.1/../../../../arm-none-eabi/lib/thumb/v6-m/nofp\libc_nano.a(lib_a-makebuf.o)
                0x000000000800ce64                __swhatbuf_r
 .text.__smakebuf_r
                0x000000000800ceb4       0x88 g:/st/stm32cubeide_1.9.0/stm32cubeide/plugins/com.st.stm32cube.ide.mcu.externaltools.gnu-tools-for-stm32.10.3-2021.10.win32_1.0.0.202111181127/tools/bin/../lib/gcc/arm-none-eabi/10.3.1/../../../../arm-none-eabi/lib/thumb/v6-m/nofp\libc_nano.a(lib_a-makebuf.o)
                0x000000000800ceb4                __smakebuf_r
 .text.memchr   0x000000000800cf3c       0x16 g:/st/stm32cubeide_1.9.0/stm32cubeide/plugins/com.st.stm32cube.ide.mcu.externaltools.gnu-tools-for-stm32.10.3-2021.10.win32_1.0.0.202111181127/tools/bin/../lib/gcc/arm-none-eabi/10.3.1/../../../../arm-none-eabi/lib/thumb/v6-m/nofp\libc_nano.a(lib_a-memchr-stub.o)
                0x000000000800cf3c                memchr
 .text.memcpy   0x000000000800cf52       0x12 g:/st/stm32cubeide_1.9.0/stm32cubeide/plugins/com.st.stm32cube.ide.mcu.externaltools.gnu-tools-for-stm32.10.3-2021.10.win32_1.0.0.202111181127/tools/bin/../lib/gcc/arm-none-eabi/10.3.1/../../../../arm-none-eabi/lib/thumb/v6-m/nofp\libc_nano.a(lib_a-memcpy-stub.o)
                0x000000000800cf52                memcpy
 .text.__malloc_lock
                0x000000000800cf64       0x10 g:/st/stm32cubeide_1.9.0/stm32cubeide/plugins/com.st.stm32cube.ide.mcu.externaltools.gnu-tools-for-stm32.10.3-2021.10.win32_1.0.0.202111181127/tools/bin/../lib/gcc/arm-none-eabi/10.3.1/../../../../arm-none-eabi/lib/thumb/v6-m/nofp\libc_nano.a(lib_a-mlock.o)
                0x000000000800cf64                __malloc_lock
 .text.__malloc_unlock
                0x000000000800cf74       0x10 g:/st/stm32cubeide_1.9.0/stm32cubeide/plugins/com.st.stm32cube.ide.mcu.externaltools.gnu-tools-for-stm32.10.3-2021.10.win32_1.0.0.202111181127/tools/bin/../lib/gcc/arm-none-eabi/10.3.1/../../../../arm-none-eabi/lib/thumb/v6-m/nofp\libc_nano.a(lib_a-mlock.o)
                0x000000000800cf74                __malloc_unlock
 .text._Balloc  0x000000000800cf84       0x88 g:/st/stm32cubeide_1.9.0/stm32cubeide/plugins/com.st.stm32cube.ide.mcu.externaltools.gnu-tools-for-stm32.10.3-2021.10.win32_1.0.0.202111181127/tools/bin/../lib/gcc/arm-none-eabi/10.3.1/../../../../arm-none-eabi/lib/thumb/v6-m/nofp\libc_nano.a(lib_a-mprec.o)
                0x000000000800cf84                _Balloc
 .text._Bfree   0x000000000800d00c       0x48 g:/st/stm32cubeide_1.9.0/stm32cubeide/plugins/com.st.stm32cube.ide.mcu.externaltools.gnu-tools-for-stm32.10.3-2021.10.win32_1.0.0.202111181127/tools/bin/../lib/gcc/arm-none-eabi/10.3.1/../../../../arm-none-eabi/lib/thumb/v6-m/nofp\libc_nano.a(lib_a-mprec.o)
                0x000000000800d00c                _Bfree
 .text.__multadd
                0x000000000800d054       0x88 g:/st/stm32cubeide_1.9.0/stm32cubeide/plugins/com.st.stm32cube.ide.mcu.externaltools.gnu-tools-for-stm32.10.3-2021.10.win32_1.0.0.202111181127/tools/bin/../lib/gcc/arm-none-eabi/10.3.1/../../../../arm-none-eabi/lib/thumb/v6-m/nofp\libc_nano.a(lib_a-mprec.o)
                0x000000000800d054                __multadd
 .text.__hi0bits
                0x000000000800d0dc       0x34 g:/st/stm32cubeide_1.9.0/stm32cubeide/plugins/com.st.stm32cube.ide.mcu.externaltools.gnu-tools-for-stm32.10.3-2021.10.win32_1.0.0.202111181127/tools/bin/../lib/gcc/arm-none-eabi/10.3.1/../../../../arm-none-eabi/lib/thumb/v6-m/nofp\libc_nano.a(lib_a-mprec.o)
                0x000000000800d0dc                __hi0bits
 .text.__lo0bits
                0x000000000800d110       0x5c g:/st/stm32cubeide_1.9.0/stm32cubeide/plugins/com.st.stm32cube.ide.mcu.externaltools.gnu-tools-for-stm32.10.3-2021.10.win32_1.0.0.202111181127/tools/bin/../lib/gcc/arm-none-eabi/10.3.1/../../../../arm-none-eabi/lib/thumb/v6-m/nofp\libc_nano.a(lib_a-mprec.o)
                0x000000000800d110                __lo0bits
 .text.__i2b    0x000000000800d16c       0x2c g:/st/stm32cubeide_1.9.0/stm32cubeide/plugins/com.st.stm32cube.ide.mcu.externaltools.gnu-tools-for-stm32.10.3-2021.10.win32_1.0.0.202111181127/tools/bin/../lib/gcc/arm-none-eabi/10.3.1/../../../../arm-none-eabi/lib/thumb/v6-m/nofp\libc_nano.a(lib_a-mprec.o)
                0x000000000800d16c                __i2b
 .text.__multiply
                0x000000000800d198      0x160 g:/st/stm32cubeide_1.9.0/stm32cubeide/plugins/com.st.stm32cube.ide.mcu.externaltools.gnu-tools-for-stm32.10.3-2021.10.win32_1.0.0.202111181127/tools/bin/../lib/gcc/arm-none-eabi/10.3.1/../../../../arm-none-eabi/lib/thumb/v6-m/nofp\libc_nano.a(lib_a-mprec.o)
                0x000000000800d198                __multiply
 .text.__pow5mult
                0x000000000800d2f8       0xb8 g:/st/stm32cubeide_1.9.0/stm32cubeide/plugins/com.st.stm32cube.ide.mcu.externaltools.gnu-tools-for-stm32.10.3-2021.10.win32_1.0.0.202111181127/tools/bin/../lib/gcc/arm-none-eabi/10.3.1/../../../../arm-none-eabi/lib/thumb/v6-m/nofp\libc_nano.a(lib_a-mprec.o)
                0x000000000800d2f8                __pow5mult
 .text.__lshift
                0x000000000800d3b0       0xdc g:/st/stm32cubeide_1.9.0/stm32cubeide/plugins/com.st.stm32cube.ide.mcu.externaltools.gnu-tools-for-stm32.10.3-2021.10.win32_1.0.0.202111181127/tools/bin/../lib/gcc/arm-none-eabi/10.3.1/../../../../arm-none-eabi/lib/thumb/v6-m/nofp\libc_nano.a(lib_a-mprec.o)
                0x000000000800d3b0                __lshift
 .text.__mcmp   0x000000000800d48c       0x36 g:/st/stm32cubeide_1.9.0/stm32cubeide/plugins/com.st.stm32cube.ide.mcu.externaltools.gnu-tools-for-stm32.10.3-2021.10.win32_1.0.0.202111181127/tools/bin/../lib/gcc/arm-none-eabi/10.3.1/../../../../arm-none-eabi/lib/thumb/v6-m/nofp\libc_nano.a(lib_a-mprec.o)
                0x000000000800d48c                __mcmp
 *fill*         0x000000000800d4c2        0x2 
 .text.__mdiff  0x000000000800d4c4      0x130 g:/st/stm32cubeide_1.9.0/stm32cubeide/plugins/com.st.stm32cube.ide.mcu.externaltools.gnu-tools-for-stm32.10.3-2021.10.win32_1.0.0.202111181127/tools/bin/../lib/gcc/arm-none-eabi/10.3.1/../../../../arm-none-eabi/lib/thumb/v6-m/nofp\libc_nano.a(lib_a-mprec.o)
                0x000000000800d4c4                __mdiff
 .text.__d2b    0x000000000800d5f4       0xc8 g:/st/stm32cubeide_1.9.0/stm32cubeide/plugins/com.st.stm32cube.ide.mcu.externaltools.gnu-tools-for-stm32.10.3-2021.10.win32_1.0.0.202111181127/tools/bin/../lib/gcc/arm-none-eabi/10.3.1/../../../../arm-none-eabi/lib/thumb/v6-m/nofp\libc_nano.a(lib_a-mprec.o)
                0x000000000800d5f4                __d2b
 .text._calloc_r
                0x000000000800d6bc       0x58 g:/st/stm32cubeide_1.9.0/stm32cubeide/plugins/com.st.stm32cube.ide.mcu.externaltools.gnu-tools-for-stm32.10.3-2021.10.win32_1.0.0.202111181127/tools/bin/../lib/gcc/arm-none-eabi/10.3.1/../../../../arm-none-eabi/lib/thumb/v6-m/nofp\libc_nano.a(lib_a-nano-callocr.o)
                0x000000000800d6bc                _calloc_r
 .text.__ssputs_r
                0x000000000800d714       0xc4 g:/st/stm32cubeide_1.9.0/stm32cubeide/plugins/com.st.stm32cube.ide.mcu.externaltools.gnu-tools-for-stm32.10.3-2021.10.win32_1.0.0.202111181127/tools/bin/../lib/gcc/arm-none-eabi/10.3.1/../../../../arm-none-eabi/lib/thumb/v6-m/nofp\libc_nano.a(lib_a-nano-svfprintf.o)
                0x000000000800d714                __ssputs_r
 .text._svfprintf_r
                0x000000000800d7d8      0x200 g:/st/stm32cubeide_1.9.0/stm32cubeide/plugins/com.st.stm32cube.ide.mcu.externaltools.gnu-tools-for-stm32.10.3-2021.10.win32_1.0.0.202111181127/tools/bin/../lib/gcc/arm-none-eabi/10.3.1/../../../../arm-none-eabi/lib/thumb/v6-m/nofp\libc_nano.a(lib_a-nano-svfprintf.o)
                0x000000000800d7d8                _svfiprintf_r
                0x000000000800d7d8                _svfprintf_r
 .text.__sfputc_r
                0x000000000800d9d8       0x2a g:/st/stm32cubeide_1.9.0/stm32cubeide/plugins/com.st.stm32cube.ide.mcu.externaltools.gnu-tools-for-stm32.10.3-2021.10.win32_1.0.0.202111181127/tools/bin/../lib/gcc/arm-none-eabi/10.3.1/../../../../arm-none-eabi/lib/thumb/v6-m/nofp\libc_nano.a(lib_a-nano-vfprintf.o)
 .text.__sfputs_r
                0x000000000800da02       0x24 g:/st/stm32cubeide_1.9.0/stm32cubeide/plugins/com.st.stm32cube.ide.mcu.externaltools.gnu-tools-for-stm32.10.3-2021.10.win32_1.0.0.202111181127/tools/bin/../lib/gcc/arm-none-eabi/10.3.1/../../../../arm-none-eabi/lib/thumb/v6-m/nofp\libc_nano.a(lib_a-nano-vfprintf.o)
                0x000000000800da02                __sfputs_r
 *fill*         0x000000000800da26        0x2 
 .text._vfprintf_r
                0x000000000800da28      0x274 g:/st/stm32cubeide_1.9.0/stm32cubeide/plugins/com.st.stm32cube.ide.mcu.externaltools.gnu-tools-for-stm32.10.3-2021.10.win32_1.0.0.202111181127/tools/bin/../lib/gcc/arm-none-eabi/10.3.1/../../../../arm-none-eabi/lib/thumb/v6-m/nofp\libc_nano.a(lib_a-nano-vfprintf.o)
                0x000000000800da28                _vfprintf_r
                0x000000000800da28                _vfiprintf_r
 .text.__sread  0x000000000800dc9c       0x28 g:/st/stm32cubeide_1.9.0/stm32cubeide/plugins/com.st.stm32cube.ide.mcu.externaltools.gnu-tools-for-stm32.10.3-2021.10.win32_1.0.0.202111181127/tools/bin/../lib/gcc/arm-none-eabi/10.3.1/../../../../arm-none-eabi/lib/thumb/v6-m/nofp\libc_nano.a(lib_a-stdio.o)
                0x000000000800dc9c                __sread
 .text.__swrite
                0x000000000800dcc4       0x38 g:/st/stm32cubeide_1.9.0/stm32cubeide/plugins/com.st.stm32cube.ide.mcu.externaltools.gnu-tools-for-stm32.10.3-2021.10.win32_1.0.0.202111181127/tools/bin/../lib/gcc/arm-none-eabi/10.3.1/../../../../arm-none-eabi/lib/thumb/v6-m/nofp\libc_nano.a(lib_a-stdio.o)
                0x000000000800dcc4                __swrite
 .text.__sseek  0x000000000800dcfc       0x2c g:/st/stm32cubeide_1.9.0/stm32cubeide/plugins/com.st.stm32cube.ide.mcu.externaltools.gnu-tools-for-stm32.10.3-2021.10.win32_1.0.0.202111181127/tools/bin/../lib/gcc/arm-none-eabi/10.3.1/../../../../arm-none-eabi/lib/thumb/v6-m/nofp\libc_nano.a(lib_a-stdio.o)
                0x000000000800dcfc                __sseek
 .text.__sclose
                0x000000000800dd28        0xc g:/st/stm32cubeide_1.9.0/stm32cubeide/plugins/com.st.stm32cube.ide.mcu.externaltools.gnu-tools-for-stm32.10.3-2021.10.win32_1.0.0.202111181127/tools/bin/../lib/gcc/arm-none-eabi/10.3.1/../../../../arm-none-eabi/lib/thumb/v6-m/nofp\libc_nano.a(lib_a-stdio.o)
                0x000000000800dd28                __sclose
 .text._write_r
                0x000000000800dd34       0x28 g:/st/stm32cubeide_1.9.0/stm32cubeide/plugins/com.st.stm32cube.ide.mcu.externaltools.gnu-tools-for-stm32.10.3-2021.10.win32_1.0.0.202111181127/tools/bin/../lib/gcc/arm-none-eabi/10.3.1/../../../../arm-none-eabi/lib/thumb/v6-m/nofp\libc_nano.a(lib_a-writer.o)
                0x000000000800dd34                _write_r
 .text.__assert_func
                0x000000000800dd5c       0x3c g:/st/stm32cubeide_1.9.0/stm32cubeide/plugins/com.st.stm32cube.ide.mcu.externaltools.gnu-tools-for-stm32.10.3-2021.10.win32_1.0.0.202111181127/tools/bin/../lib/gcc/arm-none-eabi/10.3.1/../../../../arm-none-eabi/lib/thumb/v6-m/nofp\libc_nano.a(lib_a-assert.o)
                0x000000000800dd5c                __assert_func
 .text._close_r
                0x000000000800dd98       0x24 g:/st/stm32cubeide_1.9.0/stm32cubeide/plugins/com.st.stm32cube.ide.mcu.externaltools.gnu-tools-for-stm32.10.3-2021.10.win32_1.0.0.202111181127/tools/bin/../lib/gcc/arm-none-eabi/10.3.1/../../../../arm-none-eabi/lib/thumb/v6-m/nofp\libc_nano.a(lib_a-closer.o)
                0x000000000800dd98                _close_r
 .text.fprintf  0x000000000800ddbc       0x20 g:/st/stm32cubeide_1.9.0/stm32cubeide/plugins/com.st.stm32cube.ide.mcu.externaltools.gnu-tools-for-stm32.10.3-2021.10.win32_1.0.0.202111181127/tools/bin/../lib/gcc/arm-none-eabi/10.3.1/../../../../arm-none-eabi/lib/thumb/v6-m/nofp\libc_nano.a(lib_a-fprintf.o)
                0x000000000800ddbc                fiprintf
                0x000000000800ddbc                fprintf
 .text._fstat_r
                0x000000000800dddc       0x24 g:/st/stm32cubeide_1.9.0/stm32cubeide/plugins/com.st.stm32cube.ide.mcu.externaltools.gnu-tools-for-stm32.10.3-2021.10.win32_1.0.0.202111181127/tools/bin/../lib/gcc/arm-none-eabi/10.3.1/../../../../arm-none-eabi/lib/thumb/v6-m/nofp\libc_nano.a(lib_a-fstatr.o)
                0x000000000800dddc                _fstat_r
 .text._isatty_r
                0x000000000800de00       0x24 g:/st/stm32cubeide_1.9.0/stm32cubeide/plugins/com.st.stm32cube.ide.mcu.externaltools.gnu-tools-for-stm32.10.3-2021.10.win32_1.0.0.202111181127/tools/bin/../lib/gcc/arm-none-eabi/10.3.1/../../../../arm-none-eabi/lib/thumb/v6-m/nofp\libc_nano.a(lib_a-isattyr.o)
                0x000000000800de00                _isatty_r
 .text._lseek_r
                0x000000000800de24       0x28 g:/st/stm32cubeide_1.9.0/stm32cubeide/plugins/com.st.stm32cube.ide.mcu.externaltools.gnu-tools-for-stm32.10.3-2021.10.win32_1.0.0.202111181127/tools/bin/../lib/gcc/arm-none-eabi/10.3.1/../../../../arm-none-eabi/lib/thumb/v6-m/nofp\libc_nano.a(lib_a-lseekr.o)
                0x000000000800de24                _lseek_r
 .text.__ascii_mbtowc
                0x000000000800de4c       0x24 g:/st/stm32cubeide_1.9.0/stm32cubeide/plugins/com.st.stm32cube.ide.mcu.externaltools.gnu-tools-for-stm32.10.3-2021.10.win32_1.0.0.202111181127/tools/bin/../lib/gcc/arm-none-eabi/10.3.1/../../../../arm-none-eabi/lib/thumb/v6-m/nofp\libc_nano.a(lib_a-mbtowc_r.o)
                0x000000000800de4c                __ascii_mbtowc
 .text.memmove  0x000000000800de70       0x26 g:/st/stm32cubeide_1.9.0/stm32cubeide/plugins/com.st.stm32cube.ide.mcu.externaltools.gnu-tools-for-stm32.10.3-2021.10.win32_1.0.0.202111181127/tools/bin/../lib/gcc/arm-none-eabi/10.3.1/../../../../arm-none-eabi/lib/thumb/v6-m/nofp\libc_nano.a(lib_a-memmove.o)
                0x000000000800de70                memmove
 .text._realloc_r
                0x000000000800de96       0x5e g:/st/stm32cubeide_1.9.0/stm32cubeide/plugins/com.st.stm32cube.ide.mcu.externaltools.gnu-tools-for-stm32.10.3-2021.10.win32_1.0.0.202111181127/tools/bin/../lib/gcc/arm-none-eabi/10.3.1/../../../../arm-none-eabi/lib/thumb/v6-m/nofp\libc_nano.a(lib_a-nano-reallocr.o)
                0x000000000800de96                _realloc_r
 .text._read_r  0x000000000800def4       0x28 g:/st/stm32cubeide_1.9.0/stm32cubeide/plugins/com.st.stm32cube.ide.mcu.externaltools.gnu-tools-for-stm32.10.3-2021.10.win32_1.0.0.202111181127/tools/bin/../lib/gcc/arm-none-eabi/10.3.1/../../../../arm-none-eabi/lib/thumb/v6-m/nofp\libc_nano.a(lib_a-readr.o)
                0x000000000800def4                _read_r
 .text.__ascii_wctomb
                0x000000000800df1c       0x1a g:/st/stm32cubeide_1.9.0/stm32cubeide/plugins/com.st.stm32cube.ide.mcu.externaltools.gnu-tools-for-stm32.10.3-2021.10.win32_1.0.0.202111181127/tools/bin/../lib/gcc/arm-none-eabi/10.3.1/../../../../arm-none-eabi/lib/thumb/v6-m/nofp\libc_nano.a(lib_a-wctomb_r.o)
                0x000000000800df1c                __ascii_wctomb
 .text.abort    0x000000000800df36        0xe g:/st/stm32cubeide_1.9.0/stm32cubeide/plugins/com.st.stm32cube.ide.mcu.externaltools.gnu-tools-for-stm32.10.3-2021.10.win32_1.0.0.202111181127/tools/bin/../lib/gcc/arm-none-eabi/10.3.1/../../../../arm-none-eabi/lib/thumb/v6-m/nofp\libc_nano.a(lib_a-abort.o)
                0x000000000800df36                abort
 .text._malloc_usable_size_r
                0x000000000800df44       0x10 g:/st/stm32cubeide_1.9.0/stm32cubeide/plugins/com.st.stm32cube.ide.mcu.externaltools.gnu-tools-for-stm32.10.3-2021.10.win32_1.0.0.202111181127/tools/bin/../lib/gcc/arm-none-eabi/10.3.1/../../../../arm-none-eabi/lib/thumb/v6-m/nofp\libc_nano.a(lib_a-nano-msizer.o)
                0x000000000800df44                _malloc_usable_size_r
 .text._raise_r
                0x000000000800df54       0x54 g:/st/stm32cubeide_1.9.0/stm32cubeide/plugins/com.st.stm32cube.ide.mcu.externaltools.gnu-tools-for-stm32.10.3-2021.10.win32_1.0.0.202111181127/tools/bin/../lib/gcc/arm-none-eabi/10.3.1/../../../../arm-none-eabi/lib/thumb/v6-m/nofp\libc_nano.a(lib_a-signal.o)
                0x000000000800df54                _raise_r
 .text.raise    0x000000000800dfa8       0x14 g:/st/stm32cubeide_1.9.0/stm32cubeide/plugins/com.st.stm32cube.ide.mcu.externaltools.gnu-tools-for-stm32.10.3-2021.10.win32_1.0.0.202111181127/tools/bin/../lib/gcc/arm-none-eabi/10.3.1/../../../../arm-none-eabi/lib/thumb/v6-m/nofp\libc_nano.a(lib_a-signal.o)
                0x000000000800dfa8                raise
 .text._kill_r  0x000000000800dfbc       0x24 g:/st/stm32cubeide_1.9.0/stm32cubeide/plugins/com.st.stm32cube.ide.mcu.externaltools.gnu-tools-for-stm32.10.3-2021.10.win32_1.0.0.202111181127/tools/bin/../lib/gcc/arm-none-eabi/10.3.1/../../../../arm-none-eabi/lib/thumb/v6-m/nofp\libc_nano.a(lib_a-signalr.o)
                0x000000000800dfbc                _kill_r
 .text._getpid_r
                0x000000000800dfe0        0x8 g:/st/stm32cubeide_1.9.0/stm32cubeide/plugins/com.st.stm32cube.ide.mcu.externaltools.gnu-tools-for-stm32.10.3-2021.10.win32_1.0.0.202111181127/tools/bin/../lib/gcc/arm-none-eabi/10.3.1/../../../../arm-none-eabi/lib/thumb/v6-m/nofp\libc_nano.a(lib_a-signalr.o)
                0x000000000800dfe0                _getpid_r
 *(.glue_7)
 .glue_7        0x000000000800dfe8        0x0 linker stubs
 *(.glue_7t)
 .glue_7t       0x000000000800dfe8        0x0 linker stubs
 *(.eh_frame)
 .eh_frame      0x000000000800dfe8        0x0 g:/st/stm32cubeide_1.9.0/stm32cubeide/plugins/com.st.stm32cube.ide.mcu.externaltools.gnu-tools-for-stm32.10.3-2021.10.win32_1.0.0.202111181127/tools/bin/../lib/gcc/arm-none-eabi/10.3.1/thumb/v6-m/nofp/crtbegin.o
 *(.init)
 .init          0x000000000800dfe8        0x4 g:/st/stm32cubeide_1.9.0/stm32cubeide/plugins/com.st.stm32cube.ide.mcu.externaltools.gnu-tools-for-stm32.10.3-2021.10.win32_1.0.0.202111181127/tools/bin/../lib/gcc/arm-none-eabi/10.3.1/thumb/v6-m/nofp/crti.o
                0x000000000800dfe8                _init
 .init          0x000000000800dfec        0x8 g:/st/stm32cubeide_1.9.0/stm32cubeide/plugins/com.st.stm32cube.ide.mcu.externaltools.gnu-tools-for-stm32.10.3-2021.10.win32_1.0.0.202111181127/tools/bin/../lib/gcc/arm-none-eabi/10.3.1/thumb/v6-m/nofp/crtn.o
 *(.fini)
 .fini          0x000000000800dff4        0x4 g:/st/stm32cubeide_1.9.0/stm32cubeide/plugins/com.st.stm32cube.ide.mcu.externaltools.gnu-tools-for-stm32.10.3-2021.10.win32_1.0.0.202111181127/tools/bin/../lib/gcc/arm-none-eabi/10.3.1/thumb/v6-m/nofp/crti.o
                0x000000000800dff4                _fini
 .fini          0x000000000800dff8        0x8 g:/st/stm32cubeide_1.9.0/stm32cubeide/plugins/com.st.stm32cube.ide.mcu.externaltools.gnu-tools-for-stm32.10.3-2021.10.win32_1.0.0.202111181127/tools/bin/../lib/gcc/arm-none-eabi/10.3.1/thumb/v6-m/nofp/crtn.o
                0x000000000800e000                . = ALIGN (0x4)
                0x000000000800e000                _etext = .

.vfp11_veneer   0x000000000800e000        0x0
 .vfp11_veneer  0x000000000800e000        0x0 linker stubs

.v4_bx          0x000000000800e000        0x0
 .v4_bx         0x000000000800e000        0x0 linker stubs

.iplt           0x000000000800e000        0x0
 .iplt          0x000000000800e000        0x0 g:/st/stm32cubeide_1.9.0/stm32cubeide/plugins/com.st.stm32cube.ide.mcu.externaltools.gnu-tools-for-stm32.10.3-2021.10.win32_1.0.0.202111181127/tools/bin/../lib/gcc/arm-none-eabi/10.3.1/thumb/v6-m/nofp/crtbegin.o

.rodata         0x000000000800e000      0x5a4
                0x000000000800e000                . = ALIGN (0x4)
 *(.rodata)
 .rodata        0x000000000800e000       0x18 ./Core/Src/main.o
 .rodata        0x000000000800e018       0x80 g:/st/stm32cubeide_1.9.0/stm32cubeide/plugins/com.st.stm32cube.ide.mcu.externaltools.gnu-tools-for-stm32.10.3-2021.10.win32_1.0.0.202111181127/tools/bin/../lib/gcc/arm-none-eabi/10.3.1/thumb/v6-m/nofp\libgcc.a(divsf3.o)
 .rodata        0x000000000800e098       0x40 g:/st/stm32cubeide_1.9.0/stm32cubeide/plugins/com.st.stm32cube.ide.mcu.externaltools.gnu-tools-for-stm32.10.3-2021.10.win32_1.0.0.202111181127/tools/bin/../lib/gcc/arm-none-eabi/10.3.1/thumb/v6-m/nofp\libgcc.a(mulsf3.o)
 .rodata        0x000000000800e0d8       0x40 g:/st/stm32cubeide_1.9.0/stm32cubeide/plugins/com.st.stm32cube.ide.mcu.externaltools.gnu-tools-for-stm32.10.3-2021.10.win32_1.0.0.202111181127/tools/bin/../lib/gcc/arm-none-eabi/10.3.1/thumb/v6-m/nofp\libgcc.a(divdf3.o)
 .rodata        0x000000000800e118       0x40 g:/st/stm32cubeide_1.9.0/stm32cubeide/plugins/com.st.stm32cube.ide.mcu.externaltools.gnu-tools-for-stm32.10.3-2021.10.win32_1.0.0.202111181127/tools/bin/../lib/gcc/arm-none-eabi/10.3.1/thumb/v6-m/nofp\libgcc.a(muldf3.o)
 *(.rodata*)
 .rodata.AHBPrescTable
                0x000000000800e158       0x10 ./Core/Src/system_stm32l0xx.o
                0x000000000800e158                AHBPrescTable
 .rodata.APBPrescTable
                0x000000000800e168        0x8 ./Core/Src/system_stm32l0xx.o
                0x000000000800e168                APBPrescTable
 .rodata.PLLMulTable
                0x000000000800e170        0x9 ./Core/Src/system_stm32l0xx.o
                0x000000000800e170                PLLMulTable
 *fill*         0x000000000800e179        0x3 
 .rodata.UART_SetConfig
                0x000000000800e17c       0x48 ./Drivers/STM32L0xx_HAL_Driver/Src/stm32l0xx_hal_uart.o
 .rodata._global_impure_ptr
                0x000000000800e1c4        0x4 g:/st/stm32cubeide_1.9.0/stm32cubeide/plugins/com.st.stm32cube.ide.mcu.externaltools.gnu-tools-for-stm32.10.3-2021.10.win32_1.0.0.202111181127/tools/bin/../lib/gcc/arm-none-eabi/10.3.1/../../../../arm-none-eabi/lib/thumb/v6-m/nofp\libc_nano.a(lib_a-impure.o)
                0x000000000800e1c4                _global_impure_ptr
 .rodata._printf_float.str1.1
                0x000000000800e1c8       0x12 g:/st/stm32cubeide_1.9.0/stm32cubeide/plugins/com.st.stm32cube.ide.mcu.externaltools.gnu-tools-for-stm32.10.3-2021.10.win32_1.0.0.202111181127/tools/bin/../lib/gcc/arm-none-eabi/10.3.1/../../../../arm-none-eabi/lib/thumb/v6-m/nofp\libc_nano.a(lib_a-nano-vfprintf_float.o)
 .rodata._printf_i.str1.1
                0x000000000800e1da       0x22 g:/st/stm32cubeide_1.9.0/stm32cubeide/plugins/com.st.stm32cube.ide.mcu.externaltools.gnu-tools-for-stm32.10.3-2021.10.win32_1.0.0.202111181127/tools/bin/../lib/gcc/arm-none-eabi/10.3.1/../../../../arm-none-eabi/lib/thumb/v6-m/nofp\libc_nano.a(lib_a-nano-vfprintf_i.o)
 .rodata._ctype_
                0x000000000800e1fc      0x101 g:/st/stm32cubeide_1.9.0/stm32cubeide/plugins/com.st.stm32cube.ide.mcu.externaltools.gnu-tools-for-stm32.10.3-2021.10.win32_1.0.0.202111181127/tools/bin/../lib/gcc/arm-none-eabi/10.3.1/../../../../arm-none-eabi/lib/thumb/v6-m/nofp\libc_nano.a(lib_a-ctype_.o)
                0x000000000800e1fc                _ctype_
 .rodata._dtoa_r.str1.1